Secret Scanning	Set up job	Ôªø2026-02-09T16:07:22.6201905Z Current runner version: '2.331.0'
Secret Scanning	Set up job	2026-02-09T16:07:22.6233616Z ##[group]Runner Image Provisioner
Secret Scanning	Set up job	2026-02-09T16:07:22.6234812Z Hosted Compute Agent
Secret Scanning	Set up job	2026-02-09T16:07:22.6235768Z Version: 20260123.484
Secret Scanning	Set up job	2026-02-09T16:07:22.6236685Z Commit: 6bd6555ca37d84114959e1c76d2c01448ff61c5d
Secret Scanning	Set up job	2026-02-09T16:07:22.6237796Z Build Date: 2026-01-23T19:41:17Z
Secret Scanning	Set up job	2026-02-09T16:07:22.6238760Z Worker ID: {83c39d72-8b72-4d64-9391-9d11995fe5c1}
Secret Scanning	Set up job	2026-02-09T16:07:22.6240013Z Azure Region: eastus
Secret Scanning	Set up job	2026-02-09T16:07:22.6240840Z ##[endgroup]
Secret Scanning	Set up job	2026-02-09T16:07:22.6243182Z ##[group]Operating System
Secret Scanning	Set up job	2026-02-09T16:07:22.6244124Z Ubuntu
Secret Scanning	Set up job	2026-02-09T16:07:22.6244883Z 24.04.3
Secret Scanning	Set up job	2026-02-09T16:07:22.6245668Z LTS
Secret Scanning	Set up job	2026-02-09T16:07:22.6246382Z ##[endgroup]
Secret Scanning	Set up job	2026-02-09T16:07:22.6247195Z ##[group]Runner Image
Secret Scanning	Set up job	2026-02-09T16:07:22.6248011Z Image: ubuntu-24.04
Secret Scanning	Set up job	2026-02-09T16:07:22.6248953Z Version: 20260201.15.1
Secret Scanning	Set up job	2026-02-09T16:07:22.6250574Z Included Software: https://github.com/actions/runner-images/blob/ubuntu24/20260201.15/images/ubuntu/Ubuntu2404-Readme.md
Secret Scanning	Set up job	2026-02-09T16:07:22.6253632Z Image Release: https://github.com/actions/runner-images/releases/tag/ubuntu24%2F20260201.15
Secret Scanning	Set up job	2026-02-09T16:07:22.6255143Z ##[endgroup]
Secret Scanning	Set up job	2026-02-09T16:07:22.6256957Z ##[group]GITHUB_TOKEN Permissions
Secret Scanning	Set up job	2026-02-09T16:07:22.6259331Z Contents: read
Secret Scanning	Set up job	2026-02-09T16:07:22.6260262Z Metadata: read
Secret Scanning	Set up job	2026-02-09T16:07:22.6261167Z Packages: read
Secret Scanning	Set up job	2026-02-09T16:07:22.6262082Z ##[endgroup]
Secret Scanning	Set up job	2026-02-09T16:07:22.6264936Z Secret source: Actions
Secret Scanning	Set up job	2026-02-09T16:07:22.6265978Z Prepare workflow directory
Secret Scanning	Set up job	2026-02-09T16:07:22.6801270Z Prepare all required actions
Secret Scanning	Set up job	2026-02-09T16:07:22.6856442Z Getting action download info
Secret Scanning	Set up job	2026-02-09T16:07:23.5029293Z Download action repository 'actions/checkout@v4' (SHA:34e114876b0b11c390a56381ad16ebd13914f8d5)
Secret Scanning	Set up job	2026-02-09T16:07:23.6162815Z Download action repository 'gitleaks/gitleaks-action@v2' (SHA:ff98106e4c7b2bc287b24eaf42907196329070c7)
Secret Scanning	Set up job	2026-02-09T16:07:23.9690192Z Complete job name: Secret Scanning
Secret Scanning	Run actions/checkout@v4	Ôªø2026-02-09T16:07:24.0574858Z ##[group]Run actions/checkout@v4
Secret Scanning	Run actions/checkout@v4	2026-02-09T16:07:24.0576258Z with:
Secret Scanning	Run actions/checkout@v4	2026-02-09T16:07:24.0577021Z   fetch-depth: 0
Secret Scanning	Run actions/checkout@v4	2026-02-09T16:07:24.0577875Z   repository: adelfree2023-dev/KIMI
Secret Scanning	Run actions/checkout@v4	2026-02-09T16:07:24.0579179Z   token: ***
Secret Scanning	Run actions/checkout@v4	2026-02-09T16:07:24.0579942Z   ssh-strict: true
Secret Scanning	Run actions/checkout@v4	2026-02-09T16:07:24.0580752Z   ssh-user: git
Secret Scanning	Run actions/checkout@v4	2026-02-09T16:07:24.0581570Z   persist-credentials: true
Secret Scanning	Run actions/checkout@v4	2026-02-09T16:07:24.0582849Z   clean: true
Secret Scanning	Run actions/checkout@v4	2026-02-09T16:07:24.0583684Z   sparse-checkout-cone-mode: true
Secret Scanning	Run actions/checkout@v4	2026-02-09T16:07:24.0584693Z   fetch-tags: false
Secret Scanning	Run actions/checkout@v4	2026-02-09T16:07:24.0585498Z   show-progress: true
Secret Scanning	Run actions/checkout@v4	2026-02-09T16:07:24.0586335Z   lfs: false
Secret Scanning	Run actions/checkout@v4	2026-02-09T16:07:24.0587071Z   submodules: false
Secret Scanning	Run actions/checkout@v4	2026-02-09T16:07:24.0587911Z   set-safe-directory: true
Secret Scanning	Run actions/checkout@v4	2026-02-09T16:07:24.0589104Z env:
Secret Scanning	Run actions/checkout@v4	2026-02-09T16:07:24.0590249Z   DATABASE_URL: ***localhost:5432/test
Secret Scanning	Run actions/checkout@v4	2026-02-09T16:07:24.0591490Z   JWT_SECRET: test_secret_key_for_ci_environment_only_32
Secret Scanning	Run actions/checkout@v4	2026-02-09T16:07:24.0592865Z   MINIO_ENDPOINT: localhost
Secret Scanning	Run actions/checkout@v4	2026-02-09T16:07:24.0593801Z   MINIO_ACCESS_KEY: test_access_key
Secret Scanning	Run actions/checkout@v4	2026-02-09T16:07:24.0594868Z   MINIO_SECRET_KEY: test_secret_key
Secret Scanning	Run actions/checkout@v4	2026-02-09T16:07:24.0595889Z   ENABLE_S1_ENFORCEMENT: true
Secret Scanning	Run actions/checkout@v4	2026-02-09T16:07:24.0596788Z ##[endgroup]
Secret Scanning	Run actions/checkout@v4	2026-02-09T16:07:24.1715678Z Syncing repository: adelfree2023-dev/KIMI
Secret Scanning	Run actions/checkout@v4	2026-02-09T16:07:24.1718675Z ##[group]Getting Git version info
Secret Scanning	Run actions/checkout@v4	2026-02-09T16:07:24.1719947Z Working directory is '/home/runner/work/KIMI/KIMI'
Secret Scanning	Run actions/checkout@v4	2026-02-09T16:07:24.1722128Z [command]/usr/bin/git version
Secret Scanning	Run actions/checkout@v4	2026-02-09T16:07:24.1763027Z git version 2.52.0
Secret Scanning	Run actions/checkout@v4	2026-02-09T16:07:24.1790585Z ##[endgroup]
Secret Scanning	Run actions/checkout@v4	2026-02-09T16:07:24.1814952Z Temporarily overriding HOME='/home/runner/work/_temp/be93785d-eb4a-4b0c-9ea5-24181d236ed0' before making global git config changes
Secret Scanning	Run actions/checkout@v4	2026-02-09T16:07:24.1820106Z Adding repository directory to the temporary git global config as a safe directory
Secret Scanning	Run actions/checkout@v4	2026-02-09T16:07:24.1824119Z [command]/usr/bin/git config --global --add safe.directory /home/runner/work/KIMI/KIMI
Secret Scanning	Run actions/checkout@v4	2026-02-09T16:07:24.1860206Z Deleting the contents of '/home/runner/work/KIMI/KIMI'
Secret Scanning	Run actions/checkout@v4	2026-02-09T16:07:24.1864265Z ##[group]Initializing the repository
Secret Scanning	Run actions/checkout@v4	2026-02-09T16:07:24.1869234Z [command]/usr/bin/git init /home/runner/work/KIMI/KIMI
Secret Scanning	Run actions/checkout@v4	2026-02-09T16:07:24.1966385Z hint: Using 'master' as the name for the initial branch. This default branch name
Secret Scanning	Run actions/checkout@v4	2026-02-09T16:07:24.1969025Z hint: will change to "main" in Git 3.0. To configure the initial branch name
Secret Scanning	Run actions/checkout@v4	2026-02-09T16:07:24.1971616Z hint: to use in all of your new repositories, which will suppress this warning,
Secret Scanning	Run actions/checkout@v4	2026-02-09T16:07:24.1974462Z hint: call:
Secret Scanning	Run actions/checkout@v4	2026-02-09T16:07:24.1975771Z hint:
Secret Scanning	Run actions/checkout@v4	2026-02-09T16:07:24.1977397Z hint: 	git config --global init.defaultBranch <name>
Secret Scanning	Run actions/checkout@v4	2026-02-09T16:07:24.1979407Z hint:
Secret Scanning	Run actions/checkout@v4	2026-02-09T16:07:24.1981351Z hint: Names commonly chosen instead of 'master' are 'main', 'trunk' and
Secret Scanning	Run actions/checkout@v4	2026-02-09T16:07:24.1984863Z hint: 'development'. The just-created branch can be renamed via this command:
Secret Scanning	Run actions/checkout@v4	2026-02-09T16:07:24.1987380Z hint:
Secret Scanning	Run actions/checkout@v4	2026-02-09T16:07:24.1988604Z hint: 	git branch -m <name>
Secret Scanning	Run actions/checkout@v4	2026-02-09T16:07:24.1989864Z hint:
Secret Scanning	Run actions/checkout@v4	2026-02-09T16:07:24.1991107Z hint: Disable this message with "git config set advice.defaultBranchName false"
Secret Scanning	Run actions/checkout@v4	2026-02-09T16:07:24.1993351Z Initialized empty Git repository in /home/runner/work/KIMI/KIMI/.git/
Secret Scanning	Run actions/checkout@v4	2026-02-09T16:07:24.1998177Z [command]/usr/bin/git remote add origin https://github.com/adelfree2023-dev/KIMI
Secret Scanning	Run actions/checkout@v4	2026-02-09T16:07:24.2018170Z ##[endgroup]
Secret Scanning	Run actions/checkout@v4	2026-02-09T16:07:24.2020677Z ##[group]Disabling automatic garbage collection
Secret Scanning	Run actions/checkout@v4	2026-02-09T16:07:24.2023208Z [command]/usr/bin/git config --local gc.auto 0
Secret Scanning	Run actions/checkout@v4	2026-02-09T16:07:24.2051979Z ##[endgroup]
Secret Scanning	Run actions/checkout@v4	2026-02-09T16:07:24.2054301Z ##[group]Setting up auth
Secret Scanning	Run actions/checkout@v4	2026-02-09T16:07:24.2059462Z [command]/usr/bin/git config --local --name-only --get-regexp core\.sshCommand
Secret Scanning	Run actions/checkout@v4	2026-02-09T16:07:24.2092578Z [command]/usr/bin/git submodule foreach --recursive sh -c "git config --local --name-only --get-regexp 'core\.sshCommand' && git config --local --unset-all 'core.sshCommand' || :"
Secret Scanning	Run actions/checkout@v4	2026-02-09T16:07:24.2409413Z [command]/usr/bin/git config --local --name-only --get-regexp http\.https\:\/\/github\.com\/\.extraheader
Secret Scanning	Run actions/checkout@v4	2026-02-09T16:07:24.2438036Z [command]/usr/bin/git submodule foreach --recursive sh -c "git config --local --name-only --get-regexp 'http\.https\:\/\/github\.com\/\.extraheader' && git config --local --unset-all 'http.https://github.com/.extraheader' || :"
Secret Scanning	Run actions/checkout@v4	2026-02-09T16:07:24.2655481Z [command]/usr/bin/git config --local --name-only --get-regexp ^includeIf\.gitdir:
Secret Scanning	Run actions/checkout@v4	2026-02-09T16:07:24.2694688Z [command]/usr/bin/git submodule foreach --recursive git config --local --show-origin --name-only --get-regexp remote.origin.url
Secret Scanning	Run actions/checkout@v4	2026-02-09T16:07:24.2915139Z [command]/usr/bin/git config --local http.https://github.com/.extraheader AUTHORIZATION: basic ***
Secret Scanning	Run actions/checkout@v4	2026-02-09T16:07:24.2949172Z ##[endgroup]
Secret Scanning	Run actions/checkout@v4	2026-02-09T16:07:24.2951611Z ##[group]Fetching the repository
Secret Scanning	Run actions/checkout@v4	2026-02-09T16:07:24.2960520Z [command]/usr/bin/git -c protocol.version=2 fetch --prune --no-recurse-submodules origin +refs/heads/*:refs/remotes/origin/* +refs/tags/*:refs/tags/*
Secret Scanning	Run actions/checkout@v4	2026-02-09T16:07:24.6482475Z From https://github.com/adelfree2023-dev/KIMI
Secret Scanning	Run actions/checkout@v4	2026-02-09T16:07:24.6484436Z  * [new branch]      develop    -> origin/develop
Secret Scanning	Run actions/checkout@v4	2026-02-09T16:07:24.6485682Z  * [new branch]      main       -> origin/main
Secret Scanning	Run actions/checkout@v4	2026-02-09T16:07:24.6529360Z [command]/usr/bin/git branch --list --remote origin/develop
Secret Scanning	Run actions/checkout@v4	2026-02-09T16:07:24.6553780Z   origin/develop
Secret Scanning	Run actions/checkout@v4	2026-02-09T16:07:24.6564464Z [command]/usr/bin/git rev-parse refs/remotes/origin/develop
Secret Scanning	Run actions/checkout@v4	2026-02-09T16:07:24.6585982Z 5e49a5f4b199e7999cef98df380549eba239dac3
Secret Scanning	Run actions/checkout@v4	2026-02-09T16:07:24.6592949Z ##[endgroup]
Secret Scanning	Run actions/checkout@v4	2026-02-09T16:07:24.6594658Z ##[group]Determining the checkout info
Secret Scanning	Run actions/checkout@v4	2026-02-09T16:07:24.6596405Z ##[endgroup]
Secret Scanning	Run actions/checkout@v4	2026-02-09T16:07:24.6599832Z [command]/usr/bin/git sparse-checkout disable
Secret Scanning	Run actions/checkout@v4	2026-02-09T16:07:24.6643878Z [command]/usr/bin/git config --local --unset-all extensions.worktreeConfig
Secret Scanning	Run actions/checkout@v4	2026-02-09T16:07:24.6673452Z ##[group]Checking out the ref
Secret Scanning	Run actions/checkout@v4	2026-02-09T16:07:24.6677503Z [command]/usr/bin/git checkout --progress --force -B develop refs/remotes/origin/develop
Secret Scanning	Run actions/checkout@v4	2026-02-09T16:07:24.7043009Z Switched to a new branch 'develop'
Secret Scanning	Run actions/checkout@v4	2026-02-09T16:07:24.7045516Z branch 'develop' set up to track 'origin/develop'.
Secret Scanning	Run actions/checkout@v4	2026-02-09T16:07:24.7056319Z ##[endgroup]
Secret Scanning	Run actions/checkout@v4	2026-02-09T16:07:24.7092697Z [command]/usr/bin/git log -1 --format=%H
Secret Scanning	Run actions/checkout@v4	2026-02-09T16:07:24.7115011Z 5e49a5f4b199e7999cef98df380549eba239dac3
Secret Scanning	Gitleaks Scan	Ôªø2026-02-09T16:07:24.7338224Z ##[group]Run gitleaks/gitleaks-action@v2
Secret Scanning	Gitleaks Scan	2026-02-09T16:07:24.7339250Z env:
Secret Scanning	Gitleaks Scan	2026-02-09T16:07:24.7340358Z   DATABASE_URL: ***localhost:5432/test
Secret Scanning	Gitleaks Scan	2026-02-09T16:07:24.7341521Z   JWT_SECRET: test_secret_key_for_ci_environment_only_32
Secret Scanning	Gitleaks Scan	2026-02-09T16:07:24.7342958Z   MINIO_ENDPOINT: localhost
Secret Scanning	Gitleaks Scan	2026-02-09T16:07:24.7343863Z   MINIO_ACCESS_KEY: test_access_key
Secret Scanning	Gitleaks Scan	2026-02-09T16:07:24.7344827Z   MINIO_SECRET_KEY: test_secret_key
Secret Scanning	Gitleaks Scan	2026-02-09T16:07:24.7345789Z   ENABLE_S1_ENFORCEMENT: true
Secret Scanning	Gitleaks Scan	2026-02-09T16:07:24.7346958Z   GITHUB_TOKEN: ***
Secret Scanning	Gitleaks Scan	2026-02-09T16:07:24.7347735Z   GITLEAKS_LICENSE: free
Secret Scanning	Gitleaks Scan	2026-02-09T16:07:24.7348553Z ##[endgroup]
Secret Scanning	Gitleaks Scan	2026-02-09T16:07:25.1234571Z [adelfree2023-dev] is an individual user. No license key is required.
Secret Scanning	Gitleaks Scan	2026-02-09T16:07:25.1236293Z gitleaks version: 8.24.3
Secret Scanning	Gitleaks Scan	2026-02-09T16:07:25.1238318Z Version to install: 8.24.3 (target directory: /tmp/gitleaks-8.24.3)
Secret Scanning	Gitleaks Scan	2026-02-09T16:07:25.6020579Z Cache hit for: gitleaks-cache-8.24.3-linux-x64
Secret Scanning	Gitleaks Scan	2026-02-09T16:07:25.7165656Z Received 5717458 of 5717458 (100.0%), 63.4 MBs/sec
Secret Scanning	Gitleaks Scan	2026-02-09T16:07:25.7167102Z Cache Size: ~5 MB (5717458 B)
Secret Scanning	Gitleaks Scan	2026-02-09T16:07:25.7195704Z [command]/usr/bin/tar -xf /home/runner/work/_temp/8d4d2582-21f3-471e-be91-fd52eaed9c91/cache.tzst -P -C /home/runner/work/KIMI/KIMI --use-compress-program unzstd
Secret Scanning	Gitleaks Scan	2026-02-09T16:07:25.7527105Z Cache restored successfully
Secret Scanning	Gitleaks Scan	2026-02-09T16:07:25.7541308Z Gitleaks restored from cache
Secret Scanning	Gitleaks Scan	2026-02-09T16:07:25.7544270Z event type: push
Secret Scanning	Gitleaks Scan	2026-02-09T16:07:25.7546119Z gitleaks cmd: gitleaks detect --redact -v --exit-code=2 --report-format=sarif --report-path=results.sarif --log-level=debug --log-opts=-1
Secret Scanning	Gitleaks Scan	2026-02-09T16:07:25.7564248Z [command]/tmp/gitleaks-8.24.3/gitleaks detect --redact -v --exit-code=2 --report-format=sarif --report-path=results.sarif --log-level=debug --log-opts=-1
Secret Scanning	Gitleaks Scan	2026-02-09T16:07:26.0295034Z 
Secret Scanning	Gitleaks Scan	2026-02-09T16:07:26.0296318Z     ‚óã
Secret Scanning	Gitleaks Scan	2026-02-09T16:07:26.0296858Z     ‚îÇ‚ï≤
Secret Scanning	Gitleaks Scan	2026-02-09T16:07:26.0297247Z     ‚îÇ ‚óã
Secret Scanning	Gitleaks Scan	2026-02-09T16:07:26.0297612Z     ‚óã ‚ñë
Secret Scanning	Gitleaks Scan	2026-02-09T16:07:26.0297993Z     ‚ñë    gitleaks
Secret Scanning	Gitleaks Scan	2026-02-09T16:07:26.0298235Z 
Secret Scanning	Gitleaks Scan	2026-02-09T16:07:26.0298771Z [90m4:07PM[0m DBG using github.com/wasilibs/go-re2 regex engine
Secret Scanning	Gitleaks Scan	2026-02-09T16:07:26.0299704Z [90m4:07PM[0m DBG using existing gitleaks config .gitleaks.toml from `(--source)/.gitleaks.toml`
Secret Scanning	Gitleaks Scan	2026-02-09T16:07:26.1759730Z [90m4:07PM[0m DBG extending config with default config
Secret Scanning	Gitleaks Scan	2026-02-09T16:07:26.1774933Z [90m4:07PM[0m DBG executing: /usr/bin/git -C . log -p -U0 -1
Secret Scanning	Gitleaks Scan	2026-02-09T16:07:26.1812018Z [90m4:07PM[0m DBG SCM platform parsed from host [36mhost=[0mgithub.com [36mplatform=[0mgithub
Secret Scanning	Gitleaks Scan	2026-02-09T16:07:26.1824614Z [90m4:07PM[0m [32mINF[0m [1m1 commits scanned.[0m
Secret Scanning	Gitleaks Scan	2026-02-09T16:07:26.1825735Z [90m4:07PM[0m DBG Note: this number might be smaller than expected due to commits with no additions
Secret Scanning	Gitleaks Scan	2026-02-09T16:07:26.1826895Z [90m4:07PM[0m [32mINF[0m [1mscanned ~175 bytes (175 bytes) in 153ms[0m
Secret Scanning	Gitleaks Scan	2026-02-09T16:07:26.1827761Z [90m4:07PM[0m [32mINF[0m [1mno leaks found[0m
Secret Scanning	Gitleaks Scan	2026-02-09T16:07:26.1858597Z Artifact name is valid!
Secret Scanning	Gitleaks Scan	2026-02-09T16:07:26.1859472Z Root directory input is valid!
Secret Scanning	Gitleaks Scan	2026-02-09T16:07:26.2248917Z Beginning upload of artifact content to blob storage
Secret Scanning	Gitleaks Scan	2026-02-09T16:07:26.2623614Z Uploaded bytes 6748
Secret Scanning	Gitleaks Scan	2026-02-09T16:07:26.2792365Z Finished uploading artifact content to blob storage!
Secret Scanning	Gitleaks Scan	2026-02-09T16:07:26.2795869Z SHA256 digest of uploaded artifact zip is 4d390471fbb83c72cb87fdd696f5a2df268cb8eeb9b3f3075fa6f64a99c4d045
Secret Scanning	Gitleaks Scan	2026-02-09T16:07:26.2797150Z Finalizing artifact upload
Secret Scanning	Gitleaks Scan	2026-02-09T16:07:26.4294487Z Artifact gitleaks-results.sarif.zip successfully finalized. Artifact ID 5435003073
Secret Scanning	Gitleaks Scan	2026-02-09T16:07:26.4308333Z ‚úÖ No leaks detected
Secret Scanning	Post Run actions/checkout@v4	Ôªø2026-02-09T16:07:26.4495826Z Post job cleanup.
Secret Scanning	Post Run actions/checkout@v4	2026-02-09T16:07:26.5426003Z [command]/usr/bin/git version
Secret Scanning	Post Run actions/checkout@v4	2026-02-09T16:07:26.5461028Z git version 2.52.0
Secret Scanning	Post Run actions/checkout@v4	2026-02-09T16:07:26.5503027Z Temporarily overriding HOME='/home/runner/work/_temp/7a4687a5-b03e-4b29-a9a6-3f7fc44844a4' before making global git config changes
Secret Scanning	Post Run actions/checkout@v4	2026-02-09T16:07:26.5505243Z Adding repository directory to the temporary git global config as a safe directory
Secret Scanning	Post Run actions/checkout@v4	2026-02-09T16:07:26.5508548Z [command]/usr/bin/git config --global --add safe.directory /home/runner/work/KIMI/KIMI
Secret Scanning	Post Run actions/checkout@v4	2026-02-09T16:07:26.5544906Z [command]/usr/bin/git config --local --name-only --get-regexp core\.sshCommand
Secret Scanning	Post Run actions/checkout@v4	2026-02-09T16:07:26.5577211Z [command]/usr/bin/git submodule foreach --recursive sh -c "git config --local --name-only --get-regexp 'core\.sshCommand' && git config --local --unset-all 'core.sshCommand' || :"
Secret Scanning	Post Run actions/checkout@v4	2026-02-09T16:07:26.5805492Z [command]/usr/bin/git config --local --name-only --get-regexp http\.https\:\/\/github\.com\/\.extraheader
Secret Scanning	Post Run actions/checkout@v4	2026-02-09T16:07:26.5826653Z http.https://github.com/.extraheader
Secret Scanning	Post Run actions/checkout@v4	2026-02-09T16:07:26.5839717Z [command]/usr/bin/git config --local --unset-all http.https://github.com/.extraheader
Secret Scanning	Post Run actions/checkout@v4	2026-02-09T16:07:26.5871342Z [command]/usr/bin/git submodule foreach --recursive sh -c "git config --local --name-only --get-regexp 'http\.https\:\/\/github\.com\/\.extraheader' && git config --local --unset-all 'http.https://github.com/.extraheader' || :"
Secret Scanning	Post Run actions/checkout@v4	2026-02-09T16:07:26.6091583Z [command]/usr/bin/git config --local --name-only --get-regexp ^includeIf\.gitdir:
Secret Scanning	Post Run actions/checkout@v4	2026-02-09T16:07:26.6121894Z [command]/usr/bin/git submodule foreach --recursive git config --local --show-origin --name-only --get-regexp remote.origin.url
Secret Scanning	Complete job	Ôªø2026-02-09T16:07:26.6444264Z Cleaning up orphan processes
S1 Protocol Compliance Check	Set up job	Ôªø2026-02-09T16:07:31.6701311Z Current runner version: '2.331.0'
S1 Protocol Compliance Check	Set up job	2026-02-09T16:07:31.6724803Z ##[group]Runner Image Provisioner
S1 Protocol Compliance Check	Set up job	2026-02-09T16:07:31.6725637Z Hosted Compute Agent
S1 Protocol Compliance Check	Set up job	2026-02-09T16:07:31.6726154Z Version: 20260123.484
S1 Protocol Compliance Check	Set up job	2026-02-09T16:07:31.6726799Z Commit: 6bd6555ca37d84114959e1c76d2c01448ff61c5d
S1 Protocol Compliance Check	Set up job	2026-02-09T16:07:31.6727694Z Build Date: 2026-01-23T19:41:17Z
S1 Protocol Compliance Check	Set up job	2026-02-09T16:07:31.6728343Z Worker ID: {3c8f3116-b748-4f6a-9e27-d9230030a4b5}
S1 Protocol Compliance Check	Set up job	2026-02-09T16:07:31.6728998Z Azure Region: eastus2
S1 Protocol Compliance Check	Set up job	2026-02-09T16:07:31.6729634Z ##[endgroup]
S1 Protocol Compliance Check	Set up job	2026-02-09T16:07:31.6730986Z ##[group]Operating System
S1 Protocol Compliance Check	Set up job	2026-02-09T16:07:31.6731576Z Ubuntu
S1 Protocol Compliance Check	Set up job	2026-02-09T16:07:31.6732220Z 24.04.3
S1 Protocol Compliance Check	Set up job	2026-02-09T16:07:31.6732633Z LTS
S1 Protocol Compliance Check	Set up job	2026-02-09T16:07:31.6733105Z ##[endgroup]
S1 Protocol Compliance Check	Set up job	2026-02-09T16:07:31.6733631Z ##[group]Runner Image
S1 Protocol Compliance Check	Set up job	2026-02-09T16:07:31.6734180Z Image: ubuntu-24.04
S1 Protocol Compliance Check	Set up job	2026-02-09T16:07:31.6734648Z Version: 20260201.15.1
S1 Protocol Compliance Check	Set up job	2026-02-09T16:07:31.6735694Z Included Software: https://github.com/actions/runner-images/blob/ubuntu24/20260201.15/images/ubuntu/Ubuntu2404-Readme.md
S1 Protocol Compliance Check	Set up job	2026-02-09T16:07:31.6737716Z Image Release: https://github.com/actions/runner-images/releases/tag/ubuntu24%2F20260201.15
S1 Protocol Compliance Check	Set up job	2026-02-09T16:07:31.6738712Z ##[endgroup]
S1 Protocol Compliance Check	Set up job	2026-02-09T16:07:31.6739718Z ##[group]GITHUB_TOKEN Permissions
S1 Protocol Compliance Check	Set up job	2026-02-09T16:07:31.6741547Z Contents: read
S1 Protocol Compliance Check	Set up job	2026-02-09T16:07:31.6742126Z Metadata: read
S1 Protocol Compliance Check	Set up job	2026-02-09T16:07:31.6742626Z Packages: read
S1 Protocol Compliance Check	Set up job	2026-02-09T16:07:31.6743165Z ##[endgroup]
S1 Protocol Compliance Check	Set up job	2026-02-09T16:07:31.6745263Z Secret source: Actions
S1 Protocol Compliance Check	Set up job	2026-02-09T16:07:31.6745931Z Prepare workflow directory
S1 Protocol Compliance Check	Set up job	2026-02-09T16:07:31.7141072Z Prepare all required actions
S1 Protocol Compliance Check	Set up job	2026-02-09T16:07:31.7180155Z Getting action download info
S1 Protocol Compliance Check	Set up job	2026-02-09T16:07:32.3371914Z Download action repository 'actions/checkout@v4' (SHA:34e114876b0b11c390a56381ad16ebd13914f8d5)
S1 Protocol Compliance Check	Set up job	2026-02-09T16:07:32.4465387Z Download action repository 'oven-sh/setup-bun@v2' (SHA:3d267786b128fe76c2f16a390aa2448b815359f3)
S1 Protocol Compliance Check	Set up job	2026-02-09T16:07:32.8128530Z Complete job name: S1 Protocol Compliance Check
S1 Protocol Compliance Check	Run actions/checkout@v4	Ôªø2026-02-09T16:07:32.8832514Z ##[group]Run actions/checkout@v4
S1 Protocol Compliance Check	Run actions/checkout@v4	2026-02-09T16:07:32.8833488Z with:
S1 Protocol Compliance Check	Run actions/checkout@v4	2026-02-09T16:07:32.8833932Z   repository: adelfree2023-dev/KIMI
S1 Protocol Compliance Check	Run actions/checkout@v4	2026-02-09T16:07:32.8834701Z   token: ***
S1 Protocol Compliance Check	Run actions/checkout@v4	2026-02-09T16:07:32.8835114Z   ssh-strict: true
S1 Protocol Compliance Check	Run actions/checkout@v4	2026-02-09T16:07:32.8835558Z   ssh-user: git
S1 Protocol Compliance Check	Run actions/checkout@v4	2026-02-09T16:07:32.8835980Z   persist-credentials: true
S1 Protocol Compliance Check	Run actions/checkout@v4	2026-02-09T16:07:32.8836465Z   clean: true
S1 Protocol Compliance Check	Run actions/checkout@v4	2026-02-09T16:07:32.8837060Z   sparse-checkout-cone-mode: true
S1 Protocol Compliance Check	Run actions/checkout@v4	2026-02-09T16:07:32.8837589Z   fetch-depth: 1
S1 Protocol Compliance Check	Run actions/checkout@v4	2026-02-09T16:07:32.8838016Z   fetch-tags: false
S1 Protocol Compliance Check	Run actions/checkout@v4	2026-02-09T16:07:32.8838450Z   show-progress: true
S1 Protocol Compliance Check	Run actions/checkout@v4	2026-02-09T16:07:32.8838903Z   lfs: false
S1 Protocol Compliance Check	Run actions/checkout@v4	2026-02-09T16:07:32.8839292Z   submodules: false
S1 Protocol Compliance Check	Run actions/checkout@v4	2026-02-09T16:07:32.8839734Z   set-safe-directory: true
S1 Protocol Compliance Check	Run actions/checkout@v4	2026-02-09T16:07:32.8840442Z env:
S1 Protocol Compliance Check	Run actions/checkout@v4	2026-02-09T16:07:32.8841101Z   DATABASE_URL: ***localhost:5432/test
S1 Protocol Compliance Check	Run actions/checkout@v4	2026-02-09T16:07:32.8841743Z   JWT_SECRET: test_secret_key_for_ci_environment_only_32
S1 Protocol Compliance Check	Run actions/checkout@v4	2026-02-09T16:07:32.8842347Z   MINIO_ENDPOINT: localhost
S1 Protocol Compliance Check	Run actions/checkout@v4	2026-02-09T16:07:32.8842829Z   MINIO_ACCESS_KEY: test_access_key
S1 Protocol Compliance Check	Run actions/checkout@v4	2026-02-09T16:07:32.8843397Z   MINIO_SECRET_KEY: test_secret_key
S1 Protocol Compliance Check	Run actions/checkout@v4	2026-02-09T16:07:32.8843920Z   ENABLE_S1_ENFORCEMENT: true
S1 Protocol Compliance Check	Run actions/checkout@v4	2026-02-09T16:07:32.8844389Z ##[endgroup]
S1 Protocol Compliance Check	Run actions/checkout@v4	2026-02-09T16:07:32.9948326Z Syncing repository: adelfree2023-dev/KIMI
S1 Protocol Compliance Check	Run actions/checkout@v4	2026-02-09T16:07:32.9951462Z ##[group]Getting Git version info
S1 Protocol Compliance Check	Run actions/checkout@v4	2026-02-09T16:07:32.9952701Z Working directory is '/home/runner/work/KIMI/KIMI'
S1 Protocol Compliance Check	Run actions/checkout@v4	2026-02-09T16:07:32.9953953Z [command]/usr/bin/git version
S1 Protocol Compliance Check	Run actions/checkout@v4	2026-02-09T16:07:33.0025311Z git version 2.52.0
S1 Protocol Compliance Check	Run actions/checkout@v4	2026-02-09T16:07:33.0053534Z ##[endgroup]
S1 Protocol Compliance Check	Run actions/checkout@v4	2026-02-09T16:07:33.0076077Z Temporarily overriding HOME='/home/runner/work/_temp/4eda38d2-0903-4aba-b9e3-1752d4d56941' before making global git config changes
S1 Protocol Compliance Check	Run actions/checkout@v4	2026-02-09T16:07:33.0077681Z Adding repository directory to the temporary git global config as a safe directory
S1 Protocol Compliance Check	Run actions/checkout@v4	2026-02-09T16:07:33.0081982Z [command]/usr/bin/git config --global --add safe.directory /home/runner/work/KIMI/KIMI
S1 Protocol Compliance Check	Run actions/checkout@v4	2026-02-09T16:07:33.0125429Z Deleting the contents of '/home/runner/work/KIMI/KIMI'
S1 Protocol Compliance Check	Run actions/checkout@v4	2026-02-09T16:07:33.0129365Z ##[group]Initializing the repository
S1 Protocol Compliance Check	Run actions/checkout@v4	2026-02-09T16:07:33.0133363Z [command]/usr/bin/git init /home/runner/work/KIMI/KIMI
S1 Protocol Compliance Check	Run actions/checkout@v4	2026-02-09T16:07:33.0247568Z hint: Using 'master' as the name for the initial branch. This default branch name
S1 Protocol Compliance Check	Run actions/checkout@v4	2026-02-09T16:07:33.0249321Z hint: will change to "main" in Git 3.0. To configure the initial branch name
S1 Protocol Compliance Check	Run actions/checkout@v4	2026-02-09T16:07:33.0250979Z hint: to use in all of your new repositories, which will suppress this warning,
S1 Protocol Compliance Check	Run actions/checkout@v4	2026-02-09T16:07:33.0252116Z hint: call:
S1 Protocol Compliance Check	Run actions/checkout@v4	2026-02-09T16:07:33.0252863Z hint:
S1 Protocol Compliance Check	Run actions/checkout@v4	2026-02-09T16:07:33.0253879Z hint: 	git config --global init.defaultBranch <name>
S1 Protocol Compliance Check	Run actions/checkout@v4	2026-02-09T16:07:33.0255107Z hint:
S1 Protocol Compliance Check	Run actions/checkout@v4	2026-02-09T16:07:33.0256221Z hint: Names commonly chosen instead of 'master' are 'main', 'trunk' and
S1 Protocol Compliance Check	Run actions/checkout@v4	2026-02-09T16:07:33.0258233Z hint: 'development'. The just-created branch can be renamed via this command:
S1 Protocol Compliance Check	Run actions/checkout@v4	2026-02-09T16:07:33.0259653Z hint:
S1 Protocol Compliance Check	Run actions/checkout@v4	2026-02-09T16:07:33.0260372Z hint: 	git branch -m <name>
S1 Protocol Compliance Check	Run actions/checkout@v4	2026-02-09T16:07:33.0261179Z hint:
S1 Protocol Compliance Check	Run actions/checkout@v4	2026-02-09T16:07:33.0262251Z hint: Disable this message with "git config set advice.defaultBranchName false"
S1 Protocol Compliance Check	Run actions/checkout@v4	2026-02-09T16:07:33.0264155Z Initialized empty Git repository in /home/runner/work/KIMI/KIMI/.git/
S1 Protocol Compliance Check	Run actions/checkout@v4	2026-02-09T16:07:33.0267674Z [command]/usr/bin/git remote add origin https://github.com/adelfree2023-dev/KIMI
S1 Protocol Compliance Check	Run actions/checkout@v4	2026-02-09T16:07:33.0306217Z ##[endgroup]
S1 Protocol Compliance Check	Run actions/checkout@v4	2026-02-09T16:07:33.0307835Z ##[group]Disabling automatic garbage collection
S1 Protocol Compliance Check	Run actions/checkout@v4	2026-02-09T16:07:33.0311863Z [command]/usr/bin/git config --local gc.auto 0
S1 Protocol Compliance Check	Run actions/checkout@v4	2026-02-09T16:07:33.0342872Z ##[endgroup]
S1 Protocol Compliance Check	Run actions/checkout@v4	2026-02-09T16:07:33.0344271Z ##[group]Setting up auth
S1 Protocol Compliance Check	Run actions/checkout@v4	2026-02-09T16:07:33.0351291Z [command]/usr/bin/git config --local --name-only --get-regexp core\.sshCommand
S1 Protocol Compliance Check	Run actions/checkout@v4	2026-02-09T16:07:33.0384358Z [command]/usr/bin/git submodule foreach --recursive sh -c "git config --local --name-only --get-regexp 'core\.sshCommand' && git config --local --unset-all 'core.sshCommand' || :"
S1 Protocol Compliance Check	Run actions/checkout@v4	2026-02-09T16:07:33.0748338Z [command]/usr/bin/git config --local --name-only --get-regexp http\.https\:\/\/github\.com\/\.extraheader
S1 Protocol Compliance Check	Run actions/checkout@v4	2026-02-09T16:07:33.0781787Z [command]/usr/bin/git submodule foreach --recursive sh -c "git config --local --name-only --get-regexp 'http\.https\:\/\/github\.com\/\.extraheader' && git config --local --unset-all 'http.https://github.com/.extraheader' || :"
S1 Protocol Compliance Check	Run actions/checkout@v4	2026-02-09T16:07:33.1005595Z [command]/usr/bin/git config --local --name-only --get-regexp ^includeIf\.gitdir:
S1 Protocol Compliance Check	Run actions/checkout@v4	2026-02-09T16:07:33.1044638Z [command]/usr/bin/git submodule foreach --recursive git config --local --show-origin --name-only --get-regexp remote.origin.url
S1 Protocol Compliance Check	Run actions/checkout@v4	2026-02-09T16:07:33.1270826Z [command]/usr/bin/git config --local http.https://github.com/.extraheader AUTHORIZATION: basic ***
S1 Protocol Compliance Check	Run actions/checkout@v4	2026-02-09T16:07:33.1305142Z ##[endgroup]
S1 Protocol Compliance Check	Run actions/checkout@v4	2026-02-09T16:07:33.1306617Z ##[group]Fetching the repository
S1 Protocol Compliance Check	Run actions/checkout@v4	2026-02-09T16:07:33.1316287Z [command]/usr/bin/git -c protocol.version=2 fetch --no-tags --prune --no-recurse-submodules --depth=1 origin +5e49a5f4b199e7999cef98df380549eba239dac3:refs/remotes/origin/develop
S1 Protocol Compliance Check	Run actions/checkout@v4	2026-02-09T16:07:33.4366280Z From https://github.com/adelfree2023-dev/KIMI
S1 Protocol Compliance Check	Run actions/checkout@v4	2026-02-09T16:07:33.4375165Z  * [new ref]         5e49a5f4b199e7999cef98df380549eba239dac3 -> origin/develop
S1 Protocol Compliance Check	Run actions/checkout@v4	2026-02-09T16:07:33.4403544Z ##[endgroup]
S1 Protocol Compliance Check	Run actions/checkout@v4	2026-02-09T16:07:33.4404756Z ##[group]Determining the checkout info
S1 Protocol Compliance Check	Run actions/checkout@v4	2026-02-09T16:07:33.4406130Z ##[endgroup]
S1 Protocol Compliance Check	Run actions/checkout@v4	2026-02-09T16:07:33.4411718Z [command]/usr/bin/git sparse-checkout disable
S1 Protocol Compliance Check	Run actions/checkout@v4	2026-02-09T16:07:33.4457834Z [command]/usr/bin/git config --local --unset-all extensions.worktreeConfig
S1 Protocol Compliance Check	Run actions/checkout@v4	2026-02-09T16:07:33.4487696Z ##[group]Checking out the ref
S1 Protocol Compliance Check	Run actions/checkout@v4	2026-02-09T16:07:33.4491228Z [command]/usr/bin/git checkout --progress --force -B develop refs/remotes/origin/develop
S1 Protocol Compliance Check	Run actions/checkout@v4	2026-02-09T16:07:33.4777342Z Switched to a new branch 'develop'
S1 Protocol Compliance Check	Run actions/checkout@v4	2026-02-09T16:07:33.4779244Z branch 'develop' set up to track 'origin/develop'.
S1 Protocol Compliance Check	Run actions/checkout@v4	2026-02-09T16:07:33.4787196Z ##[endgroup]
S1 Protocol Compliance Check	Run actions/checkout@v4	2026-02-09T16:07:33.4825862Z [command]/usr/bin/git log -1 --format=%H
S1 Protocol Compliance Check	Run actions/checkout@v4	2026-02-09T16:07:33.4850066Z 5e49a5f4b199e7999cef98df380549eba239dac3
S1 Protocol Compliance Check	Run oven-sh/setup-bun@v2	Ôªø2026-02-09T16:07:33.5135662Z ##[group]Run oven-sh/setup-bun@v2
S1 Protocol Compliance Check	Run oven-sh/setup-bun@v2	2026-02-09T16:07:33.5136713Z with:
S1 Protocol Compliance Check	Run oven-sh/setup-bun@v2	2026-02-09T16:07:33.5137771Z   bun-version: latest
S1 Protocol Compliance Check	Run oven-sh/setup-bun@v2	2026-02-09T16:07:33.5138594Z   no-cache: false
S1 Protocol Compliance Check	Run oven-sh/setup-bun@v2	2026-02-09T16:07:33.5139650Z   token: ***
S1 Protocol Compliance Check	Run oven-sh/setup-bun@v2	2026-02-09T16:07:33.5140354Z env:
S1 Protocol Compliance Check	Run oven-sh/setup-bun@v2	2026-02-09T16:07:33.5141423Z   DATABASE_URL: ***localhost:5432/test
S1 Protocol Compliance Check	Run oven-sh/setup-bun@v2	2026-02-09T16:07:33.5142695Z   JWT_SECRET: test_secret_key_for_ci_environment_only_32
S1 Protocol Compliance Check	Run oven-sh/setup-bun@v2	2026-02-09T16:07:33.5143988Z   MINIO_ENDPOINT: localhost
S1 Protocol Compliance Check	Run oven-sh/setup-bun@v2	2026-02-09T16:07:33.5144938Z   MINIO_ACCESS_KEY: test_access_key
S1 Protocol Compliance Check	Run oven-sh/setup-bun@v2	2026-02-09T16:07:33.5145993Z   MINIO_SECRET_KEY: test_secret_key
S1 Protocol Compliance Check	Run oven-sh/setup-bun@v2	2026-02-09T16:07:33.5147142Z   ENABLE_S1_ENFORCEMENT: true
S1 Protocol Compliance Check	Run oven-sh/setup-bun@v2	2026-02-09T16:07:33.5148082Z ##[endgroup]
S1 Protocol Compliance Check	Run oven-sh/setup-bun@v2	2026-02-09T16:07:33.9910711Z Downloading a new version of Bun: https://github.com/oven-sh/bun/releases/download/bun-v1.3.9/bun-linux-x64.zip
S1 Protocol Compliance Check	Run oven-sh/setup-bun@v2	2026-02-09T16:07:34.3254198Z [command]/usr/bin/unzip -o -q /home/runner/work/_temp/8dc86113-b58b-43b3-bd0f-82cb19dde259.zip
S1 Protocol Compliance Check	Run oven-sh/setup-bun@v2	2026-02-09T16:07:35.0822992Z [command]/home/runner/.bun/bin/bun --revision
S1 Protocol Compliance Check	Run oven-sh/setup-bun@v2	2026-02-09T16:07:35.0862987Z 1.3.9+cf6cdbbba
S1 Protocol Compliance Check	Check S1 Environment File Exists	Ôªø2026-02-09T16:07:35.0999615Z ##[group]Run if [ ! -f "apps/api/.env.s1.local" ]; then
S1 Protocol Compliance Check	Check S1 Environment File Exists	2026-02-09T16:07:35.1000154Z [36;1mif [ ! -f "apps/api/.env.s1.local" ]; then[0m
S1 Protocol Compliance Check	Check S1 Environment File Exists	2026-02-09T16:07:35.1000612Z [36;1m  echo "‚ùå S1 Environment file not found (apps/api/.env.s1.local)"[0m
S1 Protocol Compliance Check	Check S1 Environment File Exists	2026-02-09T16:07:35.1001006Z [36;1m  exit 1[0m
S1 Protocol Compliance Check	Check S1 Environment File Exists	2026-02-09T16:07:35.1001217Z [36;1mfi[0m
S1 Protocol Compliance Check	Check S1 Environment File Exists	2026-02-09T16:07:35.1001569Z [36;1mecho "‚úÖ S1 Environment file exists"[0m
S1 Protocol Compliance Check	Check S1 Environment File Exists	2026-02-09T16:07:35.1039834Z shell: /usr/bin/bash -e {0}
S1 Protocol Compliance Check	Check S1 Environment File Exists	2026-02-09T16:07:35.1040136Z env:
S1 Protocol Compliance Check	Check S1 Environment File Exists	2026-02-09T16:07:35.1040799Z   DATABASE_URL: ***localhost:5432/test
S1 Protocol Compliance Check	Check S1 Environment File Exists	2026-02-09T16:07:35.1041172Z   JWT_SECRET: test_secret_key_for_ci_environment_only_32
S1 Protocol Compliance Check	Check S1 Environment File Exists	2026-02-09T16:07:35.1041519Z   MINIO_ENDPOINT: localhost
S1 Protocol Compliance Check	Check S1 Environment File Exists	2026-02-09T16:07:35.1041778Z   MINIO_ACCESS_KEY: test_access_key
S1 Protocol Compliance Check	Check S1 Environment File Exists	2026-02-09T16:07:35.1042062Z   MINIO_SECRET_KEY: test_secret_key
S1 Protocol Compliance Check	Check S1 Environment File Exists	2026-02-09T16:07:35.1042366Z   ENABLE_S1_ENFORCEMENT: true
S1 Protocol Compliance Check	Check S1 Environment File Exists	2026-02-09T16:07:35.1042622Z ##[endgroup]
S1 Protocol Compliance Check	Check S1 Environment File Exists	2026-02-09T16:07:35.1117146Z ‚úÖ S1 Environment file exists
S1 Protocol Compliance Check	Validate S1 Variables	Ôªø2026-02-09T16:07:35.1148145Z ##[group]Run echo "üîç Checking S1 Required Variables..."
S1 Protocol Compliance Check	Validate S1 Variables	2026-02-09T16:07:35.1148661Z [36;1mecho "üîç Checking S1 Required Variables..."[0m
S1 Protocol Compliance Check	Validate S1 Variables	2026-02-09T16:07:35.1149151Z [36;1mrequired_vars=("DATABASE_URL" "REDIS_URL" "S3_ENDPOINT" "TENANT_ISOLATION_MODE")[0m
S1 Protocol Compliance Check	Validate S1 Variables	2026-02-09T16:07:35.1149626Z [36;1mfor var in "${required_vars[@]}"; do[0m
S1 Protocol Compliance Check	Validate S1 Variables	2026-02-09T16:07:35.1149985Z [36;1m  if ! grep -q "^${var}=" apps/api/.env.s1.local; then[0m
S1 Protocol Compliance Check	Validate S1 Variables	2026-02-09T16:07:35.1150383Z [36;1m    echo "‚ùå Missing required S1 variable: ${var}"[0m
S1 Protocol Compliance Check	Validate S1 Variables	2026-02-09T16:07:35.1150701Z [36;1m    exit 1[0m
S1 Protocol Compliance Check	Validate S1 Variables	2026-02-09T16:07:35.1150925Z [36;1m  fi[0m
S1 Protocol Compliance Check	Validate S1 Variables	2026-02-09T16:07:35.1151130Z [36;1mdone[0m
S1 Protocol Compliance Check	Validate S1 Variables	2026-02-09T16:07:35.1151376Z [36;1mecho "‚úÖ All S1 required variables present"[0m
S1 Protocol Compliance Check	Validate S1 Variables	2026-02-09T16:07:35.1182080Z shell: /usr/bin/bash -e {0}
S1 Protocol Compliance Check	Validate S1 Variables	2026-02-09T16:07:35.1182385Z env:
S1 Protocol Compliance Check	Validate S1 Variables	2026-02-09T16:07:35.1182906Z   DATABASE_URL: ***localhost:5432/test
S1 Protocol Compliance Check	Validate S1 Variables	2026-02-09T16:07:35.1183266Z   JWT_SECRET: test_secret_key_for_ci_environment_only_32
S1 Protocol Compliance Check	Validate S1 Variables	2026-02-09T16:07:35.1183615Z   MINIO_ENDPOINT: localhost
S1 Protocol Compliance Check	Validate S1 Variables	2026-02-09T16:07:35.1183945Z   MINIO_ACCESS_KEY: test_access_key
S1 Protocol Compliance Check	Validate S1 Variables	2026-02-09T16:07:35.1184229Z   MINIO_SECRET_KEY: test_secret_key
S1 Protocol Compliance Check	Validate S1 Variables	2026-02-09T16:07:35.1184499Z   ENABLE_S1_ENFORCEMENT: true
S1 Protocol Compliance Check	Validate S1 Variables	2026-02-09T16:07:35.1184758Z ##[endgroup]
S1 Protocol Compliance Check	Validate S1 Variables	2026-02-09T16:07:35.1235922Z üîç Checking S1 Required Variables...
S1 Protocol Compliance Check	Validate S1 Variables	2026-02-09T16:07:35.1285687Z ‚úÖ All S1 required variables present
S1 Protocol Compliance Check	Verify S1 Isolation Mode	Ôªø2026-02-09T16:07:35.1314195Z ##[group]Run isolation_mode=$(grep "^TENANT_ISOLATION_MODE=" apps/api/.env.s1.local | cut -d= -f2 | tr -d '"')
S1 Protocol Compliance Check	Verify S1 Isolation Mode	2026-02-09T16:07:35.1315197Z [36;1misolation_mode=$(grep "^TENANT_ISOLATION_MODE=" apps/api/.env.s1.local | cut -d= -f2 | tr -d '"')[0m
S1 Protocol Compliance Check	Verify S1 Isolation Mode	2026-02-09T16:07:35.1315787Z [36;1mif [ "$isolation_mode" != "strict" ]; then[0m
S1 Protocol Compliance Check	Verify S1 Isolation Mode	2026-02-09T16:07:35.1316313Z [36;1m  echo "‚ùå TENANT_ISOLATION_MODE must be 'strict' for S1 compliance (found: ${isolation_mode})"[0m
S1 Protocol Compliance Check	Verify S1 Isolation Mode	2026-02-09T16:07:35.1316794Z [36;1m  exit 1[0m
S1 Protocol Compliance Check	Verify S1 Isolation Mode	2026-02-09T16:07:35.1317199Z [36;1mfi[0m
S1 Protocol Compliance Check	Verify S1 Isolation Mode	2026-02-09T16:07:35.1317454Z [36;1mecho "‚úÖ S1 Strict Isolation Mode verified"[0m
S1 Protocol Compliance Check	Verify S1 Isolation Mode	2026-02-09T16:07:35.1348222Z shell: /usr/bin/bash -e {0}
S1 Protocol Compliance Check	Verify S1 Isolation Mode	2026-02-09T16:07:35.1348500Z env:
S1 Protocol Compliance Check	Verify S1 Isolation Mode	2026-02-09T16:07:35.1349009Z   DATABASE_URL: ***localhost:5432/test
S1 Protocol Compliance Check	Verify S1 Isolation Mode	2026-02-09T16:07:35.1349361Z   JWT_SECRET: test_secret_key_for_ci_environment_only_32
S1 Protocol Compliance Check	Verify S1 Isolation Mode	2026-02-09T16:07:35.1349709Z   MINIO_ENDPOINT: localhost
S1 Protocol Compliance Check	Verify S1 Isolation Mode	2026-02-09T16:07:35.1349987Z   MINIO_ACCESS_KEY: test_access_key
S1 Protocol Compliance Check	Verify S1 Isolation Mode	2026-02-09T16:07:35.1350314Z   MINIO_SECRET_KEY: test_secret_key
S1 Protocol Compliance Check	Verify S1 Isolation Mode	2026-02-09T16:07:35.1350597Z   ENABLE_S1_ENFORCEMENT: true
S1 Protocol Compliance Check	Verify S1 Isolation Mode	2026-02-09T16:07:35.1350851Z ##[endgroup]
S1 Protocol Compliance Check	Verify S1 Isolation Mode	2026-02-09T16:07:35.1482609Z ‚úÖ S1 Strict Isolation Mode verified
S1 Protocol Compliance Check	Check S1 Schema Prefix	Ôªø2026-02-09T16:07:35.1519576Z ##[group]Run echo "üîç Checking for unauthorized public. schema references..."
S1 Protocol Compliance Check	Check S1 Schema Prefix	2026-02-09T16:07:35.1520200Z [36;1mecho "üîç Checking for unauthorized public. schema references..."[0m
S1 Protocol Compliance Check	Check S1 Schema Prefix	2026-02-09T16:07:35.1520632Z [36;1m# Debug: show all matches first[0m
S1 Protocol Compliance Check	Check S1 Schema Prefix	2026-02-09T16:07:35.1520925Z [36;1mecho "All matches:"[0m
S1 Protocol Compliance Check	Check S1 Schema Prefix	2026-02-09T16:07:35.1521391Z [36;1mgrep -rn "public\." packages/db/src --include="*.ts" --exclude="*.test.ts" --exclude="*.spec.ts"[0m
S1 Protocol Compliance Check	Check S1 Schema Prefix	2026-02-09T16:07:35.1521899Z [36;1m[0m
S1 Protocol Compliance Check	Check S1 Schema Prefix	2026-02-09T16:07:35.1522213Z [36;1m# Look for actual schema references like "public.table_name" [0m
S1 Protocol Compliance Check	Check S1 Schema Prefix	2026-02-09T16:07:35.1522684Z [36;1m# Exclude: audit_logs (S4 exception), comments, search_path uses[0m
S1 Protocol Compliance Check	Check S1 Schema Prefix	2026-02-09T16:07:35.1523308Z [36;1mviolations=$(grep -rn "public\." packages/db/src --include="*.ts" --exclude="*.test.ts" --exclude="*.spec.ts" | \[0m
S1 Protocol Compliance Check	Check S1 Schema Prefix	2026-02-09T16:07:35.1523859Z [36;1m  grep -vE "^\s*(//|\*)" | \[0m
S1 Protocol Compliance Check	Check S1 Schema Prefix	2026-02-09T16:07:35.1524175Z [36;1m  grep -v "audit_logs" | \[0m
S1 Protocol Compliance Check	Check S1 Schema Prefix	2026-02-09T16:07:35.1524454Z [36;1m  grep -v "node_modules" | \[0m
S1 Protocol Compliance Check	Check S1 Schema Prefix	2026-02-09T16:07:35.1524777Z [36;1m  grep -vE "//.*public\." | \[0m
S1 Protocol Compliance Check	Check S1 Schema Prefix	2026-02-09T16:07:35.1525080Z [36;1m  grep -vE "search_path.*public" | \[0m
S1 Protocol Compliance Check	Check S1 Schema Prefix	2026-02-09T16:07:35.1525420Z [36;1m  grep -v "getTenantTableName" | \[0m
S1 Protocol Compliance Check	Check S1 Schema Prefix	2026-02-09T16:07:35.1525728Z [36;1m  grep -v "tenant_" | \[0m
S1 Protocol Compliance Check	Check S1 Schema Prefix	2026-02-09T16:07:35.1525997Z [36;1m  head -5)[0m
S1 Protocol Compliance Check	Check S1 Schema Prefix	2026-02-09T16:07:35.1526242Z [36;1mif [ -n "$violations" ]; then[0m
S1 Protocol Compliance Check	Check S1 Schema Prefix	2026-02-09T16:07:35.1526645Z [36;1m  echo "‚ùå S1 Violation: Found unauthorized 'public.' schema references:"[0m
S1 Protocol Compliance Check	Check S1 Schema Prefix	2026-02-09T16:07:35.1527290Z [36;1m  echo "$violations"[0m
S1 Protocol Compliance Check	Check S1 Schema Prefix	2026-02-09T16:07:35.1527552Z [36;1m  exit 1[0m
S1 Protocol Compliance Check	Check S1 Schema Prefix	2026-02-09T16:07:35.1527758Z [36;1mfi[0m
S1 Protocol Compliance Check	Check S1 Schema Prefix	2026-02-09T16:07:35.1528036Z [36;1mecho "‚úÖ No unauthorized public. schema references"[0m
S1 Protocol Compliance Check	Check S1 Schema Prefix	2026-02-09T16:07:35.1561429Z shell: /usr/bin/bash -e {0}
S1 Protocol Compliance Check	Check S1 Schema Prefix	2026-02-09T16:07:35.1561720Z env:
S1 Protocol Compliance Check	Check S1 Schema Prefix	2026-02-09T16:07:35.1562224Z   DATABASE_URL: ***localhost:5432/test
S1 Protocol Compliance Check	Check S1 Schema Prefix	2026-02-09T16:07:35.1562578Z   JWT_SECRET: test_secret_key_for_ci_environment_only_32
S1 Protocol Compliance Check	Check S1 Schema Prefix	2026-02-09T16:07:35.1562948Z   MINIO_ENDPOINT: localhost
S1 Protocol Compliance Check	Check S1 Schema Prefix	2026-02-09T16:07:35.1563211Z   MINIO_ACCESS_KEY: test_access_key
S1 Protocol Compliance Check	Check S1 Schema Prefix	2026-02-09T16:07:35.1563501Z   MINIO_SECRET_KEY: test_secret_key
S1 Protocol Compliance Check	Check S1 Schema Prefix	2026-02-09T16:07:35.1563777Z   ENABLE_S1_ENFORCEMENT: true
S1 Protocol Compliance Check	Check S1 Schema Prefix	2026-02-09T16:07:35.1564029Z ##[endgroup]
S1 Protocol Compliance Check	Check S1 Schema Prefix	2026-02-09T16:07:35.1618439Z üîç Checking for unauthorized public. schema references...
S1 Protocol Compliance Check	Check S1 Schema Prefix	2026-02-09T16:07:35.1618869Z All matches:
S1 Protocol Compliance Check	Check S1 Schema Prefix	2026-02-09T16:07:35.1648055Z ##[error]Process completed with exit code 1.
S1 Protocol Compliance Check	Post Run actions/checkout@v4	Ôªø2026-02-09T16:07:35.1774671Z Post job cleanup.
S1 Protocol Compliance Check	Post Run actions/checkout@v4	2026-02-09T16:07:35.2692866Z [command]/usr/bin/git version
S1 Protocol Compliance Check	Post Run actions/checkout@v4	2026-02-09T16:07:35.2728298Z git version 2.52.0
S1 Protocol Compliance Check	Post Run actions/checkout@v4	2026-02-09T16:07:35.2769894Z Temporarily overriding HOME='/home/runner/work/_temp/8c78f211-4dba-4e93-a5a8-738a173359c4' before making global git config changes
S1 Protocol Compliance Check	Post Run actions/checkout@v4	2026-02-09T16:07:35.2770794Z Adding repository directory to the temporary git global config as a safe directory
S1 Protocol Compliance Check	Post Run actions/checkout@v4	2026-02-09T16:07:35.2774976Z [command]/usr/bin/git config --global --add safe.directory /home/runner/work/KIMI/KIMI
S1 Protocol Compliance Check	Post Run actions/checkout@v4	2026-02-09T16:07:35.2810271Z [command]/usr/bin/git config --local --name-only --get-regexp core\.sshCommand
S1 Protocol Compliance Check	Post Run actions/checkout@v4	2026-02-09T16:07:35.2841480Z [command]/usr/bin/git submodule foreach --recursive sh -c "git config --local --name-only --get-regexp 'core\.sshCommand' && git config --local --unset-all 'core.sshCommand' || :"
S1 Protocol Compliance Check	Post Run actions/checkout@v4	2026-02-09T16:07:35.3079108Z [command]/usr/bin/git config --local --name-only --get-regexp http\.https\:\/\/github\.com\/\.extraheader
S1 Protocol Compliance Check	Post Run actions/checkout@v4	2026-02-09T16:07:35.3102392Z http.https://github.com/.extraheader
S1 Protocol Compliance Check	Post Run actions/checkout@v4	2026-02-09T16:07:35.3115343Z [command]/usr/bin/git config --local --unset-all http.https://github.com/.extraheader
S1 Protocol Compliance Check	Post Run actions/checkout@v4	2026-02-09T16:07:35.3149925Z [command]/usr/bin/git submodule foreach --recursive sh -c "git config --local --name-only --get-regexp 'http\.https\:\/\/github\.com\/\.extraheader' && git config --local --unset-all 'http.https://github.com/.extraheader' || :"
S1 Protocol Compliance Check	Post Run actions/checkout@v4	2026-02-09T16:07:35.3373674Z [command]/usr/bin/git config --local --name-only --get-regexp ^includeIf\.gitdir:
S1 Protocol Compliance Check	Post Run actions/checkout@v4	2026-02-09T16:07:35.3403897Z [command]/usr/bin/git submodule foreach --recursive git config --local --show-origin --name-only --get-regexp remote.origin.url
S1 Protocol Compliance Check	Complete job	Ôªø2026-02-09T16:07:35.3729308Z Cleaning up orphan processes
Security Audit & Lint	Set up job	Ôªø2026-02-09T16:07:34.6437688Z Current runner version: '2.331.0'
Security Audit & Lint	Set up job	2026-02-09T16:07:34.6462748Z ##[group]Runner Image Provisioner
Security Audit & Lint	Set up job	2026-02-09T16:07:34.6463566Z Hosted Compute Agent
Security Audit & Lint	Set up job	2026-02-09T16:07:34.6464126Z Version: 20260123.484
Security Audit & Lint	Set up job	2026-02-09T16:07:34.6464734Z Commit: 6bd6555ca37d84114959e1c76d2c01448ff61c5d
Security Audit & Lint	Set up job	2026-02-09T16:07:34.6465446Z Build Date: 2026-01-23T19:41:17Z
Security Audit & Lint	Set up job	2026-02-09T16:07:34.6466128Z Worker ID: {913c062f-7867-4714-8d1a-9fda57220d8f}
Security Audit & Lint	Set up job	2026-02-09T16:07:34.6466813Z Azure Region: westus
Security Audit & Lint	Set up job	2026-02-09T16:07:34.6467367Z ##[endgroup]
Security Audit & Lint	Set up job	2026-02-09T16:07:34.6468779Z ##[group]Operating System
Security Audit & Lint	Set up job	2026-02-09T16:07:34.6469476Z Ubuntu
Security Audit & Lint	Set up job	2026-02-09T16:07:34.6469941Z 24.04.3
Security Audit & Lint	Set up job	2026-02-09T16:07:34.6470394Z LTS
Security Audit & Lint	Set up job	2026-02-09T16:07:34.6470826Z ##[endgroup]
Security Audit & Lint	Set up job	2026-02-09T16:07:34.6471393Z ##[group]Runner Image
Security Audit & Lint	Set up job	2026-02-09T16:07:34.6472134Z Image: ubuntu-24.04
Security Audit & Lint	Set up job	2026-02-09T16:07:34.6472593Z Version: 20260201.15.1
Security Audit & Lint	Set up job	2026-02-09T16:07:34.6473661Z Included Software: https://github.com/actions/runner-images/blob/ubuntu24/20260201.15/images/ubuntu/Ubuntu2404-Readme.md
Security Audit & Lint	Set up job	2026-02-09T16:07:34.6475319Z Image Release: https://github.com/actions/runner-images/releases/tag/ubuntu24%2F20260201.15
Security Audit & Lint	Set up job	2026-02-09T16:07:34.6476268Z ##[endgroup]
Security Audit & Lint	Set up job	2026-02-09T16:07:34.6477328Z ##[group]GITHUB_TOKEN Permissions
Security Audit & Lint	Set up job	2026-02-09T16:07:34.6479444Z Contents: read
Security Audit & Lint	Set up job	2026-02-09T16:07:34.6480095Z Metadata: read
Security Audit & Lint	Set up job	2026-02-09T16:07:34.6480560Z Packages: read
Security Audit & Lint	Set up job	2026-02-09T16:07:34.6481172Z ##[endgroup]
Security Audit & Lint	Set up job	2026-02-09T16:07:34.6483426Z Secret source: Actions
Security Audit & Lint	Set up job	2026-02-09T16:07:34.6484146Z Prepare workflow directory
Security Audit & Lint	Set up job	2026-02-09T16:07:34.6864606Z Prepare all required actions
Security Audit & Lint	Set up job	2026-02-09T16:07:34.6908585Z Getting action download info
Security Audit & Lint	Set up job	2026-02-09T16:07:35.3849819Z Download action repository 'actions/checkout@v4' (SHA:34e114876b0b11c390a56381ad16ebd13914f8d5)
Security Audit & Lint	Set up job	2026-02-09T16:07:35.5144942Z Download action repository 'oven-sh/setup-bun@v2' (SHA:3d267786b128fe76c2f16a390aa2448b815359f3)
Security Audit & Lint	Set up job	2026-02-09T16:07:36.7007119Z Complete job name: Security Audit & Lint
Security Audit & Lint	Run actions/checkout@v4	Ôªø2026-02-09T16:07:36.7720194Z ##[group]Run actions/checkout@v4
Security Audit & Lint	Run actions/checkout@v4	2026-02-09T16:07:36.7721154Z with:
Security Audit & Lint	Run actions/checkout@v4	2026-02-09T16:07:36.7721619Z   repository: adelfree2023-dev/KIMI
Security Audit & Lint	Run actions/checkout@v4	2026-02-09T16:07:36.7722628Z   token: ***
Security Audit & Lint	Run actions/checkout@v4	2026-02-09T16:07:36.7723089Z   ssh-strict: true
Security Audit & Lint	Run actions/checkout@v4	2026-02-09T16:07:36.7723535Z   ssh-user: git
Security Audit & Lint	Run actions/checkout@v4	2026-02-09T16:07:36.7724008Z   persist-credentials: true
Security Audit & Lint	Run actions/checkout@v4	2026-02-09T16:07:36.7724511Z   clean: true
Security Audit & Lint	Run actions/checkout@v4	2026-02-09T16:07:36.7724977Z   sparse-checkout-cone-mode: true
Security Audit & Lint	Run actions/checkout@v4	2026-02-09T16:07:36.7725508Z   fetch-depth: 1
Security Audit & Lint	Run actions/checkout@v4	2026-02-09T16:07:36.7725953Z   fetch-tags: false
Security Audit & Lint	Run actions/checkout@v4	2026-02-09T16:07:36.7726416Z   show-progress: true
Security Audit & Lint	Run actions/checkout@v4	2026-02-09T16:07:36.7726884Z   lfs: false
Security Audit & Lint	Run actions/checkout@v4	2026-02-09T16:07:36.7727295Z   submodules: false
Security Audit & Lint	Run actions/checkout@v4	2026-02-09T16:07:36.7727787Z   set-safe-directory: true
Security Audit & Lint	Run actions/checkout@v4	2026-02-09T16:07:36.7728542Z env:
Security Audit & Lint	Run actions/checkout@v4	2026-02-09T16:07:36.7729228Z   DATABASE_URL: ***localhost:5432/test
Security Audit & Lint	Run actions/checkout@v4	2026-02-09T16:07:36.7729902Z   JWT_SECRET: test_secret_key_for_ci_environment_only_32
Security Audit & Lint	Run actions/checkout@v4	2026-02-09T16:07:36.7730564Z   MINIO_ENDPOINT: localhost
Security Audit & Lint	Run actions/checkout@v4	2026-02-09T16:07:36.7731078Z   MINIO_ACCESS_KEY: test_access_key
Security Audit & Lint	Run actions/checkout@v4	2026-02-09T16:07:36.7731678Z   MINIO_SECRET_KEY: test_secret_key
Security Audit & Lint	Run actions/checkout@v4	2026-02-09T16:07:36.7732390Z   ENABLE_S1_ENFORCEMENT: true
Security Audit & Lint	Run actions/checkout@v4	2026-02-09T16:07:36.7732903Z ##[endgroup]
Security Audit & Lint	Run actions/checkout@v4	2026-02-09T16:07:36.8794796Z Syncing repository: adelfree2023-dev/KIMI
Security Audit & Lint	Run actions/checkout@v4	2026-02-09T16:07:36.8796719Z ##[group]Getting Git version info
Security Audit & Lint	Run actions/checkout@v4	2026-02-09T16:07:36.8797447Z Working directory is '/home/runner/work/KIMI/KIMI'
Security Audit & Lint	Run actions/checkout@v4	2026-02-09T16:07:36.8798453Z [command]/usr/bin/git version
Security Audit & Lint	Run actions/checkout@v4	2026-02-09T16:07:36.8885222Z git version 2.52.0
Security Audit & Lint	Run actions/checkout@v4	2026-02-09T16:07:36.8910707Z ##[endgroup]
Security Audit & Lint	Run actions/checkout@v4	2026-02-09T16:07:36.8924890Z Temporarily overriding HOME='/home/runner/work/_temp/77b8f14c-1404-45a4-9bd6-fc6dba1b7db4' before making global git config changes
Security Audit & Lint	Run actions/checkout@v4	2026-02-09T16:07:36.8927191Z Adding repository directory to the temporary git global config as a safe directory
Security Audit & Lint	Run actions/checkout@v4	2026-02-09T16:07:36.8936558Z [command]/usr/bin/git config --global --add safe.directory /home/runner/work/KIMI/KIMI
Security Audit & Lint	Run actions/checkout@v4	2026-02-09T16:07:36.8992089Z Deleting the contents of '/home/runner/work/KIMI/KIMI'
Security Audit & Lint	Run actions/checkout@v4	2026-02-09T16:07:36.8995781Z ##[group]Initializing the repository
Security Audit & Lint	Run actions/checkout@v4	2026-02-09T16:07:36.8999503Z [command]/usr/bin/git init /home/runner/work/KIMI/KIMI
Security Audit & Lint	Run actions/checkout@v4	2026-02-09T16:07:36.9219430Z hint: Using 'master' as the name for the initial branch. This default branch name
Security Audit & Lint	Run actions/checkout@v4	2026-02-09T16:07:36.9221263Z hint: will change to "main" in Git 3.0. To configure the initial branch name
Security Audit & Lint	Run actions/checkout@v4	2026-02-09T16:07:36.9223274Z hint: to use in all of your new repositories, which will suppress this warning,
Security Audit & Lint	Run actions/checkout@v4	2026-02-09T16:07:36.9224365Z hint: call:
Security Audit & Lint	Run actions/checkout@v4	2026-02-09T16:07:36.9225139Z hint:
Security Audit & Lint	Run actions/checkout@v4	2026-02-09T16:07:36.9226177Z hint: 	git config --global init.defaultBranch <name>
Security Audit & Lint	Run actions/checkout@v4	2026-02-09T16:07:36.9227497Z hint:
Security Audit & Lint	Run actions/checkout@v4	2026-02-09T16:07:36.9228750Z hint: Names commonly chosen instead of 'master' are 'main', 'trunk' and
Security Audit & Lint	Run actions/checkout@v4	2026-02-09T16:07:36.9230686Z hint: 'development'. The just-created branch can be renamed via this command:
Security Audit & Lint	Run actions/checkout@v4	2026-02-09T16:07:36.9232378Z hint:
Security Audit & Lint	Run actions/checkout@v4	2026-02-09T16:07:36.9233173Z hint: 	git branch -m <name>
Security Audit & Lint	Run actions/checkout@v4	2026-02-09T16:07:36.9234056Z hint:
Security Audit & Lint	Run actions/checkout@v4	2026-02-09T16:07:36.9235274Z hint: Disable this message with "git config set advice.defaultBranchName false"
Security Audit & Lint	Run actions/checkout@v4	2026-02-09T16:07:36.9237365Z Initialized empty Git repository in /home/runner/work/KIMI/KIMI/.git/
Security Audit & Lint	Run actions/checkout@v4	2026-02-09T16:07:36.9240480Z [command]/usr/bin/git remote add origin https://github.com/adelfree2023-dev/KIMI
Security Audit & Lint	Run actions/checkout@v4	2026-02-09T16:07:36.9275733Z ##[endgroup]
Security Audit & Lint	Run actions/checkout@v4	2026-02-09T16:07:36.9276593Z ##[group]Disabling automatic garbage collection
Security Audit & Lint	Run actions/checkout@v4	2026-02-09T16:07:36.9279703Z [command]/usr/bin/git config --local gc.auto 0
Security Audit & Lint	Run actions/checkout@v4	2026-02-09T16:07:36.9307772Z ##[endgroup]
Security Audit & Lint	Run actions/checkout@v4	2026-02-09T16:07:36.9308551Z ##[group]Setting up auth
Security Audit & Lint	Run actions/checkout@v4	2026-02-09T16:07:36.9314625Z [command]/usr/bin/git config --local --name-only --get-regexp core\.sshCommand
Security Audit & Lint	Run actions/checkout@v4	2026-02-09T16:07:36.9344806Z [command]/usr/bin/git submodule foreach --recursive sh -c "git config --local --name-only --get-regexp 'core\.sshCommand' && git config --local --unset-all 'core.sshCommand' || :"
Security Audit & Lint	Run actions/checkout@v4	2026-02-09T16:07:36.9713256Z [command]/usr/bin/git config --local --name-only --get-regexp http\.https\:\/\/github\.com\/\.extraheader
Security Audit & Lint	Run actions/checkout@v4	2026-02-09T16:07:36.9744597Z [command]/usr/bin/git submodule foreach --recursive sh -c "git config --local --name-only --get-regexp 'http\.https\:\/\/github\.com\/\.extraheader' && git config --local --unset-all 'http.https://github.com/.extraheader' || :"
Security Audit & Lint	Run actions/checkout@v4	2026-02-09T16:07:36.9960967Z [command]/usr/bin/git config --local --name-only --get-regexp ^includeIf\.gitdir:
Security Audit & Lint	Run actions/checkout@v4	2026-02-09T16:07:36.9992267Z [command]/usr/bin/git submodule foreach --recursive git config --local --show-origin --name-only --get-regexp remote.origin.url
Security Audit & Lint	Run actions/checkout@v4	2026-02-09T16:07:37.0214070Z [command]/usr/bin/git config --local http.https://github.com/.extraheader AUTHORIZATION: basic ***
Security Audit & Lint	Run actions/checkout@v4	2026-02-09T16:07:37.0247523Z ##[endgroup]
Security Audit & Lint	Run actions/checkout@v4	2026-02-09T16:07:37.0248497Z ##[group]Fetching the repository
Security Audit & Lint	Run actions/checkout@v4	2026-02-09T16:07:37.0255811Z [command]/usr/bin/git -c protocol.version=2 fetch --no-tags --prune --no-recurse-submodules --depth=1 origin +5e49a5f4b199e7999cef98df380549eba239dac3:refs/remotes/origin/develop
Security Audit & Lint	Run actions/checkout@v4	2026-02-09T16:07:37.8752990Z From https://github.com/adelfree2023-dev/KIMI
Security Audit & Lint	Run actions/checkout@v4	2026-02-09T16:07:37.8754477Z  * [new ref]         5e49a5f4b199e7999cef98df380549eba239dac3 -> origin/develop
Security Audit & Lint	Run actions/checkout@v4	2026-02-09T16:07:37.8785313Z ##[endgroup]
Security Audit & Lint	Run actions/checkout@v4	2026-02-09T16:07:37.8787202Z ##[group]Determining the checkout info
Security Audit & Lint	Run actions/checkout@v4	2026-02-09T16:07:37.8789293Z ##[endgroup]
Security Audit & Lint	Run actions/checkout@v4	2026-02-09T16:07:37.8793945Z [command]/usr/bin/git sparse-checkout disable
Security Audit & Lint	Run actions/checkout@v4	2026-02-09T16:07:37.8835887Z [command]/usr/bin/git config --local --unset-all extensions.worktreeConfig
Security Audit & Lint	Run actions/checkout@v4	2026-02-09T16:07:37.8861868Z ##[group]Checking out the ref
Security Audit & Lint	Run actions/checkout@v4	2026-02-09T16:07:37.8865384Z [command]/usr/bin/git checkout --progress --force -B develop refs/remotes/origin/develop
Security Audit & Lint	Run actions/checkout@v4	2026-02-09T16:07:37.9163414Z Switched to a new branch 'develop'
Security Audit & Lint	Run actions/checkout@v4	2026-02-09T16:07:37.9167581Z branch 'develop' set up to track 'origin/develop'.
Security Audit & Lint	Run actions/checkout@v4	2026-02-09T16:07:37.9181871Z ##[endgroup]
Security Audit & Lint	Run actions/checkout@v4	2026-02-09T16:07:37.9216296Z [command]/usr/bin/git log -1 --format=%H
Security Audit & Lint	Run actions/checkout@v4	2026-02-09T16:07:37.9239832Z 5e49a5f4b199e7999cef98df380549eba239dac3
Security Audit & Lint	Run oven-sh/setup-bun@v2	Ôªø2026-02-09T16:07:37.9534039Z ##[group]Run oven-sh/setup-bun@v2
Security Audit & Lint	Run oven-sh/setup-bun@v2	2026-02-09T16:07:37.9535045Z with:
Security Audit & Lint	Run oven-sh/setup-bun@v2	2026-02-09T16:07:37.9535982Z   bun-version: latest
Security Audit & Lint	Run oven-sh/setup-bun@v2	2026-02-09T16:07:37.9536779Z   no-cache: false
Security Audit & Lint	Run oven-sh/setup-bun@v2	2026-02-09T16:07:37.9537805Z   token: ***
Security Audit & Lint	Run oven-sh/setup-bun@v2	2026-02-09T16:07:37.9538478Z env:
Security Audit & Lint	Run oven-sh/setup-bun@v2	2026-02-09T16:07:37.9539510Z   DATABASE_URL: ***localhost:5432/test
Security Audit & Lint	Run oven-sh/setup-bun@v2	2026-02-09T16:07:37.9540740Z   JWT_SECRET: test_secret_key_for_ci_environment_only_32
Security Audit & Lint	Run oven-sh/setup-bun@v2	2026-02-09T16:07:37.9542137Z   MINIO_ENDPOINT: localhost
Security Audit & Lint	Run oven-sh/setup-bun@v2	2026-02-09T16:07:37.9543081Z   MINIO_ACCESS_KEY: test_access_key
Security Audit & Lint	Run oven-sh/setup-bun@v2	2026-02-09T16:07:37.9544111Z   MINIO_SECRET_KEY: test_secret_key
Security Audit & Lint	Run oven-sh/setup-bun@v2	2026-02-09T16:07:37.9545131Z   ENABLE_S1_ENFORCEMENT: true
Security Audit & Lint	Run oven-sh/setup-bun@v2	2026-02-09T16:07:37.9546025Z ##[endgroup]
Security Audit & Lint	Run oven-sh/setup-bun@v2	2026-02-09T16:07:38.5479962Z Downloading a new version of Bun: https://github.com/oven-sh/bun/releases/download/bun-v1.3.9/bun-linux-x64.zip
Security Audit & Lint	Run oven-sh/setup-bun@v2	2026-02-09T16:07:39.6983078Z [command]/usr/bin/unzip -o -q /home/runner/work/_temp/3237914c-b839-4799-9527-3b0254d128b2.zip
Security Audit & Lint	Run oven-sh/setup-bun@v2	2026-02-09T16:07:40.4479962Z [command]/home/runner/.bun/bin/bun --revision
Security Audit & Lint	Run oven-sh/setup-bun@v2	2026-02-09T16:07:40.4519480Z 1.3.9+cf6cdbbba
Security Audit & Lint	Install Dependencies	Ôªø2026-02-09T16:07:40.4645827Z ##[group]Run bun install
Security Audit & Lint	Install Dependencies	2026-02-09T16:07:40.4646159Z [36;1mbun install[0m
Security Audit & Lint	Install Dependencies	2026-02-09T16:07:40.4684543Z shell: /usr/bin/bash -e {0}
Security Audit & Lint	Install Dependencies	2026-02-09T16:07:40.4684799Z env:
Security Audit & Lint	Install Dependencies	2026-02-09T16:07:40.4685277Z   DATABASE_URL: ***localhost:5432/test
Security Audit & Lint	Install Dependencies	2026-02-09T16:07:40.4685596Z   JWT_SECRET: test_secret_key_for_ci_environment_only_32
Security Audit & Lint	Install Dependencies	2026-02-09T16:07:40.4685896Z   MINIO_ENDPOINT: localhost
Security Audit & Lint	Install Dependencies	2026-02-09T16:07:40.4686129Z   MINIO_ACCESS_KEY: test_access_key
Security Audit & Lint	Install Dependencies	2026-02-09T16:07:40.4686366Z   MINIO_SECRET_KEY: test_secret_key
Security Audit & Lint	Install Dependencies	2026-02-09T16:07:40.4686602Z   ENABLE_S1_ENFORCEMENT: true
Security Audit & Lint	Install Dependencies	2026-02-09T16:07:40.4686819Z ##[endgroup]
Security Audit & Lint	Install Dependencies	2026-02-09T16:07:40.4780937Z bun install v1.3.9 (cf6cdbbb)
Security Audit & Lint	Install Dependencies	2026-02-09T16:07:46.0646520Z 
Security Audit & Lint	Install Dependencies	2026-02-09T16:07:46.0647311Z $ echo 'Run: bun install'
Security Audit & Lint	Install Dependencies	2026-02-09T16:07:46.0660922Z Run: bun install
Security Audit & Lint	Install Dependencies	2026-02-09T16:07:46.0663845Z 
Security Audit & Lint	Install Dependencies	2026-02-09T16:07:46.0665567Z + @biomejs/biome@1.5.3
Security Audit & Lint	Install Dependencies	2026-02-09T16:07:46.0666413Z + @types/express@4.17.25
Security Audit & Lint	Install Dependencies	2026-02-09T16:07:46.0666994Z + @types/node@20.19.33
Security Audit & Lint	Install Dependencies	2026-02-09T16:07:46.0667388Z + @vitest/coverage-istanbul@1.6.1
Security Audit & Lint	Install Dependencies	2026-02-09T16:07:46.0667912Z + @vitest/coverage-v8@1.6.1
Security Audit & Lint	Install Dependencies	2026-02-09T16:07:46.0668274Z + bun-types@1.3.9
Security Audit & Lint	Install Dependencies	2026-02-09T16:07:46.0668576Z + cross-env@10.1.0
Security Audit & Lint	Install Dependencies	2026-02-09T16:07:46.0668899Z + dependency-cruiser@17.3.8
Security Audit & Lint	Install Dependencies	2026-02-09T16:07:46.0669259Z + express@4.22.1
Security Audit & Lint	Install Dependencies	2026-02-09T16:07:46.0669569Z + redis@5.10.0
Security Audit & Lint	Install Dependencies	2026-02-09T16:07:46.0669911Z + reflect-metadata@0.2.2
Security Audit & Lint	Install Dependencies	2026-02-09T16:07:46.0670256Z + turbo@2.8.3
Security Audit & Lint	Install Dependencies	2026-02-09T16:07:46.0670655Z + vitest@1.6.1
Security Audit & Lint	Install Dependencies	2026-02-09T16:07:46.0670964Z + @nestjs/swagger@11.2.6
Security Audit & Lint	Install Dependencies	2026-02-09T16:07:46.0671296Z + js-yaml@4.1.1
Security Audit & Lint	Install Dependencies	2026-02-09T16:07:46.0671600Z + swagger-ui-express@5.0.1
Security Audit & Lint	Install Dependencies	2026-02-09T16:07:46.0672035Z 
Security Audit & Lint	Install Dependencies	2026-02-09T16:07:46.0672191Z 1787 packages installed [5.59s]
Security Audit & Lint	JSON Syntax Validation	Ôªø2026-02-09T16:07:46.1313913Z ##[group]Run echo "üîç Running Elite JSON Validation..."
Security Audit & Lint	JSON Syntax Validation	2026-02-09T16:07:46.1314612Z [36;1mecho "üîç Running Elite JSON Validation..."[0m
Security Audit & Lint	JSON Syntax Validation	2026-02-09T16:07:46.1315837Z [36;1mfind . -name "*.json" -not -path "*/node_modules/*" -not -path "*/dist/*" -not -path "*/.next/*" -not -path "*/.turbo/*" -print0 | xargs -0 node scripts/validate-json.js[0m
Security Audit & Lint	JSON Syntax Validation	2026-02-09T16:07:46.1360865Z shell: /usr/bin/bash -e {0}
Security Audit & Lint	JSON Syntax Validation	2026-02-09T16:07:46.1361247Z env:
Security Audit & Lint	JSON Syntax Validation	2026-02-09T16:07:46.1362086Z   DATABASE_URL: ***localhost:5432/test
Security Audit & Lint	JSON Syntax Validation	2026-02-09T16:07:46.1362617Z   JWT_SECRET: test_secret_key_for_ci_environment_only_32
Security Audit & Lint	JSON Syntax Validation	2026-02-09T16:07:46.1363144Z   MINIO_ENDPOINT: localhost
Security Audit & Lint	JSON Syntax Validation	2026-02-09T16:07:46.1363506Z   MINIO_ACCESS_KEY: test_access_key
Security Audit & Lint	JSON Syntax Validation	2026-02-09T16:07:46.1363907Z   MINIO_SECRET_KEY: test_secret_key
Security Audit & Lint	JSON Syntax Validation	2026-02-09T16:07:46.1364298Z   ENABLE_S1_ENFORCEMENT: true
Security Audit & Lint	JSON Syntax Validation	2026-02-09T16:07:46.1364648Z ##[endgroup]
Security Audit & Lint	JSON Syntax Validation	2026-02-09T16:07:46.1431547Z üîç Running Elite JSON Validation...
Security Audit & Lint	JSON Syntax Validation	2026-02-09T16:07:46.3957876Z ‚úÖ All JSON files passed elite validation
Security Audit & Lint	JSON Syntax Validation	2026-02-09T16:07:46.3968111Z (node:2259) [MODULE_TYPELESS_PACKAGE_JSON] Warning: Module type of file:///home/runner/work/KIMI/KIMI/scripts/validate-json.js is not specified and it doesn't parse as CommonJS.
Security Audit & Lint	JSON Syntax Validation	2026-02-09T16:07:46.3970281Z Reparsing as ES module because module syntax was detected. This incurs a performance overhead.
Security Audit & Lint	JSON Syntax Validation	2026-02-09T16:07:46.3973333Z To eliminate this warning, add "type": "module" to /home/runner/work/KIMI/KIMI/package.json.
Security Audit & Lint	JSON Syntax Validation	2026-02-09T16:07:46.3974413Z (Use `node --trace-warnings ...` to show where the warning was created)
Security Audit & Lint	Biome Lint Check	Ôªø2026-02-09T16:07:46.4154019Z ##[group]Run bun run lint
Security Audit & Lint	Biome Lint Check	2026-02-09T16:07:46.4154451Z [36;1mbun run lint[0m
Security Audit & Lint	Biome Lint Check	2026-02-09T16:07:46.4191645Z shell: /usr/bin/bash -e {0}
Security Audit & Lint	Biome Lint Check	2026-02-09T16:07:46.4192021Z env:
Security Audit & Lint	Biome Lint Check	2026-02-09T16:07:46.4192534Z   DATABASE_URL: ***localhost:5432/test
Security Audit & Lint	Biome Lint Check	2026-02-09T16:07:46.4192849Z   JWT_SECRET: test_secret_key_for_ci_environment_only_32
Security Audit & Lint	Biome Lint Check	2026-02-09T16:07:46.4193138Z   MINIO_ENDPOINT: localhost
Security Audit & Lint	Biome Lint Check	2026-02-09T16:07:46.4193366Z   MINIO_ACCESS_KEY: test_access_key
Security Audit & Lint	Biome Lint Check	2026-02-09T16:07:46.4193597Z   MINIO_SECRET_KEY: test_secret_key
Security Audit & Lint	Biome Lint Check	2026-02-09T16:07:46.4193827Z   ENABLE_S1_ENFORCEMENT: true
Security Audit & Lint	Biome Lint Check	2026-02-09T16:07:46.4194033Z ##[endgroup]
Security Audit & Lint	Biome Lint Check	2026-02-09T16:07:46.4268014Z $ turbo run lint
Security Audit & Lint	Biome Lint Check	2026-02-09T16:07:46.4819894Z 
Security Audit & Lint	Biome Lint Check	2026-02-09T16:07:46.4824270Z Attention:
Security Audit & Lint	Biome Lint Check	2026-02-09T16:07:46.4828453Z Turborepo now collects completely anonymous telemetry regarding usage.
Security Audit & Lint	Biome Lint Check	2026-02-09T16:07:46.4833187Z This information is used to shape the Turborepo roadmap and prioritize features.
Security Audit & Lint	Biome Lint Check	2026-02-09T16:07:46.4838021Z You can learn more, including how to opt-out if you'd not like to participate in this anonymous program, by visiting the following URL:
Security Audit & Lint	Biome Lint Check	2026-02-09T16:07:46.4843825Z https://turborepo.dev/docs/telemetry
Security Audit & Lint	Biome Lint Check	2026-02-09T16:07:46.4844616Z 
Security Audit & Lint	Biome Lint Check	2026-02-09T16:07:46.5209429Z  WARNING  Unable to calculate transitive closures: Workspace 'packages/validators' not found in lockfile.
Security Audit & Lint	Biome Lint Check	2026-02-09T16:07:46.5249838Z ‚Ä¢ Packages in scope: @apex/audit, @apex/auth, @apex/config, @apex/db, @apex/events, @apex/export, @apex/middleware, @apex/provisioning, @apex/security, @apex/template-config, @apex/template-loader, @apex/template-security, @apex/template-validator, @apex/test-utils, @apex/ui, @apex/validators, @apex/web, api
Security Audit & Lint	Biome Lint Check	2026-02-09T16:07:46.5257596Z ‚Ä¢ Running lint in 18 packages
Security Audit & Lint	Biome Lint Check	2026-02-09T16:07:46.5258063Z ‚Ä¢ Remote caching disabled
Security Audit & Lint	Biome Lint Check	2026-02-09T16:07:51.0269205Z ##[group]@apex/ui:build
Security Audit & Lint	Biome Lint Check	2026-02-09T16:07:51.0273545Z cache miss, executing a861db64977daca6
Security Audit & Lint	Biome Lint Check	2026-02-09T16:07:51.0277121Z 
Security Audit & Lint	Biome Lint Check	2026-02-09T16:07:51.0278295Z > @apex/ui@1.0.0 build
Security Audit & Lint	Biome Lint Check	2026-02-09T16:07:51.0279022Z > tsup src/index.ts --format cjs,esm --dts --external react,react-dom --tsconfig ./tsconfig.json
Security Audit & Lint	Biome Lint Check	2026-02-09T16:07:51.0279951Z 
Security Audit & Lint	Biome Lint Check	2026-02-09T16:07:51.0280976Z [34mCLI[39m Building entry: src/index.ts
Security Audit & Lint	Biome Lint Check	2026-02-09T16:07:51.0281599Z [34mCLI[39m Using tsconfig: tsconfig.json
Security Audit & Lint	Biome Lint Check	2026-02-09T16:07:51.0282393Z [34mCLI[39m tsup v8.5.1
Security Audit & Lint	Biome Lint Check	2026-02-09T16:07:51.0282847Z [34mCLI[39m Target: esnext
Security Audit & Lint	Biome Lint Check	2026-02-09T16:07:51.0292750Z [34mCJS[39m Build start
Security Audit & Lint	Biome Lint Check	2026-02-09T16:07:51.0293460Z [34mESM[39m Build start
Security Audit & Lint	Biome Lint Check	2026-02-09T16:07:51.0295331Z [33mCJS[39m [33mYou have emitDecoratorMetadata enabled but @swc/core was not installed, skipping swc plugin[39m
Security Audit & Lint	Biome Lint Check	2026-02-09T16:07:51.0296922Z [33mESM[39m [33mYou have emitDecoratorMetadata enabled but @swc/core was not installed, skipping swc plugin[39m
Security Audit & Lint	Biome Lint Check	2026-02-09T16:07:51.0298174Z [32mESM[39m [1mdist/index.js [22m[32m2.42 KB[39m
Security Audit & Lint	Biome Lint Check	2026-02-09T16:07:51.0298811Z [32mESM[39m ‚ö°Ô∏è Build success in 26ms
Security Audit & Lint	Biome Lint Check	2026-02-09T16:07:51.0299423Z [32mCJS[39m [1mdist/index.cjs [22m[32m3.55 KB[39m
Security Audit & Lint	Biome Lint Check	2026-02-09T16:07:51.0300049Z [32mCJS[39m ‚ö°Ô∏è Build success in 27ms
Security Audit & Lint	Biome Lint Check	2026-02-09T16:07:51.0300576Z [34mDTS[39m Build start
Security Audit & Lint	Biome Lint Check	2026-02-09T16:07:51.0301053Z [32mDTS[39m ‚ö°Ô∏è Build success in 2913ms
Security Audit & Lint	Biome Lint Check	2026-02-09T16:07:51.0301911Z [32mDTS[39m [1mdist/index.d.cts [22m[32m3.62 KB[39m
Security Audit & Lint	Biome Lint Check	2026-02-09T16:07:51.0306903Z [32mDTS[39m [1mdist/index.d.ts  [22m[32m3.62 KB[39m
Security Audit & Lint	Biome Lint Check	2026-02-09T16:07:51.0307761Z ##[endgroup]
Security Audit & Lint	Biome Lint Check	2026-02-09T16:07:51.3558318Z ##[group]@apex/config:lint
Security Audit & Lint	Biome Lint Check	2026-02-09T16:07:51.3558984Z cache miss, executing 3e1ea1e7135d4dc1
Security Audit & Lint	Biome Lint Check	2026-02-09T16:07:51.3560896Z 
Security Audit & Lint	Biome Lint Check	2026-02-09T16:07:51.3561365Z > @apex/config@1.0.0 lint
Security Audit & Lint	Biome Lint Check	2026-02-09T16:07:51.3562014Z > biome check .
Security Audit & Lint	Biome Lint Check	2026-02-09T16:07:51.3562452Z 
Security Audit & Lint	Biome Lint Check	2026-02-09T16:07:51.3562779Z Checked 4 file(s) in 15ms
Security Audit & Lint	Biome Lint Check	2026-02-09T16:07:51.3563511Z ##[endgroup]
Security Audit & Lint	Biome Lint Check	2026-02-09T16:07:53.1389275Z ##[group]@apex/validators:build
Security Audit & Lint	Biome Lint Check	2026-02-09T16:07:53.1403877Z cache miss, executing 2cc5eb68758b220d
Security Audit & Lint	Biome Lint Check	2026-02-09T16:07:53.1407946Z 
Security Audit & Lint	Biome Lint Check	2026-02-09T16:07:53.1412455Z > @apex/validators@1.0.0 build
Security Audit & Lint	Biome Lint Check	2026-02-09T16:07:53.1414648Z > cross-env NODE_OPTIONS=--max-old-space-size=8192 tsup
Security Audit & Lint	Biome Lint Check	2026-02-09T16:07:53.1418649Z 
Security Audit & Lint	Biome Lint Check	2026-02-09T16:07:53.1420967Z [34mCLI[39m Building entry: {"index":"src/index.ts","storefront/index":"src/storefront/index.ts"}
Security Audit & Lint	Biome Lint Check	2026-02-09T16:07:53.1476570Z [34mCLI[39m Using tsconfig: tsconfig.json
Security Audit & Lint	Biome Lint Check	2026-02-09T16:07:53.1482751Z [34mCLI[39m tsup v8.5.1
Security Audit & Lint	Biome Lint Check	2026-02-09T16:07:53.1483900Z [34mCLI[39m Using tsup config: /home/runner/work/KIMI/KIMI/packages/validators/tsup.config.ts
Security Audit & Lint	Biome Lint Check	2026-02-09T16:07:53.1485405Z [34mCLI[39m Target: es2020
Security Audit & Lint	Biome Lint Check	2026-02-09T16:07:53.1507736Z [34mCLI[39m Cleaning output folder
Security Audit & Lint	Biome Lint Check	2026-02-09T16:07:53.1508488Z [34mCJS[39m Build start
Security Audit & Lint	Biome Lint Check	2026-02-09T16:07:53.1509858Z [34mESM[39m Build start
Security Audit & Lint	Biome Lint Check	2026-02-09T16:07:53.1510462Z [32mESM[39m [1mdist/index.mjs                [22m[32m20.80 KB[39m
Security Audit & Lint	Biome Lint Check	2026-02-09T16:07:53.1511308Z [32mESM[39m [1mdist/storefront/index.mjs     [22m[32m20.80 KB[39m
Security Audit & Lint	Biome Lint Check	2026-02-09T16:07:53.1512306Z [32mESM[39m [1mdist/index.mjs.map            [22m[32m38.46 KB[39m
Security Audit & Lint	Biome Lint Check	2026-02-09T16:07:53.1513115Z [32mESM[39m [1mdist/storefront/index.mjs.map [22m[32m38.48 KB[39m
Security Audit & Lint	Biome Lint Check	2026-02-09T16:07:53.1513830Z [32mESM[39m ‚ö°Ô∏è Build success in 47ms
Security Audit & Lint	Biome Lint Check	2026-02-09T16:07:53.1514483Z [32mCJS[39m [1mdist/index.js                [22m[32m25.04 KB[39m
Security Audit & Lint	Biome Lint Check	2026-02-09T16:07:53.1515306Z [32mCJS[39m [1mdist/storefront/index.js     [22m[32m25.07 KB[39m
Security Audit & Lint	Biome Lint Check	2026-02-09T16:07:53.1516121Z [32mCJS[39m [1mdist/index.js.map            [22m[32m39.06 KB[39m
Security Audit & Lint	Biome Lint Check	2026-02-09T16:07:53.1516939Z [32mCJS[39m [1mdist/storefront/index.js.map [22m[32m38.88 KB[39m
Security Audit & Lint	Biome Lint Check	2026-02-09T16:07:53.1517604Z [32mCJS[39m ‚ö°Ô∏è Build success in 51ms
Security Audit & Lint	Biome Lint Check	2026-02-09T16:07:53.1518079Z [34mDTS[39m Build start
Security Audit & Lint	Biome Lint Check	2026-02-09T16:07:53.1518523Z [32mDTS[39m ‚ö°Ô∏è Build success in 4999ms
Security Audit & Lint	Biome Lint Check	2026-02-09T16:07:53.1519207Z [32mDTS[39m [1mdist/index.d.ts             [22m[32m37.54 KB[39m
Security Audit & Lint	Biome Lint Check	2026-02-09T16:07:53.1519990Z [32mDTS[39m [1mdist/storefront/index.d.ts  [22m[32m880.00 B[39m
Security Audit & Lint	Biome Lint Check	2026-02-09T16:07:53.1520751Z [32mDTS[39m [1mdist/index.d.mts            [22m[32m37.54 KB[39m
Security Audit & Lint	Biome Lint Check	2026-02-09T16:07:53.1521527Z [32mDTS[39m [1mdist/storefront/index.d.mts [22m[32m881.00 B[39m
Security Audit & Lint	Biome Lint Check	2026-02-09T16:07:53.1522613Z ##[endgroup]
Security Audit & Lint	Biome Lint Check	2026-02-09T16:07:53.4502234Z ##[group]@apex/security:lint
Security Audit & Lint	Biome Lint Check	2026-02-09T16:07:53.4503212Z cache miss, executing 675e79b2a8f05e99
Security Audit & Lint	Biome Lint Check	2026-02-09T16:07:53.4503679Z 
Security Audit & Lint	Biome Lint Check	2026-02-09T16:07:53.4503906Z > @apex/security@1.0.0 lint
Security Audit & Lint	Biome Lint Check	2026-02-09T16:07:53.4504280Z > biome check .
Security Audit & Lint	Biome Lint Check	2026-02-09T16:07:53.4504456Z 
Security Audit & Lint	Biome Lint Check	2026-02-09T16:07:53.4504586Z Checked 6 file(s) in 18ms
Security Audit & Lint	Biome Lint Check	2026-02-09T16:07:53.4505238Z ##[endgroup]
Security Audit & Lint	Biome Lint Check	2026-02-09T16:07:54.3397484Z ##[group]@apex/config:build
Security Audit & Lint	Biome Lint Check	2026-02-09T16:07:54.3399316Z cache miss, executing 7aa912bcb5ce7dd9
Security Audit & Lint	Biome Lint Check	2026-02-09T16:07:54.3399768Z 
Security Audit & Lint	Biome Lint Check	2026-02-09T16:07:54.3399990Z > @apex/config@1.0.0 build
Security Audit & Lint	Biome Lint Check	2026-02-09T16:07:54.3400922Z > tsc -p tsconfig.json --outDir ./dist --declaration --declarationMap --sourceMap && echo 'Build completed'
Security Audit & Lint	Biome Lint Check	2026-02-09T16:07:54.3401883Z 
Security Audit & Lint	Biome Lint Check	2026-02-09T16:07:54.3402147Z Build completed
Security Audit & Lint	Biome Lint Check	2026-02-09T16:07:54.3402780Z ##[endgroup]
Security Audit & Lint	Biome Lint Check	2026-02-09T16:07:54.7834745Z [;31m@apex/web:lint[;0m
Security Audit & Lint	Biome Lint Check	2026-02-09T16:07:54.7840490Z cache miss, executing 32fe0486633ba5f9
Security Audit & Lint	Biome Lint Check	2026-02-09T16:07:54.7844522Z 
Security Audit & Lint	Biome Lint Check	2026-02-09T16:07:54.7847870Z > @apex/web@1.0.0 lint
Security Audit & Lint	Biome Lint Check	2026-02-09T16:07:54.7851405Z > next lint
Security Audit & Lint	Biome Lint Check	2026-02-09T16:07:54.7855448Z 
Security Audit & Lint	Biome Lint Check	2026-02-09T16:07:54.7859143Z Invalid project directory provided, no such directory: /home/runner/work/KIMI/KIMI/apps/web/lint
Security Audit & Lint	Biome Lint Check	2026-02-09T16:07:54.7863377Z npm error Lifecycle script `lint` failed with error:
Security Audit & Lint	Biome Lint Check	2026-02-09T16:07:54.7864705Z npm error code 1
Security Audit & Lint	Biome Lint Check	2026-02-09T16:07:54.7866263Z npm error path /home/runner/work/KIMI/KIMI/apps/web
Security Audit & Lint	Biome Lint Check	2026-02-09T16:07:54.7869184Z npm error workspace @apex/web@1.0.0
Security Audit & Lint	Biome Lint Check	2026-02-09T16:07:54.7870109Z npm error location /home/runner/work/KIMI/KIMI/apps/web
Security Audit & Lint	Biome Lint Check	2026-02-09T16:07:54.7873673Z npm error command failed
Security Audit & Lint	Biome Lint Check	2026-02-09T16:07:54.7874069Z npm error command sh -c next lint
Security Audit & Lint	Biome Lint Check	2026-02-09T16:07:54.7874996Z [ERROR] command finished with error: command (/home/runner/work/KIMI/KIMI/apps/web) /usr/local/bin/npm run lint exited (1)
Security Audit & Lint	Biome Lint Check	2026-02-09T16:07:54.7896532Z ##[group]@apex/db:build
Security Audit & Lint	Biome Lint Check	2026-02-09T16:07:54.7898540Z cache miss, executing e6f377cd5a89beec
Security Audit & Lint	Biome Lint Check	2026-02-09T16:07:54.7899272Z ##[endgroup]
Security Audit & Lint	Biome Lint Check	2026-02-09T16:07:54.7913028Z ##[group]@apex/db:lint
Security Audit & Lint	Biome Lint Check	2026-02-09T16:07:54.7913473Z cache miss, executing c3627d1fe7632e41
Security Audit & Lint	Biome Lint Check	2026-02-09T16:07:54.7914203Z ##[endgroup]
Security Audit & Lint	Biome Lint Check	2026-02-09T16:07:54.8075047Z ##[group]@apex/template-config:build
Security Audit & Lint	Biome Lint Check	2026-02-09T16:07:54.8076418Z cache miss, executing 5c02dc632be8df9e
Security Audit & Lint	Biome Lint Check	2026-02-09T16:07:54.8102624Z ##[error]@apex/web#lint: command (/home/runner/work/KIMI/KIMI/apps/web) /usr/local/bin/npm run lint exited (1)
Security Audit & Lint	Biome Lint Check	2026-02-09T16:07:54.8109786Z 
Security Audit & Lint	Biome Lint Check	2026-02-09T16:07:54.8109935Z > @apex/template-config@1.0.0 build
Security Audit & Lint	Biome Lint Check	2026-02-09T16:07:54.8110198Z > tsup
Security Audit & Lint	Biome Lint Check	2026-02-09T16:07:54.8110298Z 
Security Audit & Lint	Biome Lint Check	2026-02-09T16:07:54.8110625Z [34mCLI[39m Building entry: src/index.ts
Security Audit & Lint	Biome Lint Check	2026-02-09T16:07:54.8110943Z [34mCLI[39m Using tsconfig: tsconfig.json
Security Audit & Lint	Biome Lint Check	2026-02-09T16:07:54.8111228Z [34mCLI[39m tsup v8.5.1
Security Audit & Lint	Biome Lint Check	2026-02-09T16:07:54.8111911Z [34mCLI[39m Using tsup config: /home/runner/work/KIMI/KIMI/packages/template-config/tsup.config.ts
Security Audit & Lint	Biome Lint Check	2026-02-09T16:07:54.8112655Z [34mCLI[39m Target: esnext
Security Audit & Lint	Biome Lint Check	2026-02-09T16:07:54.8112919Z [34mCLI[39m Cleaning output folder
Security Audit & Lint	Biome Lint Check	2026-02-09T16:07:54.8113187Z [34mCJS[39m Build start
Security Audit & Lint	Biome Lint Check	2026-02-09T16:07:54.8113407Z [34mESM[39m Build start
Security Audit & Lint	Biome Lint Check	2026-02-09T16:07:54.8113929Z [33mCJS[39m [33mYou have emitDecoratorMetadata enabled but @swc/core was not installed, skipping swc plugin[39m
Security Audit & Lint	Biome Lint Check	2026-02-09T16:07:54.8114727Z [33mESM[39m [33mYou have emitDecoratorMetadata enabled but @swc/core was not installed, skipping swc plugin[39m
Security Audit & Lint	Biome Lint Check	2026-02-09T16:07:54.8115286Z [32mCJS[39m [1mdist/index.js [22m[32m2.17 KB[39m
Security Audit & Lint	Biome Lint Check	2026-02-09T16:07:54.8115623Z [32mCJS[39m ‚ö°Ô∏è Build success in 37ms
Security Audit & Lint	Biome Lint Check	2026-02-09T16:07:54.8115953Z [32mESM[39m [1mdist/index.mjs [22m[32m1.59 KB[39m
Security Audit & Lint	Biome Lint Check	2026-02-09T16:07:54.8116284Z [32mESM[39m ‚ö°Ô∏è Build success in 36ms
Security Audit & Lint	Biome Lint Check	2026-02-09T16:07:54.8116530Z [34mDTS[39m Build start
Security Audit & Lint	Biome Lint Check	2026-02-09T16:07:54.8116906Z ##[endgroup]
Security Audit & Lint	Biome Lint Check	2026-02-09T16:07:54.8117108Z  ERROR  run failed: command  exited (1)
Security Audit & Lint	Biome Lint Check	2026-02-09T16:07:54.8117284Z 
Security Audit & Lint	Biome Lint Check	2026-02-09T16:07:54.8117364Z  Tasks:    5 successful, 9 total
Security Audit & Lint	Biome Lint Check	2026-02-09T16:07:54.8117583Z Cached:    0 cached, 9 total
Security Audit & Lint	Biome Lint Check	2026-02-09T16:07:54.8117782Z   Time:    8.3s 
Security Audit & Lint	Biome Lint Check	2026-02-09T16:07:54.8117954Z Failed:    @apex/web#lint
Security Audit & Lint	Biome Lint Check	2026-02-09T16:07:54.8118078Z 
Security Audit & Lint	Biome Lint Check	2026-02-09T16:07:54.9647174Z error: script "lint" exited with code 1
Security Audit & Lint	Biome Lint Check	2026-02-09T16:07:54.9658118Z ##[error]Process completed with exit code 1.
Security Audit & Lint	Post Run actions/checkout@v4	Ôªø2026-02-09T16:07:54.9769164Z Post job cleanup.
Security Audit & Lint	Post Run actions/checkout@v4	2026-02-09T16:07:55.0719696Z [command]/usr/bin/git version
Security Audit & Lint	Post Run actions/checkout@v4	2026-02-09T16:07:55.0756098Z git version 2.52.0
Security Audit & Lint	Post Run actions/checkout@v4	2026-02-09T16:07:55.0798980Z Temporarily overriding HOME='/home/runner/work/_temp/fbdb892e-93ca-47d5-8886-e85b5eb4f0f4' before making global git config changes
Security Audit & Lint	Post Run actions/checkout@v4	2026-02-09T16:07:55.0799837Z Adding repository directory to the temporary git global config as a safe directory
Security Audit & Lint	Post Run actions/checkout@v4	2026-02-09T16:07:55.0804634Z [command]/usr/bin/git config --global --add safe.directory /home/runner/work/KIMI/KIMI
Security Audit & Lint	Post Run actions/checkout@v4	2026-02-09T16:07:55.0839497Z [command]/usr/bin/git config --local --name-only --get-regexp core\.sshCommand
Security Audit & Lint	Post Run actions/checkout@v4	2026-02-09T16:07:55.0871293Z [command]/usr/bin/git submodule foreach --recursive sh -c "git config --local --name-only --get-regexp 'core\.sshCommand' && git config --local --unset-all 'core.sshCommand' || :"
Security Audit & Lint	Post Run actions/checkout@v4	2026-02-09T16:07:55.1108810Z [command]/usr/bin/git config --local --name-only --get-regexp http\.https\:\/\/github\.com\/\.extraheader
Security Audit & Lint	Post Run actions/checkout@v4	2026-02-09T16:07:55.1129818Z http.https://github.com/.extraheader
Security Audit & Lint	Post Run actions/checkout@v4	2026-02-09T16:07:55.1143455Z [command]/usr/bin/git config --local --unset-all http.https://github.com/.extraheader
Security Audit & Lint	Post Run actions/checkout@v4	2026-02-09T16:07:55.1178409Z [command]/usr/bin/git submodule foreach --recursive sh -c "git config --local --name-only --get-regexp 'http\.https\:\/\/github\.com\/\.extraheader' && git config --local --unset-all 'http.https://github.com/.extraheader' || :"
Security Audit & Lint	Post Run actions/checkout@v4	2026-02-09T16:07:55.1401595Z [command]/usr/bin/git config --local --name-only --get-regexp ^includeIf\.gitdir:
Security Audit & Lint	Post Run actions/checkout@v4	2026-02-09T16:07:55.1434977Z [command]/usr/bin/git submodule foreach --recursive git config --local --show-origin --name-only --get-regexp remote.origin.url
Security Audit & Lint	Complete job	Ôªø2026-02-09T16:07:55.1765106Z Cleaning up orphan processes
CI Summary	Set up job	Ôªø2026-02-09T16:08:01.4711992Z Current runner version: '2.331.0'
CI Summary	Set up job	2026-02-09T16:08:01.4748012Z ##[group]Runner Image Provisioner
CI Summary	Set up job	2026-02-09T16:08:01.4749222Z Hosted Compute Agent
CI Summary	Set up job	2026-02-09T16:08:01.4750049Z Version: 20260123.484
CI Summary	Set up job	2026-02-09T16:08:01.4751336Z Commit: 6bd6555ca37d84114959e1c76d2c01448ff61c5d
CI Summary	Set up job	2026-02-09T16:08:01.4752495Z Build Date: 2026-01-23T19:41:17Z
CI Summary	Set up job	2026-02-09T16:08:01.4753611Z Worker ID: {5f6d98f4-d02f-42dd-ab63-87cf736036ac}
CI Summary	Set up job	2026-02-09T16:08:01.4755041Z Azure Region: centralus
CI Summary	Set up job	2026-02-09T16:08:01.4755957Z ##[endgroup]
CI Summary	Set up job	2026-02-09T16:08:01.4758404Z ##[group]Operating System
CI Summary	Set up job	2026-02-09T16:08:01.4759487Z Ubuntu
CI Summary	Set up job	2026-02-09T16:08:01.4760297Z 24.04.3
CI Summary	Set up job	2026-02-09T16:08:01.4760996Z LTS
CI Summary	Set up job	2026-02-09T16:08:01.4761944Z ##[endgroup]
CI Summary	Set up job	2026-02-09T16:08:01.4762722Z ##[group]Runner Image
CI Summary	Set up job	2026-02-09T16:08:01.4763650Z Image: ubuntu-24.04
CI Summary	Set up job	2026-02-09T16:08:01.4764750Z Version: 20260201.15.1
CI Summary	Set up job	2026-02-09T16:08:01.4766541Z Included Software: https://github.com/actions/runner-images/blob/ubuntu24/20260201.15/images/ubuntu/Ubuntu2404-Readme.md
CI Summary	Set up job	2026-02-09T16:08:01.4769776Z Image Release: https://github.com/actions/runner-images/releases/tag/ubuntu24%2F20260201.15
CI Summary	Set up job	2026-02-09T16:08:01.4771468Z ##[endgroup]
CI Summary	Set up job	2026-02-09T16:08:01.4773579Z ##[group]GITHUB_TOKEN Permissions
CI Summary	Set up job	2026-02-09T16:08:01.4776354Z Contents: read
CI Summary	Set up job	2026-02-09T16:08:01.4777182Z Metadata: read
CI Summary	Set up job	2026-02-09T16:08:01.4778431Z Packages: read
CI Summary	Set up job	2026-02-09T16:08:01.4779250Z ##[endgroup]
CI Summary	Set up job	2026-02-09T16:08:01.4781889Z Secret source: Actions
CI Summary	Set up job	2026-02-09T16:08:01.4783762Z Prepare workflow directory
CI Summary	Set up job	2026-02-09T16:08:01.5183426Z Prepare all required actions
CI Summary	Set up job	2026-02-09T16:08:01.5236455Z Complete job name: CI Summary
CI Summary	Report Status	Ôªø2026-02-09T16:08:01.5960089Z ##[group]Run echo "‚ïê‚ïê‚ïê‚ïê‚ïê‚ïê‚ïê‚ïê‚ïê‚ïê‚ïê‚ïê‚ïê‚ïê‚ïê‚ïê‚ïê‚ïê‚ïê‚ïê‚ïê‚ïê‚ïê‚ïê‚ïê‚ïê‚ïê‚ïê‚ïê‚ïê‚ïê‚ïê‚ïê‚ïê‚ïê‚ïê‚ïê‚ïê‚ïê‚ïê‚ïê‚ïê‚ïê‚ïê‚ïê‚ïê‚ïê‚ïê‚ïê‚ïê‚ïê‚ïê‚ïê‚ïê‚ïê‚ïê‚ïê‚ïê‚ïê‚ïê‚ïê‚ïê‚ïê"
CI Summary	Report Status	2026-02-09T16:08:01.5961290Z [36;1mecho "‚ïê‚ïê‚ïê‚ïê‚ïê‚ïê‚ïê‚ïê‚ïê‚ïê‚ïê‚ïê‚ïê‚ïê‚ïê‚ïê‚ïê‚ïê‚ïê‚ïê‚ïê‚ïê‚ïê‚ïê‚ïê‚ïê‚ïê‚ïê‚ïê‚ïê‚ïê‚ïê‚ïê‚ïê‚ïê‚ïê‚ïê‚ïê‚ïê‚ïê‚ïê‚ïê‚ïê‚ïê‚ïê‚ïê‚ïê‚ïê‚ïê‚ïê‚ïê‚ïê‚ïê‚ïê‚ïê‚ïê‚ïê‚ïê‚ïê‚ïê‚ïê‚ïê‚ïê"[0m
CI Summary	Report Status	2026-02-09T16:08:01.5962032Z [36;1mecho "                    CI Fast Summary"[0m
CI Summary	Report Status	2026-02-09T16:08:01.5962785Z [36;1mecho "‚ïê‚ïê‚ïê‚ïê‚ïê‚ïê‚ïê‚ïê‚ïê‚ïê‚ïê‚ïê‚ïê‚ïê‚ïê‚ïê‚ïê‚ïê‚ïê‚ïê‚ïê‚ïê‚ïê‚ïê‚ïê‚ïê‚ïê‚ïê‚ïê‚ïê‚ïê‚ïê‚ïê‚ïê‚ïê‚ïê‚ïê‚ïê‚ïê‚ïê‚ïê‚ïê‚ïê‚ïê‚ïê‚ïê‚ïê‚ïê‚ïê‚ïê‚ïê‚ïê‚ïê‚ïê‚ïê‚ïê‚ïê‚ïê‚ïê‚ïê‚ïê‚ïê‚ïê"[0m
CI Summary	Report Status	2026-02-09T16:08:01.5963786Z [36;1mecho ""[0m
CI Summary	Report Status	2026-02-09T16:08:01.5964288Z [36;1mecho "Security:"[0m
CI Summary	Report Status	2026-02-09T16:08:01.5964841Z [36;1mecho "  Secret Scan:     success"[0m
CI Summary	Report Status	2026-02-09T16:08:01.5965561Z [36;1mecho "  S1 Compliance:   failure"[0m
CI Summary	Report Status	2026-02-09T16:08:01.5966215Z [36;1mecho "  Security Audit:  failure"[0m
CI Summary	Report Status	2026-02-09T16:08:01.5966801Z [36;1mecho ""[0m
CI Summary	Report Status	2026-02-09T16:08:01.5967290Z [36;1mecho "Build & Test:"[0m
CI Summary	Report Status	2026-02-09T16:08:01.5968051Z [36;1mecho "  Build:           skipped"[0m
CI Summary	Report Status	2026-02-09T16:08:01.5968651Z [36;1mecho "  Unit Tests:      skipped"[0m
CI Summary	Report Status	2026-02-09T16:08:01.5969421Z [36;1mecho "  Coverage Gate:   skipped (90% required)"[0m
CI Summary	Report Status	2026-02-09T16:08:01.5970218Z [36;1mecho "  Performance:     skipped (< 50ms)"[0m
CI Summary	Report Status	2026-02-09T16:08:01.5970892Z [36;1mecho ""[0m
CI Summary	Report Status	2026-02-09T16:08:01.5971421Z [36;1mecho "Infrastructure:"[0m
CI Summary	Report Status	2026-02-09T16:08:01.5972096Z [36;1mecho "  Docker Check:    skipped"[0m
CI Summary	Report Status	2026-02-09T16:08:01.5972684Z [36;1mecho ""[0m
CI Summary	Report Status	2026-02-09T16:08:01.5973294Z [36;1m[0m
CI Summary	Report Status	2026-02-09T16:08:01.5973826Z [36;1m# All critical gates must pass[0m
CI Summary	Report Status	2026-02-09T16:08:01.5974389Z [36;1mif [ "skipped" == "success" ] && \[0m
CI Summary	Report Status	2026-02-09T16:08:01.5975100Z [36;1m   [ "skipped" == "success" ] && \[0m
CI Summary	Report Status	2026-02-09T16:08:01.5975732Z [36;1m   [ "skipped" == "success" ] && \[0m
CI Summary	Report Status	2026-02-09T16:08:01.5976417Z [36;1m   [ "skipped" == "success" ]; then[0m
CI Summary	Report Status	2026-02-09T16:08:01.5977078Z [36;1m  echo "‚úÖ CI Fast PASSED - All gates cleared"[0m
CI Summary	Report Status	2026-02-09T16:08:01.5977968Z [36;1m  echo "‚ïê‚ïê‚ïê‚ïê‚ïê‚ïê‚ïê‚ïê‚ïê‚ïê‚ïê‚ïê‚ïê‚ïê‚ïê‚ïê‚ïê‚ïê‚ïê‚ïê‚ïê‚ïê‚ïê‚ïê‚ïê‚ïê‚ïê‚ïê‚ïê‚ïê‚ïê‚ïê‚ïê‚ïê‚ïê‚ïê‚ïê‚ïê‚ïê‚ïê‚ïê‚ïê‚ïê‚ïê‚ïê‚ïê‚ïê‚ïê‚ïê‚ïê‚ïê‚ïê‚ïê‚ïê‚ïê‚ïê‚ïê‚ïê‚ïê‚ïê‚ïê‚ïê‚ïê"[0m
CI Summary	Report Status	2026-02-09T16:08:01.5978714Z [36;1melse[0m
CI Summary	Report Status	2026-02-09T16:08:01.5979272Z [36;1m  echo "‚ùå CI Fast FAILED - Check failed gates above"[0m
CI Summary	Report Status	2026-02-09T16:08:01.5980070Z [36;1m  echo "‚ïê‚ïê‚ïê‚ïê‚ïê‚ïê‚ïê‚ïê‚ïê‚ïê‚ïê‚ïê‚ïê‚ïê‚ïê‚ïê‚ïê‚ïê‚ïê‚ïê‚ïê‚ïê‚ïê‚ïê‚ïê‚ïê‚ïê‚ïê‚ïê‚ïê‚ïê‚ïê‚ïê‚ïê‚ïê‚ïê‚ïê‚ïê‚ïê‚ïê‚ïê‚ïê‚ïê‚ïê‚ïê‚ïê‚ïê‚ïê‚ïê‚ïê‚ïê‚ïê‚ïê‚ïê‚ïê‚ïê‚ïê‚ïê‚ïê‚ïê‚ïê‚ïê‚ïê"[0m
CI Summary	Report Status	2026-02-09T16:08:01.5980694Z [36;1m  exit 1[0m
CI Summary	Report Status	2026-02-09T16:08:01.5981244Z [36;1mfi[0m
CI Summary	Report Status	2026-02-09T16:08:01.6494103Z shell: /usr/bin/bash -e {0}
CI Summary	Report Status	2026-02-09T16:08:01.6495041Z env:
CI Summary	Report Status	2026-02-09T16:08:01.6496297Z   DATABASE_URL: ***localhost:5432/test
CI Summary	Report Status	2026-02-09T16:08:01.6497069Z   JWT_SECRET: test_secret_key_for_ci_environment_only_32
CI Summary	Report Status	2026-02-09T16:08:01.6498002Z   MINIO_ENDPOINT: localhost
CI Summary	Report Status	2026-02-09T16:08:01.6498565Z   MINIO_ACCESS_KEY: test_access_key
CI Summary	Report Status	2026-02-09T16:08:01.6499235Z   MINIO_SECRET_KEY: test_secret_key
CI Summary	Report Status	2026-02-09T16:08:01.6499773Z   ENABLE_S1_ENFORCEMENT: true
CI Summary	Report Status	2026-02-09T16:08:01.6500383Z ##[endgroup]
CI Summary	Report Status	2026-02-09T16:08:01.6833052Z ‚ïê‚ïê‚ïê‚ïê‚ïê‚ïê‚ïê‚ïê‚ïê‚ïê‚ïê‚ïê‚ïê‚ïê‚ïê‚ïê‚ïê‚ïê‚ïê‚ïê‚ïê‚ïê‚ïê‚ïê‚ïê‚ïê‚ïê‚ïê‚ïê‚ïê‚ïê‚ïê‚ïê‚ïê‚ïê‚ïê‚ïê‚ïê‚ïê‚ïê‚ïê‚ïê‚ïê‚ïê‚ïê‚ïê‚ïê‚ïê‚ïê‚ïê‚ïê‚ïê‚ïê‚ïê‚ïê‚ïê‚ïê‚ïê‚ïê‚ïê‚ïê‚ïê‚ïê
CI Summary	Report Status	2026-02-09T16:08:01.6834431Z                     CI Fast Summary
CI Summary	Report Status	2026-02-09T16:08:01.6835685Z ‚ïê‚ïê‚ïê‚ïê‚ïê‚ïê‚ïê‚ïê‚ïê‚ïê‚ïê‚ïê‚ïê‚ïê‚ïê‚ïê‚ïê‚ïê‚ïê‚ïê‚ïê‚ïê‚ïê‚ïê‚ïê‚ïê‚ïê‚ïê‚ïê‚ïê‚ïê‚ïê‚ïê‚ïê‚ïê‚ïê‚ïê‚ïê‚ïê‚ïê‚ïê‚ïê‚ïê‚ïê‚ïê‚ïê‚ïê‚ïê‚ïê‚ïê‚ïê‚ïê‚ïê‚ïê‚ïê‚ïê‚ïê‚ïê‚ïê‚ïê‚ïê‚ïê‚ïê
CI Summary	Report Status	2026-02-09T16:08:01.6836496Z 
CI Summary	Report Status	2026-02-09T16:08:01.6836870Z Security:
CI Summary	Report Status	2026-02-09T16:08:01.6837876Z   Secret Scan:     success
CI Summary	Report Status	2026-02-09T16:08:01.6838792Z   S1 Compliance:   failure
CI Summary	Report Status	2026-02-09T16:08:01.6839707Z   Security Audit:  failure
CI Summary	Report Status	2026-02-09T16:08:01.6840293Z 
CI Summary	Report Status	2026-02-09T16:08:01.6840730Z Build & Test:
CI Summary	Report Status	2026-02-09T16:08:01.6841562Z   Build:           skipped
CI Summary	Report Status	2026-02-09T16:08:01.6842341Z   Unit Tests:      skipped
CI Summary	Report Status	2026-02-09T16:08:01.6843341Z   Coverage Gate:   skipped (90% required)
CI Summary	Report Status	2026-02-09T16:08:01.6844388Z   Performance:     skipped (< 50ms)
CI Summary	Report Status	2026-02-09T16:08:01.6845086Z 
CI Summary	Report Status	2026-02-09T16:08:01.6845410Z Infrastructure:
CI Summary	Report Status	2026-02-09T16:08:01.6846225Z   Docker Check:    skipped
CI Summary	Report Status	2026-02-09T16:08:01.6846810Z 
CI Summary	Report Status	2026-02-09T16:08:01.6847360Z ‚ùå CI Fast FAILED - Check failed gates above
CI Summary	Report Status	2026-02-09T16:08:01.6848886Z ‚ïê‚ïê‚ïê‚ïê‚ïê‚ïê‚ïê‚ïê‚ïê‚ïê‚ïê‚ïê‚ïê‚ïê‚ïê‚ïê‚ïê‚ïê‚ïê‚ïê‚ïê‚ïê‚ïê‚ïê‚ïê‚ïê‚ïê‚ïê‚ïê‚ïê‚ïê‚ïê‚ïê‚ïê‚ïê‚ïê‚ïê‚ïê‚ïê‚ïê‚ïê‚ïê‚ïê‚ïê‚ïê‚ïê‚ïê‚ïê‚ïê‚ïê‚ïê‚ïê‚ïê‚ïê‚ïê‚ïê‚ïê‚ïê‚ïê‚ïê‚ïê‚ïê‚ïê
CI Summary	Report Status	2026-02-09T16:08:01.6869201Z ##[error]Process completed with exit code 1.
CI Summary	Complete job	Ôªø2026-02-09T16:08:01.6994045Z Cleaning up orphan processes
