Secret Scanning (Gitleaks)	Set up job	Ôªø2026-02-07T23:25:42.1321782Z Current runner version: '2.331.0'
Secret Scanning (Gitleaks)	Set up job	2026-02-07T23:25:42.1357414Z ##[group]Runner Image Provisioner
Secret Scanning (Gitleaks)	Set up job	2026-02-07T23:25:42.1359044Z Hosted Compute Agent
Secret Scanning (Gitleaks)	Set up job	2026-02-07T23:25:42.1359971Z Version: 20260123.484
Secret Scanning (Gitleaks)	Set up job	2026-02-07T23:25:42.1360900Z Commit: 6bd6555ca37d84114959e1c76d2c01448ff61c5d
Secret Scanning (Gitleaks)	Set up job	2026-02-07T23:25:42.1362180Z Build Date: 2026-01-23T19:41:17Z
Secret Scanning (Gitleaks)	Set up job	2026-02-07T23:25:42.1363320Z Worker ID: {5c161670-c335-4472-a38f-7ff5477ee674}
Secret Scanning (Gitleaks)	Set up job	2026-02-07T23:25:42.1364812Z Azure Region: eastus2
Secret Scanning (Gitleaks)	Set up job	2026-02-07T23:25:42.1365799Z ##[endgroup]
Secret Scanning (Gitleaks)	Set up job	2026-02-07T23:25:42.1368235Z ##[group]Operating System
Secret Scanning (Gitleaks)	Set up job	2026-02-07T23:25:42.1369258Z Ubuntu
Secret Scanning (Gitleaks)	Set up job	2026-02-07T23:25:42.1370091Z 24.04.3
Secret Scanning (Gitleaks)	Set up job	2026-02-07T23:25:42.1370886Z LTS
Secret Scanning (Gitleaks)	Set up job	2026-02-07T23:25:42.1371658Z ##[endgroup]
Secret Scanning (Gitleaks)	Set up job	2026-02-07T23:25:42.1372607Z ##[group]Runner Image
Secret Scanning (Gitleaks)	Set up job	2026-02-07T23:25:42.1373490Z Image: ubuntu-24.04
Secret Scanning (Gitleaks)	Set up job	2026-02-07T23:25:42.1374559Z Version: 20260201.15.1
Secret Scanning (Gitleaks)	Set up job	2026-02-07T23:25:42.1376217Z Included Software: https://github.com/actions/runner-images/blob/ubuntu24/20260201.15/images/ubuntu/Ubuntu2404-Readme.md
Secret Scanning (Gitleaks)	Set up job	2026-02-07T23:25:42.1379125Z Image Release: https://github.com/actions/runner-images/releases/tag/ubuntu24%2F20260201.15
Secret Scanning (Gitleaks)	Set up job	2026-02-07T23:25:42.1380712Z ##[endgroup]
Secret Scanning (Gitleaks)	Set up job	2026-02-07T23:25:42.1383115Z ##[group]GITHUB_TOKEN Permissions
Secret Scanning (Gitleaks)	Set up job	2026-02-07T23:25:42.1386439Z Actions: read
Secret Scanning (Gitleaks)	Set up job	2026-02-07T23:25:42.1387302Z Checks: read
Secret Scanning (Gitleaks)	Set up job	2026-02-07T23:25:42.1388124Z Contents: read
Secret Scanning (Gitleaks)	Set up job	2026-02-07T23:25:42.1389487Z Metadata: read
Secret Scanning (Gitleaks)	Set up job	2026-02-07T23:25:42.1390320Z PullRequests: write
Secret Scanning (Gitleaks)	Set up job	2026-02-07T23:25:42.1391128Z SecurityEvents: write
Secret Scanning (Gitleaks)	Set up job	2026-02-07T23:25:42.1392128Z ##[endgroup]
Secret Scanning (Gitleaks)	Set up job	2026-02-07T23:25:42.1395359Z Secret source: Actions
Secret Scanning (Gitleaks)	Set up job	2026-02-07T23:25:42.1397045Z Prepare workflow directory
Secret Scanning (Gitleaks)	Set up job	2026-02-07T23:25:42.1964311Z Prepare all required actions
Secret Scanning (Gitleaks)	Set up job	2026-02-07T23:25:42.2021477Z Getting action download info
Secret Scanning (Gitleaks)	Set up job	2026-02-07T23:25:42.3999926Z Download action repository 'actions/checkout@v4' (SHA:34e114876b0b11c390a56381ad16ebd13914f8d5)
Secret Scanning (Gitleaks)	Set up job	2026-02-07T23:25:42.6195208Z Complete job name: Secret Scanning (Gitleaks)
Secret Scanning (Gitleaks)	Run actions/checkout@v4	Ôªø2026-02-07T23:25:42.7000738Z ##[group]Run actions/checkout@v4
Secret Scanning (Gitleaks)	Run actions/checkout@v4	2026-02-07T23:25:42.7001617Z with:
Secret Scanning (Gitleaks)	Run actions/checkout@v4	2026-02-07T23:25:42.7002014Z   fetch-depth: 0
Secret Scanning (Gitleaks)	Run actions/checkout@v4	2026-02-07T23:25:42.7002444Z   repository: adelfree2023-dev/KIMI
Secret Scanning (Gitleaks)	Run actions/checkout@v4	2026-02-07T23:25:42.7003104Z   token: ***
Secret Scanning (Gitleaks)	Run actions/checkout@v4	2026-02-07T23:25:42.7003484Z   ssh-strict: true
Secret Scanning (Gitleaks)	Run actions/checkout@v4	2026-02-07T23:25:42.7004159Z   ssh-user: git
Secret Scanning (Gitleaks)	Run actions/checkout@v4	2026-02-07T23:25:42.7004564Z   persist-credentials: true
Secret Scanning (Gitleaks)	Run actions/checkout@v4	2026-02-07T23:25:42.7005003Z   clean: true
Secret Scanning (Gitleaks)	Run actions/checkout@v4	2026-02-07T23:25:42.7005402Z   sparse-checkout-cone-mode: true
Secret Scanning (Gitleaks)	Run actions/checkout@v4	2026-02-07T23:25:42.7005919Z   fetch-tags: false
Secret Scanning (Gitleaks)	Run actions/checkout@v4	2026-02-07T23:25:42.7006320Z   show-progress: true
Secret Scanning (Gitleaks)	Run actions/checkout@v4	2026-02-07T23:25:42.7006733Z   lfs: false
Secret Scanning (Gitleaks)	Run actions/checkout@v4	2026-02-07T23:25:42.7007096Z   submodules: false
Secret Scanning (Gitleaks)	Run actions/checkout@v4	2026-02-07T23:25:42.7007505Z   set-safe-directory: true
Secret Scanning (Gitleaks)	Run actions/checkout@v4	2026-02-07T23:25:42.7008299Z env:
Secret Scanning (Gitleaks)	Run actions/checkout@v4	2026-02-07T23:25:42.7008772Z   JWT_SECRET: test_secret_key_for_ci_environment_only_32
Secret Scanning (Gitleaks)	Run actions/checkout@v4	2026-02-07T23:25:42.7009557Z   DATABASE_URL: ***localhost:5432/test
Secret Scanning (Gitleaks)	Run actions/checkout@v4	2026-02-07T23:25:42.7010062Z   MINIO_ACCESS_KEY: test
Secret Scanning (Gitleaks)	Run actions/checkout@v4	2026-02-07T23:25:42.7010493Z   MINIO_SECRET_KEY: minioadmin123
Secret Scanning (Gitleaks)	Run actions/checkout@v4	2026-02-07T23:25:42.7011009Z   MINIO_ENDPOINT: localhost
Secret Scanning (Gitleaks)	Run actions/checkout@v4	2026-02-07T23:25:42.7011449Z ##[endgroup]
Secret Scanning (Gitleaks)	Run actions/checkout@v4	2026-02-07T23:25:42.8094551Z Syncing repository: adelfree2023-dev/KIMI
Secret Scanning (Gitleaks)	Run actions/checkout@v4	2026-02-07T23:25:42.8096331Z ##[group]Getting Git version info
Secret Scanning (Gitleaks)	Run actions/checkout@v4	2026-02-07T23:25:42.8096975Z Working directory is '/home/runner/work/KIMI/KIMI'
Secret Scanning (Gitleaks)	Run actions/checkout@v4	2026-02-07T23:25:42.8097918Z [command]/usr/bin/git version
Secret Scanning (Gitleaks)	Run actions/checkout@v4	2026-02-07T23:25:42.8209186Z git version 2.52.0
Secret Scanning (Gitleaks)	Run actions/checkout@v4	2026-02-07T23:25:42.8235780Z ##[endgroup]
Secret Scanning (Gitleaks)	Run actions/checkout@v4	2026-02-07T23:25:42.8249840Z Temporarily overriding HOME='/home/runner/work/_temp/f1e23bb1-297f-44b7-b7c7-f2c2e9de728d' before making global git config changes
Secret Scanning (Gitleaks)	Run actions/checkout@v4	2026-02-07T23:25:42.8251277Z Adding repository directory to the temporary git global config as a safe directory
Secret Scanning (Gitleaks)	Run actions/checkout@v4	2026-02-07T23:25:42.8262494Z [command]/usr/bin/git config --global --add safe.directory /home/runner/work/KIMI/KIMI
Secret Scanning (Gitleaks)	Run actions/checkout@v4	2026-02-07T23:25:42.8302030Z Deleting the contents of '/home/runner/work/KIMI/KIMI'
Secret Scanning (Gitleaks)	Run actions/checkout@v4	2026-02-07T23:25:42.8306075Z ##[group]Initializing the repository
Secret Scanning (Gitleaks)	Run actions/checkout@v4	2026-02-07T23:25:42.8309823Z [command]/usr/bin/git init /home/runner/work/KIMI/KIMI
Secret Scanning (Gitleaks)	Run actions/checkout@v4	2026-02-07T23:25:42.8428766Z hint: Using 'master' as the name for the initial branch. This default branch name
Secret Scanning (Gitleaks)	Run actions/checkout@v4	2026-02-07T23:25:42.8430330Z hint: will change to "main" in Git 3.0. To configure the initial branch name
Secret Scanning (Gitleaks)	Run actions/checkout@v4	2026-02-07T23:25:42.8432438Z hint: to use in all of your new repositories, which will suppress this warning,
Secret Scanning (Gitleaks)	Run actions/checkout@v4	2026-02-07T23:25:42.8434211Z hint: call:
Secret Scanning (Gitleaks)	Run actions/checkout@v4	2026-02-07T23:25:42.8434935Z hint:
Secret Scanning (Gitleaks)	Run actions/checkout@v4	2026-02-07T23:25:42.8436068Z hint: 	git config --global init.defaultBranch <name>
Secret Scanning (Gitleaks)	Run actions/checkout@v4	2026-02-07T23:25:42.8437370Z hint:
Secret Scanning (Gitleaks)	Run actions/checkout@v4	2026-02-07T23:25:42.8438362Z hint: Names commonly chosen instead of 'master' are 'main', 'trunk' and
Secret Scanning (Gitleaks)	Run actions/checkout@v4	2026-02-07T23:25:42.8439347Z hint: 'development'. The just-created branch can be renamed via this command:
Secret Scanning (Gitleaks)	Run actions/checkout@v4	2026-02-07T23:25:42.8440362Z hint:
Secret Scanning (Gitleaks)	Run actions/checkout@v4	2026-02-07T23:25:42.8440880Z hint: 	git branch -m <name>
Secret Scanning (Gitleaks)	Run actions/checkout@v4	2026-02-07T23:25:42.8441327Z hint:
Secret Scanning (Gitleaks)	Run actions/checkout@v4	2026-02-07T23:25:42.8441929Z hint: Disable this message with "git config set advice.defaultBranchName false"
Secret Scanning (Gitleaks)	Run actions/checkout@v4	2026-02-07T23:25:42.8442893Z Initialized empty Git repository in /home/runner/work/KIMI/KIMI/.git/
Secret Scanning (Gitleaks)	Run actions/checkout@v4	2026-02-07T23:25:42.8446422Z [command]/usr/bin/git remote add origin https://github.com/adelfree2023-dev/KIMI
Secret Scanning (Gitleaks)	Run actions/checkout@v4	2026-02-07T23:25:42.8479257Z ##[endgroup]
Secret Scanning (Gitleaks)	Run actions/checkout@v4	2026-02-07T23:25:42.8480012Z ##[group]Disabling automatic garbage collection
Secret Scanning (Gitleaks)	Run actions/checkout@v4	2026-02-07T23:25:42.8483050Z [command]/usr/bin/git config --local gc.auto 0
Secret Scanning (Gitleaks)	Run actions/checkout@v4	2026-02-07T23:25:42.8511319Z ##[endgroup]
Secret Scanning (Gitleaks)	Run actions/checkout@v4	2026-02-07T23:25:42.8512019Z ##[group]Setting up auth
Secret Scanning (Gitleaks)	Run actions/checkout@v4	2026-02-07T23:25:42.8518472Z [command]/usr/bin/git config --local --name-only --get-regexp core\.sshCommand
Secret Scanning (Gitleaks)	Run actions/checkout@v4	2026-02-07T23:25:42.8548049Z [command]/usr/bin/git submodule foreach --recursive sh -c "git config --local --name-only --get-regexp 'core\.sshCommand' && git config --local --unset-all 'core.sshCommand' || :"
Secret Scanning (Gitleaks)	Run actions/checkout@v4	2026-02-07T23:25:42.8901418Z [command]/usr/bin/git config --local --name-only --get-regexp http\.https\:\/\/github\.com\/\.extraheader
Secret Scanning (Gitleaks)	Run actions/checkout@v4	2026-02-07T23:25:42.8931480Z [command]/usr/bin/git submodule foreach --recursive sh -c "git config --local --name-only --get-regexp 'http\.https\:\/\/github\.com\/\.extraheader' && git config --local --unset-all 'http.https://github.com/.extraheader' || :"
Secret Scanning (Gitleaks)	Run actions/checkout@v4	2026-02-07T23:25:42.9148742Z [command]/usr/bin/git config --local --name-only --get-regexp ^includeIf\.gitdir:
Secret Scanning (Gitleaks)	Run actions/checkout@v4	2026-02-07T23:25:42.9179782Z [command]/usr/bin/git submodule foreach --recursive git config --local --show-origin --name-only --get-regexp remote.origin.url
Secret Scanning (Gitleaks)	Run actions/checkout@v4	2026-02-07T23:25:42.9400845Z [command]/usr/bin/git config --local http.https://github.com/.extraheader AUTHORIZATION: basic ***
Secret Scanning (Gitleaks)	Run actions/checkout@v4	2026-02-07T23:25:42.9434299Z ##[endgroup]
Secret Scanning (Gitleaks)	Run actions/checkout@v4	2026-02-07T23:25:42.9435546Z ##[group]Fetching the repository
Secret Scanning (Gitleaks)	Run actions/checkout@v4	2026-02-07T23:25:42.9444392Z [command]/usr/bin/git -c protocol.version=2 fetch --prune --no-recurse-submodules origin +refs/heads/*:refs/remotes/origin/* +refs/tags/*:refs/tags/*
Secret Scanning (Gitleaks)	Run actions/checkout@v4	2026-02-07T23:25:43.2020951Z From https://github.com/adelfree2023-dev/KIMI
Secret Scanning (Gitleaks)	Run actions/checkout@v4	2026-02-07T23:25:43.2022048Z  * [new branch]      main       -> origin/main
Secret Scanning (Gitleaks)	Run actions/checkout@v4	2026-02-07T23:25:43.2063573Z [command]/usr/bin/git branch --list --remote origin/main
Secret Scanning (Gitleaks)	Run actions/checkout@v4	2026-02-07T23:25:43.2087831Z   origin/main
Secret Scanning (Gitleaks)	Run actions/checkout@v4	2026-02-07T23:25:43.2097160Z [command]/usr/bin/git rev-parse refs/remotes/origin/main
Secret Scanning (Gitleaks)	Run actions/checkout@v4	2026-02-07T23:25:43.2119983Z 0aae87779ba13c1ea52803d5aa0c2ef7939d6ef0
Secret Scanning (Gitleaks)	Run actions/checkout@v4	2026-02-07T23:25:43.2126373Z ##[endgroup]
Secret Scanning (Gitleaks)	Run actions/checkout@v4	2026-02-07T23:25:43.2127681Z ##[group]Determining the checkout info
Secret Scanning (Gitleaks)	Run actions/checkout@v4	2026-02-07T23:25:43.2129063Z ##[endgroup]
Secret Scanning (Gitleaks)	Run actions/checkout@v4	2026-02-07T23:25:43.2132985Z [command]/usr/bin/git sparse-checkout disable
Secret Scanning (Gitleaks)	Run actions/checkout@v4	2026-02-07T23:25:43.2177292Z [command]/usr/bin/git config --local --unset-all extensions.worktreeConfig
Secret Scanning (Gitleaks)	Run actions/checkout@v4	2026-02-07T23:25:43.2206234Z ##[group]Checking out the ref
Secret Scanning (Gitleaks)	Run actions/checkout@v4	2026-02-07T23:25:43.2210500Z [command]/usr/bin/git checkout --progress --force -B main refs/remotes/origin/main
Secret Scanning (Gitleaks)	Run actions/checkout@v4	2026-02-07T23:25:43.2363068Z Switched to a new branch 'main'
Secret Scanning (Gitleaks)	Run actions/checkout@v4	2026-02-07T23:25:43.2366110Z branch 'main' set up to track 'origin/main'.
Secret Scanning (Gitleaks)	Run actions/checkout@v4	2026-02-07T23:25:43.2372875Z ##[endgroup]
Secret Scanning (Gitleaks)	Run actions/checkout@v4	2026-02-07T23:25:43.2407340Z [command]/usr/bin/git log -1 --format=%H
Secret Scanning (Gitleaks)	Run actions/checkout@v4	2026-02-07T23:25:43.2429678Z 0aae87779ba13c1ea52803d5aa0c2ef7939d6ef0
Secret Scanning (Gitleaks)	Install Gitleaks	Ôªø2026-02-07T23:25:43.2614473Z ##[group]Run curl -sSL https://github.com/gitleaks/gitleaks/releases/download/v8.18.2/gitleaks_8.18.2_linux_x64.tar.gz | tar -xz -C /usr/local/bin gitleaks
Secret Scanning (Gitleaks)	Install Gitleaks	2026-02-07T23:25:43.2616399Z [36;1mcurl -sSL https://github.com/gitleaks/gitleaks/releases/download/v8.18.2/gitleaks_8.18.2_linux_x64.tar.gz | tar -xz -C /usr/local/bin gitleaks[0m
Secret Scanning (Gitleaks)	Install Gitleaks	2026-02-07T23:25:43.2617505Z [36;1mgitleaks version[0m
Secret Scanning (Gitleaks)	Install Gitleaks	2026-02-07T23:25:43.2652342Z shell: /usr/bin/bash -e {0}
Secret Scanning (Gitleaks)	Install Gitleaks	2026-02-07T23:25:43.2652857Z env:
Secret Scanning (Gitleaks)	Install Gitleaks	2026-02-07T23:25:43.2653308Z   JWT_SECRET: test_secret_key_for_ci_environment_only_32
Secret Scanning (Gitleaks)	Install Gitleaks	2026-02-07T23:25:43.2654516Z   DATABASE_URL: ***localhost:5432/test
Secret Scanning (Gitleaks)	Install Gitleaks	2026-02-07T23:25:43.2655061Z   MINIO_ACCESS_KEY: test
Secret Scanning (Gitleaks)	Install Gitleaks	2026-02-07T23:25:43.2655511Z   MINIO_SECRET_KEY: minioadmin123
Secret Scanning (Gitleaks)	Install Gitleaks	2026-02-07T23:25:43.2655988Z   MINIO_ENDPOINT: localhost
Secret Scanning (Gitleaks)	Install Gitleaks	2026-02-07T23:25:43.2656420Z ##[endgroup]
Secret Scanning (Gitleaks)	Install Gitleaks	2026-02-07T23:25:43.4932851Z 8.18.2
Secret Scanning (Gitleaks)	Run Gitleaks with Config	Ôªø2026-02-07T23:25:43.4976524Z ##[group]Run echo "Running Gitleaks with custom config..."
Secret Scanning (Gitleaks)	Run Gitleaks with Config	2026-02-07T23:25:43.4977293Z [36;1mecho "Running Gitleaks with custom config..."[0m
Secret Scanning (Gitleaks)	Run Gitleaks with Config	2026-02-07T23:25:43.4978074Z [36;1mgitleaks detect --source . --config .gitleaks.toml --verbose --redact[0m
Secret Scanning (Gitleaks)	Run Gitleaks with Config	2026-02-07T23:25:43.5010436Z shell: /usr/bin/bash -e {0}
Secret Scanning (Gitleaks)	Run Gitleaks with Config	2026-02-07T23:25:43.5010902Z env:
Secret Scanning (Gitleaks)	Run Gitleaks with Config	2026-02-07T23:25:43.5011354Z   JWT_SECRET: test_secret_key_for_ci_environment_only_32
Secret Scanning (Gitleaks)	Run Gitleaks with Config	2026-02-07T23:25:43.5012206Z   DATABASE_URL: ***localhost:5432/test
Secret Scanning (Gitleaks)	Run Gitleaks with Config	2026-02-07T23:25:43.5012709Z   MINIO_ACCESS_KEY: test
Secret Scanning (Gitleaks)	Run Gitleaks with Config	2026-02-07T23:25:43.5013148Z   MINIO_SECRET_KEY: minioadmin123
Secret Scanning (Gitleaks)	Run Gitleaks with Config	2026-02-07T23:25:43.5013794Z   MINIO_ENDPOINT: localhost
Secret Scanning (Gitleaks)	Run Gitleaks with Config	2026-02-07T23:25:43.5014263Z ##[endgroup]
Secret Scanning (Gitleaks)	Run Gitleaks with Config	2026-02-07T23:25:43.5065908Z Running Gitleaks with custom config...
Secret Scanning (Gitleaks)	Run Gitleaks with Config	2026-02-07T23:25:43.5086413Z 
Secret Scanning (Gitleaks)	Run Gitleaks with Config	2026-02-07T23:25:43.5087048Z     ‚óã
Secret Scanning (Gitleaks)	Run Gitleaks with Config	2026-02-07T23:25:43.5087645Z     ‚îÇ‚ï≤
Secret Scanning (Gitleaks)	Run Gitleaks with Config	2026-02-07T23:25:43.5088066Z     ‚îÇ ‚óã
Secret Scanning (Gitleaks)	Run Gitleaks with Config	2026-02-07T23:25:43.5088465Z     ‚óã ‚ñë
Secret Scanning (Gitleaks)	Run Gitleaks with Config	2026-02-07T23:25:43.5088877Z     ‚ñë    gitleaks
Secret Scanning (Gitleaks)	Run Gitleaks with Config	2026-02-07T23:25:43.5089171Z 
Secret Scanning (Gitleaks)	Run Gitleaks with Config	2026-02-07T23:25:43.6525020Z [90m11:25PM[0m [32mINF[0m 142 commits scanned.
Secret Scanning (Gitleaks)	Run Gitleaks with Config	2026-02-07T23:25:43.6526616Z [90m11:25PM[0m [32mINF[0m scan completed in 125ms
Secret Scanning (Gitleaks)	Run Gitleaks with Config	2026-02-07T23:25:43.6527840Z [90m11:25PM[0m [32mINF[0m no leaks found
Secret Scanning (Gitleaks)	Post Run actions/checkout@v4	Ôªø2026-02-07T23:25:43.6663406Z Post job cleanup.
Secret Scanning (Gitleaks)	Post Run actions/checkout@v4	2026-02-07T23:25:43.7602094Z [command]/usr/bin/git version
Secret Scanning (Gitleaks)	Post Run actions/checkout@v4	2026-02-07T23:25:43.7638485Z git version 2.52.0
Secret Scanning (Gitleaks)	Post Run actions/checkout@v4	2026-02-07T23:25:43.7682013Z Temporarily overriding HOME='/home/runner/work/_temp/4f4cba56-1154-43d5-afc7-6a1380ddc2fd' before making global git config changes
Secret Scanning (Gitleaks)	Post Run actions/checkout@v4	2026-02-07T23:25:43.7687310Z Adding repository directory to the temporary git global config as a safe directory
Secret Scanning (Gitleaks)	Post Run actions/checkout@v4	2026-02-07T23:25:43.7688905Z [command]/usr/bin/git config --global --add safe.directory /home/runner/work/KIMI/KIMI
Secret Scanning (Gitleaks)	Post Run actions/checkout@v4	2026-02-07T23:25:43.7723524Z [command]/usr/bin/git config --local --name-only --get-regexp core\.sshCommand
Secret Scanning (Gitleaks)	Post Run actions/checkout@v4	2026-02-07T23:25:43.7757781Z [command]/usr/bin/git submodule foreach --recursive sh -c "git config --local --name-only --get-regexp 'core\.sshCommand' && git config --local --unset-all 'core.sshCommand' || :"
Secret Scanning (Gitleaks)	Post Run actions/checkout@v4	2026-02-07T23:25:43.7993291Z [command]/usr/bin/git config --local --name-only --get-regexp http\.https\:\/\/github\.com\/\.extraheader
Secret Scanning (Gitleaks)	Post Run actions/checkout@v4	2026-02-07T23:25:43.8015398Z http.https://github.com/.extraheader
Secret Scanning (Gitleaks)	Post Run actions/checkout@v4	2026-02-07T23:25:43.8029808Z [command]/usr/bin/git config --local --unset-all http.https://github.com/.extraheader
Secret Scanning (Gitleaks)	Post Run actions/checkout@v4	2026-02-07T23:25:43.8066315Z [command]/usr/bin/git submodule foreach --recursive sh -c "git config --local --name-only --get-regexp 'http\.https\:\/\/github\.com\/\.extraheader' && git config --local --unset-all 'http.https://github.com/.extraheader' || :"
Secret Scanning (Gitleaks)	Post Run actions/checkout@v4	2026-02-07T23:25:43.8295225Z [command]/usr/bin/git config --local --name-only --get-regexp ^includeIf\.gitdir:
Secret Scanning (Gitleaks)	Post Run actions/checkout@v4	2026-02-07T23:25:43.8329015Z [command]/usr/bin/git submodule foreach --recursive git config --local --show-origin --name-only --get-regexp remote.origin.url
Secret Scanning (Gitleaks)	Complete job	Ôªø2026-02-07T23:25:43.8685649Z Cleaning up orphan processes
Drizzle Schema Integrity Check	Set up job	Ôªø2026-02-07T23:25:48.2163890Z Current runner version: '2.331.0'
Drizzle Schema Integrity Check	Set up job	2026-02-07T23:25:48.2189615Z ##[group]Runner Image Provisioner
Drizzle Schema Integrity Check	Set up job	2026-02-07T23:25:48.2190459Z Hosted Compute Agent
Drizzle Schema Integrity Check	Set up job	2026-02-07T23:25:48.2190977Z Version: 20260123.484
Drizzle Schema Integrity Check	Set up job	2026-02-07T23:25:48.2191650Z Commit: 6bd6555ca37d84114959e1c76d2c01448ff61c5d
Drizzle Schema Integrity Check	Set up job	2026-02-07T23:25:48.2192301Z Build Date: 2026-01-23T19:41:17Z
Drizzle Schema Integrity Check	Set up job	2026-02-07T23:25:48.2192938Z Worker ID: {9e828488-f0e4-4a65-bc07-164a626bcfd1}
Drizzle Schema Integrity Check	Set up job	2026-02-07T23:25:48.2193646Z Azure Region: westus
Drizzle Schema Integrity Check	Set up job	2026-02-07T23:25:48.2194190Z ##[endgroup]
Drizzle Schema Integrity Check	Set up job	2026-02-07T23:25:48.2195552Z ##[group]Operating System
Drizzle Schema Integrity Check	Set up job	2026-02-07T23:25:48.2196216Z Ubuntu
Drizzle Schema Integrity Check	Set up job	2026-02-07T23:25:48.2196708Z 24.04.3
Drizzle Schema Integrity Check	Set up job	2026-02-07T23:25:48.2197127Z LTS
Drizzle Schema Integrity Check	Set up job	2026-02-07T23:25:48.2197668Z ##[endgroup]
Drizzle Schema Integrity Check	Set up job	2026-02-07T23:25:48.2198139Z ##[group]Runner Image
Drizzle Schema Integrity Check	Set up job	2026-02-07T23:25:48.2198690Z Image: ubuntu-24.04
Drizzle Schema Integrity Check	Set up job	2026-02-07T23:25:48.2199533Z Version: 20260201.15.1
Drizzle Schema Integrity Check	Set up job	2026-02-07T23:25:48.2200650Z Included Software: https://github.com/actions/runner-images/blob/ubuntu24/20260201.15/images/ubuntu/Ubuntu2404-Readme.md
Drizzle Schema Integrity Check	Set up job	2026-02-07T23:25:48.2202321Z Image Release: https://github.com/actions/runner-images/releases/tag/ubuntu24%2F20260201.15
Drizzle Schema Integrity Check	Set up job	2026-02-07T23:25:48.2203227Z ##[endgroup]
Drizzle Schema Integrity Check	Set up job	2026-02-07T23:25:48.2204538Z ##[group]GITHUB_TOKEN Permissions
Drizzle Schema Integrity Check	Set up job	2026-02-07T23:25:48.2206775Z Actions: read
Drizzle Schema Integrity Check	Set up job	2026-02-07T23:25:48.2207333Z Checks: read
Drizzle Schema Integrity Check	Set up job	2026-02-07T23:25:48.2207843Z Contents: read
Drizzle Schema Integrity Check	Set up job	2026-02-07T23:25:48.2208389Z Metadata: read
Drizzle Schema Integrity Check	Set up job	2026-02-07T23:25:48.2208898Z PullRequests: write
Drizzle Schema Integrity Check	Set up job	2026-02-07T23:25:48.2209755Z SecurityEvents: write
Drizzle Schema Integrity Check	Set up job	2026-02-07T23:25:48.2210413Z ##[endgroup]
Drizzle Schema Integrity Check	Set up job	2026-02-07T23:25:48.2212666Z Secret source: Actions
Drizzle Schema Integrity Check	Set up job	2026-02-07T23:25:48.2213371Z Prepare workflow directory
Drizzle Schema Integrity Check	Set up job	2026-02-07T23:25:48.2603283Z Prepare all required actions
Drizzle Schema Integrity Check	Set up job	2026-02-07T23:25:48.2642079Z Getting action download info
Drizzle Schema Integrity Check	Set up job	2026-02-07T23:25:48.7033528Z Download action repository 'actions/checkout@v4' (SHA:34e114876b0b11c390a56381ad16ebd13914f8d5)
Drizzle Schema Integrity Check	Set up job	2026-02-07T23:25:48.8146748Z Download action repository 'oven-sh/setup-bun@v1' (SHA:f4d14e03ff726c06358e5557344e1da148b56cf7)
Drizzle Schema Integrity Check	Set up job	2026-02-07T23:25:49.8698493Z Complete job name: Drizzle Schema Integrity Check
Drizzle Schema Integrity Check	Run actions/checkout@v4	Ôªø2026-02-07T23:25:49.9392680Z ##[group]Run actions/checkout@v4
Drizzle Schema Integrity Check	Run actions/checkout@v4	2026-02-07T23:25:49.9393657Z with:
Drizzle Schema Integrity Check	Run actions/checkout@v4	2026-02-07T23:25:49.9394131Z   repository: adelfree2023-dev/KIMI
Drizzle Schema Integrity Check	Run actions/checkout@v4	2026-02-07T23:25:49.9394896Z   token: ***
Drizzle Schema Integrity Check	Run actions/checkout@v4	2026-02-07T23:25:49.9395331Z   ssh-strict: true
Drizzle Schema Integrity Check	Run actions/checkout@v4	2026-02-07T23:25:49.9395775Z   ssh-user: git
Drizzle Schema Integrity Check	Run actions/checkout@v4	2026-02-07T23:25:49.9396215Z   persist-credentials: true
Drizzle Schema Integrity Check	Run actions/checkout@v4	2026-02-07T23:25:49.9396857Z   clean: true
Drizzle Schema Integrity Check	Run actions/checkout@v4	2026-02-07T23:25:49.9397395Z   sparse-checkout-cone-mode: true
Drizzle Schema Integrity Check	Run actions/checkout@v4	2026-02-07T23:25:49.9397969Z   fetch-depth: 1
Drizzle Schema Integrity Check	Run actions/checkout@v4	2026-02-07T23:25:49.9398411Z   fetch-tags: false
Drizzle Schema Integrity Check	Run actions/checkout@v4	2026-02-07T23:25:49.9398862Z   show-progress: true
Drizzle Schema Integrity Check	Run actions/checkout@v4	2026-02-07T23:25:49.9399467Z   lfs: false
Drizzle Schema Integrity Check	Run actions/checkout@v4	2026-02-07T23:25:49.9399895Z   submodules: false
Drizzle Schema Integrity Check	Run actions/checkout@v4	2026-02-07T23:25:49.9400370Z   set-safe-directory: true
Drizzle Schema Integrity Check	Run actions/checkout@v4	2026-02-07T23:25:49.9401114Z env:
Drizzle Schema Integrity Check	Run actions/checkout@v4	2026-02-07T23:25:49.9401641Z   JWT_SECRET: test_secret_key_for_ci_environment_only_32
Drizzle Schema Integrity Check	Run actions/checkout@v4	2026-02-07T23:25:49.9402563Z   DATABASE_URL: ***localhost:5432/test
Drizzle Schema Integrity Check	Run actions/checkout@v4	2026-02-07T23:25:49.9403175Z   MINIO_ACCESS_KEY: test
Drizzle Schema Integrity Check	Run actions/checkout@v4	2026-02-07T23:25:49.9403676Z   MINIO_SECRET_KEY: minioadmin123
Drizzle Schema Integrity Check	Run actions/checkout@v4	2026-02-07T23:25:49.9404273Z   MINIO_ENDPOINT: localhost
Drizzle Schema Integrity Check	Run actions/checkout@v4	2026-02-07T23:25:49.9404768Z ##[endgroup]
Drizzle Schema Integrity Check	Run actions/checkout@v4	2026-02-07T23:25:50.0503923Z Syncing repository: adelfree2023-dev/KIMI
Drizzle Schema Integrity Check	Run actions/checkout@v4	2026-02-07T23:25:50.0507605Z ##[group]Getting Git version info
Drizzle Schema Integrity Check	Run actions/checkout@v4	2026-02-07T23:25:50.0509191Z Working directory is '/home/runner/work/KIMI/KIMI'
Drizzle Schema Integrity Check	Run actions/checkout@v4	2026-02-07T23:25:50.0511218Z [command]/usr/bin/git version
Drizzle Schema Integrity Check	Run actions/checkout@v4	2026-02-07T23:25:50.0586960Z git version 2.52.0
Drizzle Schema Integrity Check	Run actions/checkout@v4	2026-02-07T23:25:50.0615188Z ##[endgroup]
Drizzle Schema Integrity Check	Run actions/checkout@v4	2026-02-07T23:25:50.0640506Z Temporarily overriding HOME='/home/runner/work/_temp/f0f380a9-1f38-401d-827b-3a73cdd330cf' before making global git config changes
Drizzle Schema Integrity Check	Run actions/checkout@v4	2026-02-07T23:25:50.0643288Z Adding repository directory to the temporary git global config as a safe directory
Drizzle Schema Integrity Check	Run actions/checkout@v4	2026-02-07T23:25:50.0647632Z [command]/usr/bin/git config --global --add safe.directory /home/runner/work/KIMI/KIMI
Drizzle Schema Integrity Check	Run actions/checkout@v4	2026-02-07T23:25:50.0690019Z Deleting the contents of '/home/runner/work/KIMI/KIMI'
Drizzle Schema Integrity Check	Run actions/checkout@v4	2026-02-07T23:25:50.0694446Z ##[group]Initializing the repository
Drizzle Schema Integrity Check	Run actions/checkout@v4	2026-02-07T23:25:50.0699582Z [command]/usr/bin/git init /home/runner/work/KIMI/KIMI
Drizzle Schema Integrity Check	Run actions/checkout@v4	2026-02-07T23:25:50.0837030Z hint: Using 'master' as the name for the initial branch. This default branch name
Drizzle Schema Integrity Check	Run actions/checkout@v4	2026-02-07T23:25:50.0838664Z hint: will change to "main" in Git 3.0. To configure the initial branch name
Drizzle Schema Integrity Check	Run actions/checkout@v4	2026-02-07T23:25:50.0840528Z hint: to use in all of your new repositories, which will suppress this warning,
Drizzle Schema Integrity Check	Run actions/checkout@v4	2026-02-07T23:25:50.0841486Z hint: call:
Drizzle Schema Integrity Check	Run actions/checkout@v4	2026-02-07T23:25:50.0842257Z hint:
Drizzle Schema Integrity Check	Run actions/checkout@v4	2026-02-07T23:25:50.0843276Z hint: 	git config --global init.defaultBranch <name>
Drizzle Schema Integrity Check	Run actions/checkout@v4	2026-02-07T23:25:50.0844574Z hint:
Drizzle Schema Integrity Check	Run actions/checkout@v4	2026-02-07T23:25:50.0845766Z hint: Names commonly chosen instead of 'master' are 'main', 'trunk' and
Drizzle Schema Integrity Check	Run actions/checkout@v4	2026-02-07T23:25:50.0847693Z hint: 'development'. The just-created branch can be renamed via this command:
Drizzle Schema Integrity Check	Run actions/checkout@v4	2026-02-07T23:25:50.0849364Z hint:
Drizzle Schema Integrity Check	Run actions/checkout@v4	2026-02-07T23:25:50.0850159Z hint: 	git branch -m <name>
Drizzle Schema Integrity Check	Run actions/checkout@v4	2026-02-07T23:25:50.0851027Z hint:
Drizzle Schema Integrity Check	Run actions/checkout@v4	2026-02-07T23:25:50.0852197Z hint: Disable this message with "git config set advice.defaultBranchName false"
Drizzle Schema Integrity Check	Run actions/checkout@v4	2026-02-07T23:25:50.0854172Z Initialized empty Git repository in /home/runner/work/KIMI/KIMI/.git/
Drizzle Schema Integrity Check	Run actions/checkout@v4	2026-02-07T23:25:50.0857434Z [command]/usr/bin/git remote add origin https://github.com/adelfree2023-dev/KIMI
Drizzle Schema Integrity Check	Run actions/checkout@v4	2026-02-07T23:25:50.0892284Z ##[endgroup]
Drizzle Schema Integrity Check	Run actions/checkout@v4	2026-02-07T23:25:50.0893717Z ##[group]Disabling automatic garbage collection
Drizzle Schema Integrity Check	Run actions/checkout@v4	2026-02-07T23:25:50.0897811Z [command]/usr/bin/git config --local gc.auto 0
Drizzle Schema Integrity Check	Run actions/checkout@v4	2026-02-07T23:25:50.0928231Z ##[endgroup]
Drizzle Schema Integrity Check	Run actions/checkout@v4	2026-02-07T23:25:50.0929878Z ##[group]Setting up auth
Drizzle Schema Integrity Check	Run actions/checkout@v4	2026-02-07T23:25:50.0936472Z [command]/usr/bin/git config --local --name-only --get-regexp core\.sshCommand
Drizzle Schema Integrity Check	Run actions/checkout@v4	2026-02-07T23:25:50.0968904Z [command]/usr/bin/git submodule foreach --recursive sh -c "git config --local --name-only --get-regexp 'core\.sshCommand' && git config --local --unset-all 'core.sshCommand' || :"
Drizzle Schema Integrity Check	Run actions/checkout@v4	2026-02-07T23:25:50.1333501Z [command]/usr/bin/git config --local --name-only --get-regexp http\.https\:\/\/github\.com\/\.extraheader
Drizzle Schema Integrity Check	Run actions/checkout@v4	2026-02-07T23:25:50.1364622Z [command]/usr/bin/git submodule foreach --recursive sh -c "git config --local --name-only --get-regexp 'http\.https\:\/\/github\.com\/\.extraheader' && git config --local --unset-all 'http.https://github.com/.extraheader' || :"
Drizzle Schema Integrity Check	Run actions/checkout@v4	2026-02-07T23:25:50.1592770Z [command]/usr/bin/git config --local --name-only --get-regexp ^includeIf\.gitdir:
Drizzle Schema Integrity Check	Run actions/checkout@v4	2026-02-07T23:25:50.1633279Z [command]/usr/bin/git submodule foreach --recursive git config --local --show-origin --name-only --get-regexp remote.origin.url
Drizzle Schema Integrity Check	Run actions/checkout@v4	2026-02-07T23:25:50.1862917Z [command]/usr/bin/git config --local http.https://github.com/.extraheader AUTHORIZATION: basic ***
Drizzle Schema Integrity Check	Run actions/checkout@v4	2026-02-07T23:25:50.1906276Z ##[endgroup]
Drizzle Schema Integrity Check	Run actions/checkout@v4	2026-02-07T23:25:50.1907815Z ##[group]Fetching the repository
Drizzle Schema Integrity Check	Run actions/checkout@v4	2026-02-07T23:25:50.1917272Z [command]/usr/bin/git -c protocol.version=2 fetch --no-tags --prune --no-recurse-submodules --depth=1 origin +0aae87779ba13c1ea52803d5aa0c2ef7939d6ef0:refs/remotes/origin/main
Drizzle Schema Integrity Check	Run actions/checkout@v4	2026-02-07T23:25:50.8057258Z From https://github.com/adelfree2023-dev/KIMI
Drizzle Schema Integrity Check	Run actions/checkout@v4	2026-02-07T23:25:50.8058438Z  * [new ref]         0aae87779ba13c1ea52803d5aa0c2ef7939d6ef0 -> origin/main
Drizzle Schema Integrity Check	Run actions/checkout@v4	2026-02-07T23:25:50.8089351Z ##[endgroup]
Drizzle Schema Integrity Check	Run actions/checkout@v4	2026-02-07T23:25:50.8090596Z ##[group]Determining the checkout info
Drizzle Schema Integrity Check	Run actions/checkout@v4	2026-02-07T23:25:50.8092598Z ##[endgroup]
Drizzle Schema Integrity Check	Run actions/checkout@v4	2026-02-07T23:25:50.8097080Z [command]/usr/bin/git sparse-checkout disable
Drizzle Schema Integrity Check	Run actions/checkout@v4	2026-02-07T23:25:50.8136550Z [command]/usr/bin/git config --local --unset-all extensions.worktreeConfig
Drizzle Schema Integrity Check	Run actions/checkout@v4	2026-02-07T23:25:50.8161459Z ##[group]Checking out the ref
Drizzle Schema Integrity Check	Run actions/checkout@v4	2026-02-07T23:25:50.8165023Z [command]/usr/bin/git checkout --progress --force -B main refs/remotes/origin/main
Drizzle Schema Integrity Check	Run actions/checkout@v4	2026-02-07T23:25:50.8310221Z Switched to a new branch 'main'
Drizzle Schema Integrity Check	Run actions/checkout@v4	2026-02-07T23:25:50.8311871Z branch 'main' set up to track 'origin/main'.
Drizzle Schema Integrity Check	Run actions/checkout@v4	2026-02-07T23:25:50.8319873Z ##[endgroup]
Drizzle Schema Integrity Check	Run actions/checkout@v4	2026-02-07T23:25:50.8354458Z [command]/usr/bin/git log -1 --format=%H
Drizzle Schema Integrity Check	Run actions/checkout@v4	2026-02-07T23:25:50.8375960Z 0aae87779ba13c1ea52803d5aa0c2ef7939d6ef0
Drizzle Schema Integrity Check	Setup Bun	Ôªø2026-02-07T23:25:50.8573588Z ##[group]Run oven-sh/setup-bun@v1
Drizzle Schema Integrity Check	Setup Bun	2026-02-07T23:25:50.8574400Z with:
Drizzle Schema Integrity Check	Setup Bun	2026-02-07T23:25:50.8574808Z   bun-version: latest
Drizzle Schema Integrity Check	Setup Bun	2026-02-07T23:25:50.8575266Z   no-cache: false
Drizzle Schema Integrity Check	Setup Bun	2026-02-07T23:25:50.8575669Z env:
Drizzle Schema Integrity Check	Setup Bun	2026-02-07T23:25:50.8576148Z   JWT_SECRET: test_secret_key_for_ci_environment_only_32
Drizzle Schema Integrity Check	Setup Bun	2026-02-07T23:25:50.8577131Z   DATABASE_URL: ***localhost:5432/test
Drizzle Schema Integrity Check	Setup Bun	2026-02-07T23:25:50.8577677Z   MINIO_ACCESS_KEY: test
Drizzle Schema Integrity Check	Setup Bun	2026-02-07T23:25:50.8578161Z   MINIO_SECRET_KEY: minioadmin123
Drizzle Schema Integrity Check	Setup Bun	2026-02-07T23:25:50.8578684Z   MINIO_ENDPOINT: localhost
Drizzle Schema Integrity Check	Setup Bun	2026-02-07T23:25:50.8579303Z ##[endgroup]
Drizzle Schema Integrity Check	Setup Bun	2026-02-07T23:25:50.9705521Z Downloading a new version of Bun: https://bun.sh/download/latest/linux/x64?avx2=true&profile=false
Drizzle Schema Integrity Check	Setup Bun	2026-02-07T23:25:51.7694396Z [command]/usr/bin/unzip -o -q /home/runner/work/_temp/4208725f-0f66-41f2-a706-085179998392
Drizzle Schema Integrity Check	Setup Bun	2026-02-07T23:25:52.5199594Z [command]/home/runner/.bun/bin/bun --revision
Drizzle Schema Integrity Check	Setup Bun	2026-02-07T23:25:52.5240042Z 1.3.8+b64edcb49
Drizzle Schema Integrity Check	Install dependencies	Ôªø2026-02-07T23:25:52.5369530Z ##[group]Run bun install
Drizzle Schema Integrity Check	Install dependencies	2026-02-07T23:25:52.5370083Z [36;1mbun install[0m
Drizzle Schema Integrity Check	Install dependencies	2026-02-07T23:25:52.5408320Z shell: /usr/bin/bash -e {0}
Drizzle Schema Integrity Check	Install dependencies	2026-02-07T23:25:52.5408630Z env:
Drizzle Schema Integrity Check	Install dependencies	2026-02-07T23:25:52.5408918Z   JWT_SECRET: test_secret_key_for_ci_environment_only_32
Drizzle Schema Integrity Check	Install dependencies	2026-02-07T23:25:52.5410159Z   DATABASE_URL: ***localhost:5432/test
Drizzle Schema Integrity Check	Install dependencies	2026-02-07T23:25:52.5410482Z   MINIO_ACCESS_KEY: test
Drizzle Schema Integrity Check	Install dependencies	2026-02-07T23:25:52.5410753Z   MINIO_SECRET_KEY: minioadmin123
Drizzle Schema Integrity Check	Install dependencies	2026-02-07T23:25:52.5411033Z   MINIO_ENDPOINT: localhost
Drizzle Schema Integrity Check	Install dependencies	2026-02-07T23:25:52.5411289Z ##[endgroup]
Drizzle Schema Integrity Check	Install dependencies	2026-02-07T23:25:52.5513391Z bun install v1.3.8 (b64edcb4)
Drizzle Schema Integrity Check	Install dependencies	2026-02-07T23:25:52.5601599Z [8.52ms] migrated lockfile from package-lock.json
Drizzle Schema Integrity Check	Install dependencies	2026-02-07T23:25:52.5613090Z Resolving dependencies
Drizzle Schema Integrity Check	Install dependencies	2026-02-07T23:25:53.1187028Z Resolved, downloaded and extracted [238]
Drizzle Schema Integrity Check	Install dependencies	2026-02-07T23:25:54.9221880Z Saved lockfile
Drizzle Schema Integrity Check	Install dependencies	2026-02-07T23:25:54.9222293Z 
Drizzle Schema Integrity Check	Install dependencies	2026-02-07T23:25:54.9222567Z + @biomejs/biome@1.5.3 (v2.3.14 available)
Drizzle Schema Integrity Check	Install dependencies	2026-02-07T23:25:54.9223439Z + reflect-metadata@0.1.14 (v0.2.2 available)
Drizzle Schema Integrity Check	Install dependencies	2026-02-07T23:25:54.9223955Z + turbo@1.13.4
Drizzle Schema Integrity Check	Install dependencies	2026-02-07T23:25:54.9224288Z + vite-tsconfig-paths@6.1.0
Drizzle Schema Integrity Check	Install dependencies	2026-02-07T23:25:54.9224534Z 
Drizzle Schema Integrity Check	Install dependencies	2026-02-07T23:25:54.9224717Z 697 packages installed [2.37s]
Drizzle Schema Integrity Check	Install dependencies	2026-02-07T23:25:54.9224950Z 
Drizzle Schema Integrity Check	Install dependencies	2026-02-07T23:25:54.9225231Z Blocked 3 postinstalls. Run `bun pm untrusted` for details.
Drizzle Schema Integrity Check	Validate Drizzle Schema (Drift Check)	Ôªø2026-02-07T23:25:55.0040323Z ##[group]Run cd packages/db
Drizzle Schema Integrity Check	Validate Drizzle Schema (Drift Check)	2026-02-07T23:25:55.0040663Z [36;1mcd packages/db[0m
Drizzle Schema Integrity Check	Validate Drizzle Schema (Drift Check)	2026-02-07T23:25:55.0041128Z [36;1mbunx drizzle-kit check:pg || (echo "‚ùå Schema drift detected! Run db:generate locally." && exit 1)[0m
Drizzle Schema Integrity Check	Validate Drizzle Schema (Drift Check)	2026-02-07T23:25:55.0073566Z shell: /usr/bin/bash -e {0}
Drizzle Schema Integrity Check	Validate Drizzle Schema (Drift Check)	2026-02-07T23:25:55.0073996Z env:
Drizzle Schema Integrity Check	Validate Drizzle Schema (Drift Check)	2026-02-07T23:25:55.0074392Z   JWT_SECRET: test_secret_key_for_ci_environment_only_32
Drizzle Schema Integrity Check	Validate Drizzle Schema (Drift Check)	2026-02-07T23:25:55.0075302Z   DATABASE_URL: ***localhost:5432/test
Drizzle Schema Integrity Check	Validate Drizzle Schema (Drift Check)	2026-02-07T23:25:55.0075783Z   MINIO_ACCESS_KEY: test
Drizzle Schema Integrity Check	Validate Drizzle Schema (Drift Check)	2026-02-07T23:25:55.0076175Z   MINIO_SECRET_KEY: minioadmin123
Drizzle Schema Integrity Check	Validate Drizzle Schema (Drift Check)	2026-02-07T23:25:55.0076599Z   MINIO_ENDPOINT: localhost
Drizzle Schema Integrity Check	Validate Drizzle Schema (Drift Check)	2026-02-07T23:25:55.0076981Z ##[endgroup]
Drizzle Schema Integrity Check	Validate Drizzle Schema (Drift Check)	2026-02-07T23:25:55.4491584Z drizzle-kit: v0.20.18
Drizzle Schema Integrity Check	Validate Drizzle Schema (Drift Check)	2026-02-07T23:25:55.4491937Z drizzle-orm: v0.29.5
Drizzle Schema Integrity Check	Validate Drizzle Schema (Drift Check)	2026-02-07T23:25:55.4492126Z 
Drizzle Schema Integrity Check	Validate Drizzle Schema (Drift Check)	2026-02-07T23:25:55.4499551Z No config path provided, using default 'drizzle.config.ts'
Drizzle Schema Integrity Check	Validate Drizzle Schema (Drift Check)	2026-02-07T23:25:55.4500332Z Reading config file '/home/runner/work/KIMI/KIMI/packages/db/drizzle.config.ts'
Drizzle Schema Integrity Check	Validate Drizzle Schema (Drift Check)	2026-02-07T23:25:55.5095222Z Everything's fine üê∂üî•
Drizzle Schema Integrity Check	Post Setup Bun	Ôªø2026-02-07T23:25:55.5252301Z Post job cleanup.
Drizzle Schema Integrity Check	Post Run actions/checkout@v4	Ôªø2026-02-07T23:25:55.6563697Z Post job cleanup.
Drizzle Schema Integrity Check	Post Run actions/checkout@v4	2026-02-07T23:25:55.7537622Z [command]/usr/bin/git version
Drizzle Schema Integrity Check	Post Run actions/checkout@v4	2026-02-07T23:25:55.7578020Z git version 2.52.0
Drizzle Schema Integrity Check	Post Run actions/checkout@v4	2026-02-07T23:25:55.7624181Z Temporarily overriding HOME='/home/runner/work/_temp/e55ac1e8-abfd-419e-a066-324d5342b00c' before making global git config changes
Drizzle Schema Integrity Check	Post Run actions/checkout@v4	2026-02-07T23:25:55.7625656Z Adding repository directory to the temporary git global config as a safe directory
Drizzle Schema Integrity Check	Post Run actions/checkout@v4	2026-02-07T23:25:55.7631299Z [command]/usr/bin/git config --global --add safe.directory /home/runner/work/KIMI/KIMI
Drizzle Schema Integrity Check	Post Run actions/checkout@v4	2026-02-07T23:25:55.7671834Z [command]/usr/bin/git config --local --name-only --get-regexp core\.sshCommand
Drizzle Schema Integrity Check	Post Run actions/checkout@v4	2026-02-07T23:25:55.7706618Z [command]/usr/bin/git submodule foreach --recursive sh -c "git config --local --name-only --get-regexp 'core\.sshCommand' && git config --local --unset-all 'core.sshCommand' || :"
Drizzle Schema Integrity Check	Post Run actions/checkout@v4	2026-02-07T23:25:55.7957679Z [command]/usr/bin/git config --local --name-only --get-regexp http\.https\:\/\/github\.com\/\.extraheader
Drizzle Schema Integrity Check	Post Run actions/checkout@v4	2026-02-07T23:25:55.7982921Z http.https://github.com/.extraheader
Drizzle Schema Integrity Check	Post Run actions/checkout@v4	2026-02-07T23:25:55.7997510Z [command]/usr/bin/git config --local --unset-all http.https://github.com/.extraheader
Drizzle Schema Integrity Check	Post Run actions/checkout@v4	2026-02-07T23:25:55.8033968Z [command]/usr/bin/git submodule foreach --recursive sh -c "git config --local --name-only --get-regexp 'http\.https\:\/\/github\.com\/\.extraheader' && git config --local --unset-all 'http.https://github.com/.extraheader' || :"
Drizzle Schema Integrity Check	Post Run actions/checkout@v4	2026-02-07T23:25:55.8273296Z [command]/usr/bin/git config --local --name-only --get-regexp ^includeIf\.gitdir:
Drizzle Schema Integrity Check	Post Run actions/checkout@v4	2026-02-07T23:25:55.8307513Z [command]/usr/bin/git submodule foreach --recursive git config --local --show-origin --name-only --get-regexp remote.origin.url
Drizzle Schema Integrity Check	Complete job	Ôªø2026-02-07T23:25:55.8668537Z Cleaning up orphan processes
S1 Environment Verification	Set up job	Ôªø2026-02-07T23:25:47.5695538Z Current runner version: '2.331.0'
S1 Environment Verification	Set up job	2026-02-07T23:25:47.5724910Z ##[group]Runner Image Provisioner
S1 Environment Verification	Set up job	2026-02-07T23:25:47.5725729Z Hosted Compute Agent
S1 Environment Verification	Set up job	2026-02-07T23:25:47.5726316Z Version: 20260123.484
S1 Environment Verification	Set up job	2026-02-07T23:25:47.5726898Z Commit: 6bd6555ca37d84114959e1c76d2c01448ff61c5d
S1 Environment Verification	Set up job	2026-02-07T23:25:47.5727980Z Build Date: 2026-01-23T19:41:17Z
S1 Environment Verification	Set up job	2026-02-07T23:25:47.5728658Z Worker ID: {b7833b3f-7537-4da2-81d9-c0a7bfc4d821}
S1 Environment Verification	Set up job	2026-02-07T23:25:47.5729332Z Azure Region: eastus
S1 Environment Verification	Set up job	2026-02-07T23:25:47.5729918Z ##[endgroup]
S1 Environment Verification	Set up job	2026-02-07T23:25:47.5731660Z ##[group]Operating System
S1 Environment Verification	Set up job	2026-02-07T23:25:47.5732270Z Ubuntu
S1 Environment Verification	Set up job	2026-02-07T23:25:47.5732795Z 24.04.3
S1 Environment Verification	Set up job	2026-02-07T23:25:47.5733247Z LTS
S1 Environment Verification	Set up job	2026-02-07T23:25:47.5733673Z ##[endgroup]
S1 Environment Verification	Set up job	2026-02-07T23:25:47.5734199Z ##[group]Runner Image
S1 Environment Verification	Set up job	2026-02-07T23:25:47.5734773Z Image: ubuntu-24.04
S1 Environment Verification	Set up job	2026-02-07T23:25:47.5735233Z Version: 20260201.15.1
S1 Environment Verification	Set up job	2026-02-07T23:25:47.5736266Z Included Software: https://github.com/actions/runner-images/blob/ubuntu24/20260201.15/images/ubuntu/Ubuntu2404-Readme.md
S1 Environment Verification	Set up job	2026-02-07T23:25:47.5738113Z Image Release: https://github.com/actions/runner-images/releases/tag/ubuntu24%2F20260201.15
S1 Environment Verification	Set up job	2026-02-07T23:25:47.5739095Z ##[endgroup]
S1 Environment Verification	Set up job	2026-02-07T23:25:47.5740399Z ##[group]GITHUB_TOKEN Permissions
S1 Environment Verification	Set up job	2026-02-07T23:25:47.5742472Z Actions: read
S1 Environment Verification	Set up job	2026-02-07T23:25:47.5743024Z Checks: read
S1 Environment Verification	Set up job	2026-02-07T23:25:47.5743462Z Contents: read
S1 Environment Verification	Set up job	2026-02-07T23:25:47.5744052Z Metadata: read
S1 Environment Verification	Set up job	2026-02-07T23:25:47.5744554Z PullRequests: write
S1 Environment Verification	Set up job	2026-02-07T23:25:47.5745015Z SecurityEvents: write
S1 Environment Verification	Set up job	2026-02-07T23:25:47.5745635Z ##[endgroup]
S1 Environment Verification	Set up job	2026-02-07T23:25:47.5747765Z Secret source: Actions
S1 Environment Verification	Set up job	2026-02-07T23:25:47.5748913Z Prepare workflow directory
S1 Environment Verification	Set up job	2026-02-07T23:25:47.6125872Z Prepare all required actions
S1 Environment Verification	Set up job	2026-02-07T23:25:47.6163272Z Getting action download info
S1 Environment Verification	Set up job	2026-02-07T23:25:47.8365567Z Download action repository 'actions/checkout@v4' (SHA:34e114876b0b11c390a56381ad16ebd13914f8d5)
S1 Environment Verification	Set up job	2026-02-07T23:25:47.9261894Z Download action repository 'oven-sh/setup-bun@v1' (SHA:f4d14e03ff726c06358e5557344e1da148b56cf7)
S1 Environment Verification	Set up job	2026-02-07T23:25:48.1695481Z Complete job name: S1 Environment Verification
S1 Environment Verification	Run actions/checkout@v4	Ôªø2026-02-07T23:25:48.2375677Z ##[group]Run actions/checkout@v4
S1 Environment Verification	Run actions/checkout@v4	2026-02-07T23:25:48.2376500Z with:
S1 Environment Verification	Run actions/checkout@v4	2026-02-07T23:25:48.2376898Z   repository: adelfree2023-dev/KIMI
S1 Environment Verification	Run actions/checkout@v4	2026-02-07T23:25:48.2377712Z   token: ***
S1 Environment Verification	Run actions/checkout@v4	2026-02-07T23:25:48.2378084Z   ssh-strict: true
S1 Environment Verification	Run actions/checkout@v4	2026-02-07T23:25:48.2378466Z   ssh-user: git
S1 Environment Verification	Run actions/checkout@v4	2026-02-07T23:25:48.2378853Z   persist-credentials: true
S1 Environment Verification	Run actions/checkout@v4	2026-02-07T23:25:48.2379288Z   clean: true
S1 Environment Verification	Run actions/checkout@v4	2026-02-07T23:25:48.2379679Z   sparse-checkout-cone-mode: true
S1 Environment Verification	Run actions/checkout@v4	2026-02-07T23:25:48.2380160Z   fetch-depth: 1
S1 Environment Verification	Run actions/checkout@v4	2026-02-07T23:25:48.2380631Z   fetch-tags: false
S1 Environment Verification	Run actions/checkout@v4	2026-02-07T23:25:48.2381027Z   show-progress: true
S1 Environment Verification	Run actions/checkout@v4	2026-02-07T23:25:48.2381422Z   lfs: false
S1 Environment Verification	Run actions/checkout@v4	2026-02-07T23:25:48.2381778Z   submodules: false
S1 Environment Verification	Run actions/checkout@v4	2026-02-07T23:25:48.2382184Z   set-safe-directory: true
S1 Environment Verification	Run actions/checkout@v4	2026-02-07T23:25:48.2382839Z env:
S1 Environment Verification	Run actions/checkout@v4	2026-02-07T23:25:48.2383298Z   JWT_SECRET: test_secret_key_for_ci_environment_only_32
S1 Environment Verification	Run actions/checkout@v4	2026-02-07T23:25:48.2384082Z   DATABASE_URL: ***localhost:5432/test
S1 Environment Verification	Run actions/checkout@v4	2026-02-07T23:25:48.2384595Z   MINIO_ACCESS_KEY: test
S1 Environment Verification	Run actions/checkout@v4	2026-02-07T23:25:48.2385030Z   MINIO_SECRET_KEY: minioadmin123
S1 Environment Verification	Run actions/checkout@v4	2026-02-07T23:25:48.2385523Z   MINIO_ENDPOINT: localhost
S1 Environment Verification	Run actions/checkout@v4	2026-02-07T23:25:48.2385956Z ##[endgroup]
S1 Environment Verification	Run actions/checkout@v4	2026-02-07T23:25:48.3433959Z Syncing repository: adelfree2023-dev/KIMI
S1 Environment Verification	Run actions/checkout@v4	2026-02-07T23:25:48.3435741Z ##[group]Getting Git version info
S1 Environment Verification	Run actions/checkout@v4	2026-02-07T23:25:48.3436486Z Working directory is '/home/runner/work/KIMI/KIMI'
S1 Environment Verification	Run actions/checkout@v4	2026-02-07T23:25:48.3437668Z [command]/usr/bin/git version
S1 Environment Verification	Run actions/checkout@v4	2026-02-07T23:25:48.3511710Z git version 2.52.0
S1 Environment Verification	Run actions/checkout@v4	2026-02-07T23:25:48.3537332Z ##[endgroup]
S1 Environment Verification	Run actions/checkout@v4	2026-02-07T23:25:48.3551454Z Temporarily overriding HOME='/home/runner/work/_temp/58acb486-1e5e-4f80-911b-25c01506e5f2' before making global git config changes
S1 Environment Verification	Run actions/checkout@v4	2026-02-07T23:25:48.3563798Z Adding repository directory to the temporary git global config as a safe directory
S1 Environment Verification	Run actions/checkout@v4	2026-02-07T23:25:48.3565028Z [command]/usr/bin/git config --global --add safe.directory /home/runner/work/KIMI/KIMI
S1 Environment Verification	Run actions/checkout@v4	2026-02-07T23:25:48.3602293Z Deleting the contents of '/home/runner/work/KIMI/KIMI'
S1 Environment Verification	Run actions/checkout@v4	2026-02-07T23:25:48.3605843Z ##[group]Initializing the repository
S1 Environment Verification	Run actions/checkout@v4	2026-02-07T23:25:48.3609931Z [command]/usr/bin/git init /home/runner/work/KIMI/KIMI
S1 Environment Verification	Run actions/checkout@v4	2026-02-07T23:25:48.3711295Z hint: Using 'master' as the name for the initial branch. This default branch name
S1 Environment Verification	Run actions/checkout@v4	2026-02-07T23:25:48.3712834Z hint: will change to "main" in Git 3.0. To configure the initial branch name
S1 Environment Verification	Run actions/checkout@v4	2026-02-07T23:25:48.3714487Z hint: to use in all of your new repositories, which will suppress this warning,
S1 Environment Verification	Run actions/checkout@v4	2026-02-07T23:25:48.3715978Z hint: call:
S1 Environment Verification	Run actions/checkout@v4	2026-02-07T23:25:48.3716653Z hint:
S1 Environment Verification	Run actions/checkout@v4	2026-02-07T23:25:48.3717659Z hint: 	git config --global init.defaultBranch <name>
S1 Environment Verification	Run actions/checkout@v4	2026-02-07T23:25:48.3718358Z hint:
S1 Environment Verification	Run actions/checkout@v4	2026-02-07T23:25:48.3718968Z hint: Names commonly chosen instead of 'master' are 'main', 'trunk' and
S1 Environment Verification	Run actions/checkout@v4	2026-02-07T23:25:48.3719985Z hint: 'development'. The just-created branch can be renamed via this command:
S1 Environment Verification	Run actions/checkout@v4	2026-02-07T23:25:48.3720776Z hint:
S1 Environment Verification	Run actions/checkout@v4	2026-02-07T23:25:48.3721178Z hint: 	git branch -m <name>
S1 Environment Verification	Run actions/checkout@v4	2026-02-07T23:25:48.3721854Z hint:
S1 Environment Verification	Run actions/checkout@v4	2026-02-07T23:25:48.3722750Z hint: Disable this message with "git config set advice.defaultBranchName false"
S1 Environment Verification	Run actions/checkout@v4	2026-02-07T23:25:48.3723689Z Initialized empty Git repository in /home/runner/work/KIMI/KIMI/.git/
S1 Environment Verification	Run actions/checkout@v4	2026-02-07T23:25:48.3727367Z [command]/usr/bin/git remote add origin https://github.com/adelfree2023-dev/KIMI
S1 Environment Verification	Run actions/checkout@v4	2026-02-07T23:25:48.3759493Z ##[endgroup]
S1 Environment Verification	Run actions/checkout@v4	2026-02-07T23:25:48.3760215Z ##[group]Disabling automatic garbage collection
S1 Environment Verification	Run actions/checkout@v4	2026-02-07T23:25:48.3763452Z [command]/usr/bin/git config --local gc.auto 0
S1 Environment Verification	Run actions/checkout@v4	2026-02-07T23:25:48.3790785Z ##[endgroup]
S1 Environment Verification	Run actions/checkout@v4	2026-02-07T23:25:48.3791448Z ##[group]Setting up auth
S1 Environment Verification	Run actions/checkout@v4	2026-02-07T23:25:48.3797748Z [command]/usr/bin/git config --local --name-only --get-regexp core\.sshCommand
S1 Environment Verification	Run actions/checkout@v4	2026-02-07T23:25:48.3828499Z [command]/usr/bin/git submodule foreach --recursive sh -c "git config --local --name-only --get-regexp 'core\.sshCommand' && git config --local --unset-all 'core.sshCommand' || :"
S1 Environment Verification	Run actions/checkout@v4	2026-02-07T23:25:48.4183531Z [command]/usr/bin/git config --local --name-only --get-regexp http\.https\:\/\/github\.com\/\.extraheader
S1 Environment Verification	Run actions/checkout@v4	2026-02-07T23:25:48.4212260Z [command]/usr/bin/git submodule foreach --recursive sh -c "git config --local --name-only --get-regexp 'http\.https\:\/\/github\.com\/\.extraheader' && git config --local --unset-all 'http.https://github.com/.extraheader' || :"
S1 Environment Verification	Run actions/checkout@v4	2026-02-07T23:25:48.4427272Z [command]/usr/bin/git config --local --name-only --get-regexp ^includeIf\.gitdir:
S1 Environment Verification	Run actions/checkout@v4	2026-02-07T23:25:48.4458106Z [command]/usr/bin/git submodule foreach --recursive git config --local --show-origin --name-only --get-regexp remote.origin.url
S1 Environment Verification	Run actions/checkout@v4	2026-02-07T23:25:48.4678599Z [command]/usr/bin/git config --local http.https://github.com/.extraheader AUTHORIZATION: basic ***
S1 Environment Verification	Run actions/checkout@v4	2026-02-07T23:25:48.4711818Z ##[endgroup]
S1 Environment Verification	Run actions/checkout@v4	2026-02-07T23:25:48.4712948Z ##[group]Fetching the repository
S1 Environment Verification	Run actions/checkout@v4	2026-02-07T23:25:48.4720114Z [command]/usr/bin/git -c protocol.version=2 fetch --no-tags --prune --no-recurse-submodules --depth=1 origin +0aae87779ba13c1ea52803d5aa0c2ef7939d6ef0:refs/remotes/origin/main
S1 Environment Verification	Run actions/checkout@v4	2026-02-07T23:25:48.6433819Z From https://github.com/adelfree2023-dev/KIMI
S1 Environment Verification	Run actions/checkout@v4	2026-02-07T23:25:48.6435898Z  * [new ref]         0aae87779ba13c1ea52803d5aa0c2ef7939d6ef0 -> origin/main
S1 Environment Verification	Run actions/checkout@v4	2026-02-07T23:25:48.6466274Z ##[endgroup]
S1 Environment Verification	Run actions/checkout@v4	2026-02-07T23:25:48.6467664Z ##[group]Determining the checkout info
S1 Environment Verification	Run actions/checkout@v4	2026-02-07T23:25:48.6469223Z ##[endgroup]
S1 Environment Verification	Run actions/checkout@v4	2026-02-07T23:25:48.6474869Z [command]/usr/bin/git sparse-checkout disable
S1 Environment Verification	Run actions/checkout@v4	2026-02-07T23:25:48.6515679Z [command]/usr/bin/git config --local --unset-all extensions.worktreeConfig
S1 Environment Verification	Run actions/checkout@v4	2026-02-07T23:25:48.6541830Z ##[group]Checking out the ref
S1 Environment Verification	Run actions/checkout@v4	2026-02-07T23:25:48.6546514Z [command]/usr/bin/git checkout --progress --force -B main refs/remotes/origin/main
S1 Environment Verification	Run actions/checkout@v4	2026-02-07T23:25:48.6685816Z Switched to a new branch 'main'
S1 Environment Verification	Run actions/checkout@v4	2026-02-07T23:25:48.6689001Z branch 'main' set up to track 'origin/main'.
S1 Environment Verification	Run actions/checkout@v4	2026-02-07T23:25:48.6695588Z ##[endgroup]
S1 Environment Verification	Run actions/checkout@v4	2026-02-07T23:25:48.6729533Z [command]/usr/bin/git log -1 --format=%H
S1 Environment Verification	Run actions/checkout@v4	2026-02-07T23:25:48.6750667Z 0aae87779ba13c1ea52803d5aa0c2ef7939d6ef0
S1 Environment Verification	Setup Bun	Ôªø2026-02-07T23:25:48.6941659Z ##[group]Run oven-sh/setup-bun@v1
S1 Environment Verification	Setup Bun	2026-02-07T23:25:48.6942375Z with:
S1 Environment Verification	Setup Bun	2026-02-07T23:25:48.6942728Z   bun-version: latest
S1 Environment Verification	Setup Bun	2026-02-07T23:25:48.6943120Z   no-cache: false
S1 Environment Verification	Setup Bun	2026-02-07T23:25:48.6943478Z env:
S1 Environment Verification	Setup Bun	2026-02-07T23:25:48.6943903Z   JWT_SECRET: test_secret_key_for_ci_environment_only_32
S1 Environment Verification	Setup Bun	2026-02-07T23:25:48.6944761Z   DATABASE_URL: ***localhost:5432/test
S1 Environment Verification	Setup Bun	2026-02-07T23:25:48.6945251Z   MINIO_ACCESS_KEY: test
S1 Environment Verification	Setup Bun	2026-02-07T23:25:48.6945680Z   MINIO_SECRET_KEY: minioadmin123
S1 Environment Verification	Setup Bun	2026-02-07T23:25:48.6946133Z   MINIO_ENDPOINT: localhost
S1 Environment Verification	Setup Bun	2026-02-07T23:25:48.6946548Z ##[endgroup]
S1 Environment Verification	Setup Bun	2026-02-07T23:25:48.8076249Z Downloading a new version of Bun: https://bun.sh/download/latest/linux/x64?avx2=true&profile=false
S1 Environment Verification	Setup Bun	2026-02-07T23:25:49.4393719Z [command]/usr/bin/unzip -o -q /home/runner/work/_temp/540f8716-7539-41f6-881d-1b846ef34dde
S1 Environment Verification	Setup Bun	2026-02-07T23:25:50.2058036Z [command]/home/runner/.bun/bin/bun --revision
S1 Environment Verification	Setup Bun	2026-02-07T23:25:50.2095345Z 1.3.8+b64edcb49
S1 Environment Verification	Install dependencies	Ôªø2026-02-07T23:25:50.2221393Z ##[group]Run bun install
S1 Environment Verification	Install dependencies	2026-02-07T23:25:50.2221802Z [36;1mbun install[0m
S1 Environment Verification	Install dependencies	2026-02-07T23:25:50.2259762Z shell: /usr/bin/bash -e {0}
S1 Environment Verification	Install dependencies	2026-02-07T23:25:50.2260076Z env:
S1 Environment Verification	Install dependencies	2026-02-07T23:25:50.2260355Z   JWT_SECRET: test_secret_key_for_ci_environment_only_32
S1 Environment Verification	Install dependencies	2026-02-07T23:25:50.2261107Z   DATABASE_URL: ***localhost:5432/test
S1 Environment Verification	Install dependencies	2026-02-07T23:25:50.2261408Z   MINIO_ACCESS_KEY: test
S1 Environment Verification	Install dependencies	2026-02-07T23:25:50.2261669Z   MINIO_SECRET_KEY: minioadmin123
S1 Environment Verification	Install dependencies	2026-02-07T23:25:50.2261951Z   MINIO_ENDPOINT: localhost
S1 Environment Verification	Install dependencies	2026-02-07T23:25:50.2262204Z ##[endgroup]
S1 Environment Verification	Install dependencies	2026-02-07T23:25:50.2361922Z bun install v1.3.8 (b64edcb4)
S1 Environment Verification	Install dependencies	2026-02-07T23:25:50.2444806Z [7.97ms] migrated lockfile from package-lock.json
S1 Environment Verification	Install dependencies	2026-02-07T23:25:50.2456844Z Resolving dependencies
S1 Environment Verification	Install dependencies	2026-02-07T23:25:50.8141130Z Resolved, downloaded and extracted [238]
S1 Environment Verification	Install dependencies	2026-02-07T23:25:52.8216930Z Saved lockfile
S1 Environment Verification	Install dependencies	2026-02-07T23:25:52.8217665Z 
S1 Environment Verification	Install dependencies	2026-02-07T23:25:52.8217929Z + @biomejs/biome@1.5.3 (v2.3.14 available)
S1 Environment Verification	Install dependencies	2026-02-07T23:25:52.8218646Z + reflect-metadata@0.1.14 (v0.2.2 available)
S1 Environment Verification	Install dependencies	2026-02-07T23:25:52.8219389Z + turbo@1.13.4
S1 Environment Verification	Install dependencies	2026-02-07T23:25:52.8219862Z + vite-tsconfig-paths@6.1.0
S1 Environment Verification	Install dependencies	2026-02-07T23:25:52.8220257Z 
S1 Environment Verification	Install dependencies	2026-02-07T23:25:52.8220517Z 697 packages installed [2.59s]
S1 Environment Verification	Install dependencies	2026-02-07T23:25:52.8220906Z 
S1 Environment Verification	Install dependencies	2026-02-07T23:25:52.8221239Z Blocked 3 postinstalls. Run `bun pm untrusted` for details.
S1 Environment Verification	Test S1 Crash on Invalid JWT_SECRET	Ôªø2026-02-07T23:25:52.9202343Z ##[group]Run # Test 1: Missing JWT_SECRET should crash
S1 Environment Verification	Test S1 Crash on Invalid JWT_SECRET	2026-02-07T23:25:52.9202814Z [36;1m# Test 1: Missing JWT_SECRET should crash[0m
S1 Environment Verification	Test S1 Crash on Invalid JWT_SECRET	2026-02-07T23:25:52.9203232Z [36;1mif JWT_SECRET="" bun run packages/config/src/index.ts 2>&1; then[0m
S1 Environment Verification	Test S1 Crash on Invalid JWT_SECRET	2026-02-07T23:25:52.9203694Z [36;1m  echo "‚ùå FAIL: App should have crashed with empty JWT_SECRET"[0m
S1 Environment Verification	Test S1 Crash on Invalid JWT_SECRET	2026-02-07T23:25:52.9204062Z [36;1m  exit 1[0m
S1 Environment Verification	Test S1 Crash on Invalid JWT_SECRET	2026-02-07T23:25:52.9204234Z [36;1melse[0m
S1 Environment Verification	Test S1 Crash on Invalid JWT_SECRET	2026-02-07T23:25:52.9204513Z [36;1m  echo "‚úÖ PASS: App crashed as expected with empty JWT_SECRET"[0m
S1 Environment Verification	Test S1 Crash on Invalid JWT_SECRET	2026-02-07T23:25:52.9204834Z [36;1mfi[0m
S1 Environment Verification	Test S1 Crash on Invalid JWT_SECRET	2026-02-07T23:25:52.9205042Z [36;1m# Test 2: Short JWT_SECRET should crash[0m
S1 Environment Verification	Test S1 Crash on Invalid JWT_SECRET	2026-02-07T23:25:52.9205417Z [36;1mif JWT_SECRET="short" bun run packages/config/src/index.ts 2>&1; then[0m
S1 Environment Verification	Test S1 Crash on Invalid JWT_SECRET	2026-02-07T23:25:52.9205889Z [36;1m  echo "‚ùå FAIL: App should have crashed with short JWT_SECRET"[0m
S1 Environment Verification	Test S1 Crash on Invalid JWT_SECRET	2026-02-07T23:25:52.9206209Z [36;1m  exit 1[0m
S1 Environment Verification	Test S1 Crash on Invalid JWT_SECRET	2026-02-07T23:25:52.9206390Z [36;1melse[0m
S1 Environment Verification	Test S1 Crash on Invalid JWT_SECRET	2026-02-07T23:25:52.9206643Z [36;1m  echo "‚úÖ PASS: App crashed as expected with short JWT_SECRET"[0m
S1 Environment Verification	Test S1 Crash on Invalid JWT_SECRET	2026-02-07T23:25:52.9206990Z [36;1mfi[0m
S1 Environment Verification	Test S1 Crash on Invalid JWT_SECRET	2026-02-07T23:25:52.9207560Z [36;1m# Test 3: Valid JWT_SECRET should pass[0m
S1 Environment Verification	Test S1 Crash on Invalid JWT_SECRET	2026-02-07T23:25:52.9208126Z [36;1mif bun run packages/config/src/index.ts 2>&1; then[0m
S1 Environment Verification	Test S1 Crash on Invalid JWT_SECRET	2026-02-07T23:25:52.9208771Z [36;1m  echo "‚úÖ PASS: App started with valid JWT_SECRET"[0m
S1 Environment Verification	Test S1 Crash on Invalid JWT_SECRET	2026-02-07T23:25:52.9209260Z [36;1melse[0m
S1 Environment Verification	Test S1 Crash on Invalid JWT_SECRET	2026-02-07T23:25:52.9209696Z [36;1m  echo "‚ùå FAIL: App should have started with valid JWT_SECRET"[0m
S1 Environment Verification	Test S1 Crash on Invalid JWT_SECRET	2026-02-07T23:25:52.9210260Z [36;1m  exit 1[0m
S1 Environment Verification	Test S1 Crash on Invalid JWT_SECRET	2026-02-07T23:25:52.9210536Z [36;1mfi[0m
S1 Environment Verification	Test S1 Crash on Invalid JWT_SECRET	2026-02-07T23:25:52.9245456Z shell: /usr/bin/bash -e {0}
S1 Environment Verification	Test S1 Crash on Invalid JWT_SECRET	2026-02-07T23:25:52.9245713Z env:
S1 Environment Verification	Test S1 Crash on Invalid JWT_SECRET	2026-02-07T23:25:52.9245943Z   JWT_SECRET: test_secret_key_for_ci_environment_only_32
S1 Environment Verification	Test S1 Crash on Invalid JWT_SECRET	2026-02-07T23:25:52.9246741Z   DATABASE_URL: ***localhost:5432/test
S1 Environment Verification	Test S1 Crash on Invalid JWT_SECRET	2026-02-07T23:25:52.9247011Z   MINIO_ACCESS_KEY: test
S1 Environment Verification	Test S1 Crash on Invalid JWT_SECRET	2026-02-07T23:25:52.9247445Z   MINIO_SECRET_KEY: minioadmin123
S1 Environment Verification	Test S1 Crash on Invalid JWT_SECRET	2026-02-07T23:25:52.9247680Z   MINIO_ENDPOINT: localhost
S1 Environment Verification	Test S1 Crash on Invalid JWT_SECRET	2026-02-07T23:25:52.9247916Z ##[endgroup]
S1 Environment Verification	Test S1 Crash on Invalid JWT_SECRET	2026-02-07T23:25:52.9536787Z ‚ùå CRITICAL: S1 Protocol Violation
S1 Environment Verification	Test S1 Crash on Invalid JWT_SECRET	2026-02-07T23:25:52.9538044Z S1 Violation: Environment validation failed - JWT_SECRET: S1 Violation: JWT_SECRET must be at least 32 characters; JWT_SECRET: S1 Violation: JWT_SECRET contains invalid characters
S1 Environment Verification	Test S1 Crash on Invalid JWT_SECRET	2026-02-07T23:25:52.9538841Z Application startup aborted. Check your .env file.
S1 Environment Verification	Test S1 Crash on Invalid JWT_SECRET	2026-02-07T23:25:52.9558535Z ‚úÖ PASS: App crashed as expected with empty JWT_SECRET
S1 Environment Verification	Test S1 Crash on Invalid JWT_SECRET	2026-02-07T23:25:52.9742299Z ‚ùå CRITICAL: S1 Protocol Violation
S1 Environment Verification	Test S1 Crash on Invalid JWT_SECRET	2026-02-07T23:25:52.9743377Z S1 Violation: Environment validation failed - JWT_SECRET: S1 Violation: JWT_SECRET must be at least 32 characters
S1 Environment Verification	Test S1 Crash on Invalid JWT_SECRET	2026-02-07T23:25:52.9744365Z Application startup aborted. Check your .env file.
S1 Environment Verification	Test S1 Crash on Invalid JWT_SECRET	2026-02-07T23:25:52.9763224Z ‚úÖ PASS: App crashed as expected with short JWT_SECRET
S1 Environment Verification	Test S1 Crash on Invalid JWT_SECRET	2026-02-07T23:25:52.9937350Z ‚úÖ S1 Compliance: Environment variables validated successfully
S1 Environment Verification	Test S1 Crash on Invalid JWT_SECRET	2026-02-07T23:25:52.9939051Z ‚úÖ S1 Compliance: Environment variables validated successfully
S1 Environment Verification	Test S1 Crash on Invalid JWT_SECRET	2026-02-07T23:25:52.9962153Z ‚úÖ PASS: App started with valid JWT_SECRET
S1 Environment Verification	Post Setup Bun	Ôªø2026-02-07T23:25:53.0014745Z Post job cleanup.
S1 Environment Verification	Post Run actions/checkout@v4	Ôªø2026-02-07T23:25:53.1305892Z Post job cleanup.
S1 Environment Verification	Post Run actions/checkout@v4	2026-02-07T23:25:53.2249783Z [command]/usr/bin/git version
S1 Environment Verification	Post Run actions/checkout@v4	2026-02-07T23:25:53.2285728Z git version 2.52.0
S1 Environment Verification	Post Run actions/checkout@v4	2026-02-07T23:25:53.2329742Z Temporarily overriding HOME='/home/runner/work/_temp/f3ac49d9-dfe5-44f9-9248-87a4bd6ec0ab' before making global git config changes
S1 Environment Verification	Post Run actions/checkout@v4	2026-02-07T23:25:53.2331184Z Adding repository directory to the temporary git global config as a safe directory
S1 Environment Verification	Post Run actions/checkout@v4	2026-02-07T23:25:53.2342593Z [command]/usr/bin/git config --global --add safe.directory /home/runner/work/KIMI/KIMI
S1 Environment Verification	Post Run actions/checkout@v4	2026-02-07T23:25:53.2376131Z [command]/usr/bin/git config --local --name-only --get-regexp core\.sshCommand
S1 Environment Verification	Post Run actions/checkout@v4	2026-02-07T23:25:53.2408494Z [command]/usr/bin/git submodule foreach --recursive sh -c "git config --local --name-only --get-regexp 'core\.sshCommand' && git config --local --unset-all 'core.sshCommand' || :"
S1 Environment Verification	Post Run actions/checkout@v4	2026-02-07T23:25:53.2633774Z [command]/usr/bin/git config --local --name-only --get-regexp http\.https\:\/\/github\.com\/\.extraheader
S1 Environment Verification	Post Run actions/checkout@v4	2026-02-07T23:25:53.2654558Z http.https://github.com/.extraheader
S1 Environment Verification	Post Run actions/checkout@v4	2026-02-07T23:25:53.2666874Z [command]/usr/bin/git config --local --unset-all http.https://github.com/.extraheader
S1 Environment Verification	Post Run actions/checkout@v4	2026-02-07T23:25:53.2697356Z [command]/usr/bin/git submodule foreach --recursive sh -c "git config --local --name-only --get-regexp 'http\.https\:\/\/github\.com\/\.extraheader' && git config --local --unset-all 'http.https://github.com/.extraheader' || :"
S1 Environment Verification	Post Run actions/checkout@v4	2026-02-07T23:25:53.2915546Z [command]/usr/bin/git config --local --name-only --get-regexp ^includeIf\.gitdir:
S1 Environment Verification	Post Run actions/checkout@v4	2026-02-07T23:25:53.2944882Z [command]/usr/bin/git submodule foreach --recursive git config --local --show-origin --name-only --get-regexp remote.origin.url
S1 Environment Verification	Complete job	Ôªø2026-02-07T23:25:53.3269248Z Cleaning up orphan processes
Security Audit & Linting (Strict)	Set up job	Ôªø2026-02-07T23:25:48.2109033Z Current runner version: '2.331.0'
Security Audit & Linting (Strict)	Set up job	2026-02-07T23:25:48.2131272Z ##[group]Runner Image Provisioner
Security Audit & Linting (Strict)	Set up job	2026-02-07T23:25:48.2132160Z Hosted Compute Agent
Security Audit & Linting (Strict)	Set up job	2026-02-07T23:25:48.2132721Z Version: 20260123.484
Security Audit & Linting (Strict)	Set up job	2026-02-07T23:25:48.2133339Z Commit: 6bd6555ca37d84114959e1c76d2c01448ff61c5d
Security Audit & Linting (Strict)	Set up job	2026-02-07T23:25:48.2134068Z Build Date: 2026-01-23T19:41:17Z
Security Audit & Linting (Strict)	Set up job	2026-02-07T23:25:48.2134699Z Worker ID: {97fe79f3-1b15-4ca2-b0ac-2cf5c6902fcb}
Security Audit & Linting (Strict)	Set up job	2026-02-07T23:25:48.2135409Z Azure Region: westus3
Security Audit & Linting (Strict)	Set up job	2026-02-07T23:25:48.2135905Z ##[endgroup]
Security Audit & Linting (Strict)	Set up job	2026-02-07T23:25:48.2137542Z ##[group]Operating System
Security Audit & Linting (Strict)	Set up job	2026-02-07T23:25:48.2138133Z Ubuntu
Security Audit & Linting (Strict)	Set up job	2026-02-07T23:25:48.2138580Z 24.04.3
Security Audit & Linting (Strict)	Set up job	2026-02-07T23:25:48.2139497Z LTS
Security Audit & Linting (Strict)	Set up job	2026-02-07T23:25:48.2139983Z ##[endgroup]
Security Audit & Linting (Strict)	Set up job	2026-02-07T23:25:48.2140448Z ##[group]Runner Image
Security Audit & Linting (Strict)	Set up job	2026-02-07T23:25:48.2141108Z Image: ubuntu-24.04
Security Audit & Linting (Strict)	Set up job	2026-02-07T23:25:48.2141625Z Version: 20260201.15.1
Security Audit & Linting (Strict)	Set up job	2026-02-07T23:25:48.2142593Z Included Software: https://github.com/actions/runner-images/blob/ubuntu24/20260201.15/images/ubuntu/Ubuntu2404-Readme.md
Security Audit & Linting (Strict)	Set up job	2026-02-07T23:25:48.2144279Z Image Release: https://github.com/actions/runner-images/releases/tag/ubuntu24%2F20260201.15
Security Audit & Linting (Strict)	Set up job	2026-02-07T23:25:48.2145254Z ##[endgroup]
Security Audit & Linting (Strict)	Set up job	2026-02-07T23:25:48.2146838Z ##[group]GITHUB_TOKEN Permissions
Security Audit & Linting (Strict)	Set up job	2026-02-07T23:25:48.2149058Z Actions: read
Security Audit & Linting (Strict)	Set up job	2026-02-07T23:25:48.2149676Z Checks: read
Security Audit & Linting (Strict)	Set up job	2026-02-07T23:25:48.2150195Z Contents: read
Security Audit & Linting (Strict)	Set up job	2026-02-07T23:25:48.2150645Z Metadata: read
Security Audit & Linting (Strict)	Set up job	2026-02-07T23:25:48.2151188Z PullRequests: write
Security Audit & Linting (Strict)	Set up job	2026-02-07T23:25:48.2151694Z SecurityEvents: write
Security Audit & Linting (Strict)	Set up job	2026-02-07T23:25:48.2152259Z ##[endgroup]
Security Audit & Linting (Strict)	Set up job	2026-02-07T23:25:48.2154394Z Secret source: Actions
Security Audit & Linting (Strict)	Set up job	2026-02-07T23:25:48.2155163Z Prepare workflow directory
Security Audit & Linting (Strict)	Set up job	2026-02-07T23:25:48.2541447Z Prepare all required actions
Security Audit & Linting (Strict)	Set up job	2026-02-07T23:25:48.2580126Z Getting action download info
Security Audit & Linting (Strict)	Set up job	2026-02-07T23:25:48.6487648Z Download action repository 'actions/checkout@v4' (SHA:34e114876b0b11c390a56381ad16ebd13914f8d5)
Security Audit & Linting (Strict)	Set up job	2026-02-07T23:25:48.7593668Z Download action repository 'oven-sh/setup-bun@v1' (SHA:f4d14e03ff726c06358e5557344e1da148b56cf7)
Security Audit & Linting (Strict)	Set up job	2026-02-07T23:25:49.6392347Z Complete job name: Security Audit & Linting (Strict)
Security Audit & Linting (Strict)	Run actions/checkout@v4	Ôªø2026-02-07T23:25:49.7116728Z ##[group]Run actions/checkout@v4
Security Audit & Linting (Strict)	Run actions/checkout@v4	2026-02-07T23:25:49.7117686Z with:
Security Audit & Linting (Strict)	Run actions/checkout@v4	2026-02-07T23:25:49.7118181Z   repository: adelfree2023-dev/KIMI
Security Audit & Linting (Strict)	Run actions/checkout@v4	2026-02-07T23:25:49.7119157Z   token: ***
Security Audit & Linting (Strict)	Run actions/checkout@v4	2026-02-07T23:25:49.7119631Z   ssh-strict: true
Security Audit & Linting (Strict)	Run actions/checkout@v4	2026-02-07T23:25:49.7120089Z   ssh-user: git
Security Audit & Linting (Strict)	Run actions/checkout@v4	2026-02-07T23:25:49.7120561Z   persist-credentials: true
Security Audit & Linting (Strict)	Run actions/checkout@v4	2026-02-07T23:25:49.7121082Z   clean: true
Security Audit & Linting (Strict)	Run actions/checkout@v4	2026-02-07T23:25:49.7121543Z   sparse-checkout-cone-mode: true
Security Audit & Linting (Strict)	Run actions/checkout@v4	2026-02-07T23:25:49.7122088Z   fetch-depth: 1
Security Audit & Linting (Strict)	Run actions/checkout@v4	2026-02-07T23:25:49.7122575Z   fetch-tags: false
Security Audit & Linting (Strict)	Run actions/checkout@v4	2026-02-07T23:25:49.7123051Z   show-progress: true
Security Audit & Linting (Strict)	Run actions/checkout@v4	2026-02-07T23:25:49.7123522Z   lfs: false
Security Audit & Linting (Strict)	Run actions/checkout@v4	2026-02-07T23:25:49.7123951Z   submodules: false
Security Audit & Linting (Strict)	Run actions/checkout@v4	2026-02-07T23:25:49.7124460Z   set-safe-directory: true
Security Audit & Linting (Strict)	Run actions/checkout@v4	2026-02-07T23:25:49.7125225Z env:
Security Audit & Linting (Strict)	Run actions/checkout@v4	2026-02-07T23:25:49.7125779Z   JWT_SECRET: test_secret_key_for_ci_environment_only_32
Security Audit & Linting (Strict)	Run actions/checkout@v4	2026-02-07T23:25:49.7126697Z   DATABASE_URL: ***localhost:5432/test
Security Audit & Linting (Strict)	Run actions/checkout@v4	2026-02-07T23:25:49.7127305Z   MINIO_ACCESS_KEY: test
Security Audit & Linting (Strict)	Run actions/checkout@v4	2026-02-07T23:25:49.7127819Z   MINIO_SECRET_KEY: minioadmin123
Security Audit & Linting (Strict)	Run actions/checkout@v4	2026-02-07T23:25:49.7128398Z   MINIO_ENDPOINT: localhost
Security Audit & Linting (Strict)	Run actions/checkout@v4	2026-02-07T23:25:49.7129048Z ##[endgroup]
Security Audit & Linting (Strict)	Run actions/checkout@v4	2026-02-07T23:25:49.8191283Z Syncing repository: adelfree2023-dev/KIMI
Security Audit & Linting (Strict)	Run actions/checkout@v4	2026-02-07T23:25:49.8193136Z ##[group]Getting Git version info
Security Audit & Linting (Strict)	Run actions/checkout@v4	2026-02-07T23:25:49.8193872Z Working directory is '/home/runner/work/KIMI/KIMI'
Security Audit & Linting (Strict)	Run actions/checkout@v4	2026-02-07T23:25:49.8194878Z [command]/usr/bin/git version
Security Audit & Linting (Strict)	Run actions/checkout@v4	2026-02-07T23:25:49.8300984Z git version 2.52.0
Security Audit & Linting (Strict)	Run actions/checkout@v4	2026-02-07T23:25:49.8326477Z ##[endgroup]
Security Audit & Linting (Strict)	Run actions/checkout@v4	2026-02-07T23:25:49.8340238Z Temporarily overriding HOME='/home/runner/work/_temp/adfa1b95-7414-415a-88b0-9eb744367275' before making global git config changes
Security Audit & Linting (Strict)	Run actions/checkout@v4	2026-02-07T23:25:49.8342531Z Adding repository directory to the temporary git global config as a safe directory
Security Audit & Linting (Strict)	Run actions/checkout@v4	2026-02-07T23:25:49.8351794Z [command]/usr/bin/git config --global --add safe.directory /home/runner/work/KIMI/KIMI
Security Audit & Linting (Strict)	Run actions/checkout@v4	2026-02-07T23:25:49.8392524Z Deleting the contents of '/home/runner/work/KIMI/KIMI'
Security Audit & Linting (Strict)	Run actions/checkout@v4	2026-02-07T23:25:49.8396117Z ##[group]Initializing the repository
Security Audit & Linting (Strict)	Run actions/checkout@v4	2026-02-07T23:25:49.8400079Z [command]/usr/bin/git init /home/runner/work/KIMI/KIMI
Security Audit & Linting (Strict)	Run actions/checkout@v4	2026-02-07T23:25:49.8530986Z hint: Using 'master' as the name for the initial branch. This default branch name
Security Audit & Linting (Strict)	Run actions/checkout@v4	2026-02-07T23:25:49.8532785Z hint: will change to "main" in Git 3.0. To configure the initial branch name
Security Audit & Linting (Strict)	Run actions/checkout@v4	2026-02-07T23:25:49.8534142Z hint: to use in all of your new repositories, which will suppress this warning,
Security Audit & Linting (Strict)	Run actions/checkout@v4	2026-02-07T23:25:49.8534957Z hint: call:
Security Audit & Linting (Strict)	Run actions/checkout@v4	2026-02-07T23:25:49.8535383Z hint:
Security Audit & Linting (Strict)	Run actions/checkout@v4	2026-02-07T23:25:49.8536174Z hint: 	git config --global init.defaultBranch <name>
Security Audit & Linting (Strict)	Run actions/checkout@v4	2026-02-07T23:25:49.8537283Z hint:
Security Audit & Linting (Strict)	Run actions/checkout@v4	2026-02-07T23:25:49.8538299Z hint: Names commonly chosen instead of 'master' are 'main', 'trunk' and
Security Audit & Linting (Strict)	Run actions/checkout@v4	2026-02-07T23:25:49.8539906Z hint: 'development'. The just-created branch can be renamed via this command:
Security Audit & Linting (Strict)	Run actions/checkout@v4	2026-02-07T23:25:49.8540724Z hint:
Security Audit & Linting (Strict)	Run actions/checkout@v4	2026-02-07T23:25:49.8541158Z hint: 	git branch -m <name>
Security Audit & Linting (Strict)	Run actions/checkout@v4	2026-02-07T23:25:49.8541871Z hint:
Security Audit & Linting (Strict)	Run actions/checkout@v4	2026-02-07T23:25:49.8542744Z hint: Disable this message with "git config set advice.defaultBranchName false"
Security Audit & Linting (Strict)	Run actions/checkout@v4	2026-02-07T23:25:49.8543809Z Initialized empty Git repository in /home/runner/work/KIMI/KIMI/.git/
Security Audit & Linting (Strict)	Run actions/checkout@v4	2026-02-07T23:25:49.8547898Z [command]/usr/bin/git remote add origin https://github.com/adelfree2023-dev/KIMI
Security Audit & Linting (Strict)	Run actions/checkout@v4	2026-02-07T23:25:49.8581546Z ##[endgroup]
Security Audit & Linting (Strict)	Run actions/checkout@v4	2026-02-07T23:25:49.8582395Z ##[group]Disabling automatic garbage collection
Security Audit & Linting (Strict)	Run actions/checkout@v4	2026-02-07T23:25:49.8585407Z [command]/usr/bin/git config --local gc.auto 0
Security Audit & Linting (Strict)	Run actions/checkout@v4	2026-02-07T23:25:49.8612342Z ##[endgroup]
Security Audit & Linting (Strict)	Run actions/checkout@v4	2026-02-07T23:25:49.8613115Z ##[group]Setting up auth
Security Audit & Linting (Strict)	Run actions/checkout@v4	2026-02-07T23:25:49.8620343Z [command]/usr/bin/git config --local --name-only --get-regexp core\.sshCommand
Security Audit & Linting (Strict)	Run actions/checkout@v4	2026-02-07T23:25:49.8651910Z [command]/usr/bin/git submodule foreach --recursive sh -c "git config --local --name-only --get-regexp 'core\.sshCommand' && git config --local --unset-all 'core.sshCommand' || :"
Security Audit & Linting (Strict)	Run actions/checkout@v4	2026-02-07T23:25:49.9051637Z [command]/usr/bin/git config --local --name-only --get-regexp http\.https\:\/\/github\.com\/\.extraheader
Security Audit & Linting (Strict)	Run actions/checkout@v4	2026-02-07T23:25:49.9079881Z [command]/usr/bin/git submodule foreach --recursive sh -c "git config --local --name-only --get-regexp 'http\.https\:\/\/github\.com\/\.extraheader' && git config --local --unset-all 'http.https://github.com/.extraheader' || :"
Security Audit & Linting (Strict)	Run actions/checkout@v4	2026-02-07T23:25:49.9296572Z [command]/usr/bin/git config --local --name-only --get-regexp ^includeIf\.gitdir:
Security Audit & Linting (Strict)	Run actions/checkout@v4	2026-02-07T23:25:49.9326371Z [command]/usr/bin/git submodule foreach --recursive git config --local --show-origin --name-only --get-regexp remote.origin.url
Security Audit & Linting (Strict)	Run actions/checkout@v4	2026-02-07T23:25:49.9544208Z [command]/usr/bin/git config --local http.https://github.com/.extraheader AUTHORIZATION: basic ***
Security Audit & Linting (Strict)	Run actions/checkout@v4	2026-02-07T23:25:49.9575528Z ##[endgroup]
Security Audit & Linting (Strict)	Run actions/checkout@v4	2026-02-07T23:25:49.9583935Z ##[group]Fetching the repository
Security Audit & Linting (Strict)	Run actions/checkout@v4	2026-02-07T23:25:49.9585428Z [command]/usr/bin/git -c protocol.version=2 fetch --no-tags --prune --no-recurse-submodules --depth=1 origin +0aae87779ba13c1ea52803d5aa0c2ef7939d6ef0:refs/remotes/origin/main
Security Audit & Linting (Strict)	Run actions/checkout@v4	2026-02-07T23:25:50.5324174Z From https://github.com/adelfree2023-dev/KIMI
Security Audit & Linting (Strict)	Run actions/checkout@v4	2026-02-07T23:25:50.5325792Z  * [new ref]         0aae87779ba13c1ea52803d5aa0c2ef7939d6ef0 -> origin/main
Security Audit & Linting (Strict)	Run actions/checkout@v4	2026-02-07T23:25:50.5356962Z ##[endgroup]
Security Audit & Linting (Strict)	Run actions/checkout@v4	2026-02-07T23:25:50.5357820Z ##[group]Determining the checkout info
Security Audit & Linting (Strict)	Run actions/checkout@v4	2026-02-07T23:25:50.5359326Z ##[endgroup]
Security Audit & Linting (Strict)	Run actions/checkout@v4	2026-02-07T23:25:50.5364236Z [command]/usr/bin/git sparse-checkout disable
Security Audit & Linting (Strict)	Run actions/checkout@v4	2026-02-07T23:25:50.5407046Z [command]/usr/bin/git config --local --unset-all extensions.worktreeConfig
Security Audit & Linting (Strict)	Run actions/checkout@v4	2026-02-07T23:25:50.5435377Z ##[group]Checking out the ref
Security Audit & Linting (Strict)	Run actions/checkout@v4	2026-02-07T23:25:50.5436356Z [command]/usr/bin/git checkout --progress --force -B main refs/remotes/origin/main
Security Audit & Linting (Strict)	Run actions/checkout@v4	2026-02-07T23:25:50.5579337Z Switched to a new branch 'main'
Security Audit & Linting (Strict)	Run actions/checkout@v4	2026-02-07T23:25:50.5582348Z branch 'main' set up to track 'origin/main'.
Security Audit & Linting (Strict)	Run actions/checkout@v4	2026-02-07T23:25:50.5588278Z ##[endgroup]
Security Audit & Linting (Strict)	Run actions/checkout@v4	2026-02-07T23:25:50.5620956Z [command]/usr/bin/git log -1 --format=%H
Security Audit & Linting (Strict)	Run actions/checkout@v4	2026-02-07T23:25:50.5644153Z 0aae87779ba13c1ea52803d5aa0c2ef7939d6ef0
Security Audit & Linting (Strict)	Setup Bun	Ôªø2026-02-07T23:25:50.5878624Z ##[group]Run oven-sh/setup-bun@v1
Security Audit & Linting (Strict)	Setup Bun	2026-02-07T23:25:50.5879591Z with:
Security Audit & Linting (Strict)	Setup Bun	2026-02-07T23:25:50.5880007Z   bun-version: latest
Security Audit & Linting (Strict)	Setup Bun	2026-02-07T23:25:50.5880477Z   no-cache: false
Security Audit & Linting (Strict)	Setup Bun	2026-02-07T23:25:50.5880895Z env:
Security Audit & Linting (Strict)	Setup Bun	2026-02-07T23:25:50.5881391Z   JWT_SECRET: test_secret_key_for_ci_environment_only_32
Security Audit & Linting (Strict)	Setup Bun	2026-02-07T23:25:50.5882338Z   DATABASE_URL: ***localhost:5432/test
Security Audit & Linting (Strict)	Setup Bun	2026-02-07T23:25:50.5882899Z   MINIO_ACCESS_KEY: test
Security Audit & Linting (Strict)	Setup Bun	2026-02-07T23:25:50.5883415Z   MINIO_SECRET_KEY: minioadmin123
Security Audit & Linting (Strict)	Setup Bun	2026-02-07T23:25:50.5883957Z   MINIO_ENDPOINT: localhost
Security Audit & Linting (Strict)	Setup Bun	2026-02-07T23:25:50.5884442Z ##[endgroup]
Security Audit & Linting (Strict)	Setup Bun	2026-02-07T23:25:50.6990295Z Downloading a new version of Bun: https://bun.sh/download/latest/linux/x64?avx2=true&profile=false
Security Audit & Linting (Strict)	Setup Bun	2026-02-07T23:25:51.5792387Z [command]/usr/bin/unzip -o -q /home/runner/work/_temp/f2e3d7c3-4764-4ede-8a98-35b26c7351da
Security Audit & Linting (Strict)	Setup Bun	2026-02-07T23:25:52.3239387Z [command]/home/runner/.bun/bin/bun --revision
Security Audit & Linting (Strict)	Setup Bun	2026-02-07T23:25:52.3276221Z 1.3.8+b64edcb49
Security Audit & Linting (Strict)	Install dependencies	Ôªø2026-02-07T23:25:52.3403628Z ##[group]Run bun install
Security Audit & Linting (Strict)	Install dependencies	2026-02-07T23:25:52.3403991Z [36;1mbun install[0m
Security Audit & Linting (Strict)	Install dependencies	2026-02-07T23:25:52.3442433Z shell: /usr/bin/bash -e {0}
Security Audit & Linting (Strict)	Install dependencies	2026-02-07T23:25:52.3442741Z env:
Security Audit & Linting (Strict)	Install dependencies	2026-02-07T23:25:52.3443021Z   JWT_SECRET: test_secret_key_for_ci_environment_only_32
Security Audit & Linting (Strict)	Install dependencies	2026-02-07T23:25:52.3443839Z   DATABASE_URL: ***localhost:5432/test
Security Audit & Linting (Strict)	Install dependencies	2026-02-07T23:25:52.3444156Z   MINIO_ACCESS_KEY: test
Security Audit & Linting (Strict)	Install dependencies	2026-02-07T23:25:52.3444419Z   MINIO_SECRET_KEY: minioadmin123
Security Audit & Linting (Strict)	Install dependencies	2026-02-07T23:25:52.3444697Z   MINIO_ENDPOINT: localhost
Security Audit & Linting (Strict)	Install dependencies	2026-02-07T23:25:52.3444948Z ##[endgroup]
Security Audit & Linting (Strict)	Install dependencies	2026-02-07T23:25:52.3540385Z bun install v1.3.8 (b64edcb4)
Security Audit & Linting (Strict)	Install dependencies	2026-02-07T23:25:52.3625094Z [8.19ms] migrated lockfile from package-lock.json
Security Audit & Linting (Strict)	Install dependencies	2026-02-07T23:25:52.3636155Z Resolving dependencies
Security Audit & Linting (Strict)	Install dependencies	2026-02-07T23:25:52.9215725Z Resolved, downloaded and extracted [238]
Security Audit & Linting (Strict)	Install dependencies	2026-02-07T23:25:54.7142631Z Saved lockfile
Security Audit & Linting (Strict)	Install dependencies	2026-02-07T23:25:54.7142955Z 
Security Audit & Linting (Strict)	Install dependencies	2026-02-07T23:25:54.7143128Z + @biomejs/biome@1.5.3 (v2.3.14 available)
Security Audit & Linting (Strict)	Install dependencies	2026-02-07T23:25:54.7143655Z + reflect-metadata@0.1.14 (v0.2.2 available)
Security Audit & Linting (Strict)	Install dependencies	2026-02-07T23:25:54.7144182Z + turbo@1.13.4
Security Audit & Linting (Strict)	Install dependencies	2026-02-07T23:25:54.7144638Z + vite-tsconfig-paths@6.1.0
Security Audit & Linting (Strict)	Install dependencies	2026-02-07T23:25:54.7144908Z 
Security Audit & Linting (Strict)	Install dependencies	2026-02-07T23:25:54.7145098Z 697 packages installed [2.36s]
Security Audit & Linting (Strict)	Install dependencies	2026-02-07T23:25:54.7145362Z 
Security Audit & Linting (Strict)	Install dependencies	2026-02-07T23:25:54.7145672Z Blocked 3 postinstalls. Run `bun pm untrusted` for details.
Security Audit & Linting (Strict)	Security Audit (S1 - Critical/High)	Ôªø2026-02-07T23:25:54.7888122Z ##[group]Run bun audit
Security Audit & Linting (Strict)	Security Audit (S1 - Critical/High)	2026-02-07T23:25:54.7888400Z [36;1mbun audit[0m
Security Audit & Linting (Strict)	Security Audit (S1 - Critical/High)	2026-02-07T23:25:54.7921276Z shell: /usr/bin/bash -e {0}
Security Audit & Linting (Strict)	Security Audit (S1 - Critical/High)	2026-02-07T23:25:54.7921585Z env:
Security Audit & Linting (Strict)	Security Audit (S1 - Critical/High)	2026-02-07T23:25:54.7921839Z   JWT_SECRET: test_secret_key_for_ci_environment_only_32
Security Audit & Linting (Strict)	Security Audit (S1 - Critical/High)	2026-02-07T23:25:54.7922433Z   DATABASE_URL: ***localhost:5432/test
Security Audit & Linting (Strict)	Security Audit (S1 - Critical/High)	2026-02-07T23:25:54.7922879Z   MINIO_ACCESS_KEY: test
Security Audit & Linting (Strict)	Security Audit (S1 - Critical/High)	2026-02-07T23:25:54.7923135Z   MINIO_SECRET_KEY: minioadmin123
Security Audit & Linting (Strict)	Security Audit (S1 - Critical/High)	2026-02-07T23:25:54.7923533Z   MINIO_ENDPOINT: localhost
Security Audit & Linting (Strict)	Security Audit (S1 - Critical/High)	2026-02-07T23:25:54.7923754Z ##[endgroup]
Security Audit & Linting (Strict)	Security Audit (S1 - Critical/High)	2026-02-07T23:25:54.7998126Z [0m[1mbun audit [0m[2mv1.3.8 (b64edcb4)[0m
Security Audit & Linting (Strict)	Security Audit (S1 - Critical/High)	2026-02-07T23:25:54.9270802Z lodash  >=4.0.0 <=4.17.22
Security Audit & Linting (Strict)	Security Audit (S1 - Critical/High)	2026-02-07T23:25:54.9271544Z   workspace:api ‚Ä∫ @nestjs/config
Security Audit & Linting (Strict)	Security Audit (S1 - Critical/High)	2026-02-07T23:25:54.9272224Z   workspace:@apex/provisioning ‚Ä∫ minio
Security Audit & Linting (Strict)	Security Audit (S1 - Critical/High)	2026-02-07T23:25:54.9272700Z   workspace:api ‚Ä∫ @nestjs/cli
Security Audit & Linting (Strict)	Security Audit (S1 - Critical/High)	2026-02-07T23:25:54.9273672Z   moderate: Lodash has Prototype Pollution Vulnerability in `_.unset` and `_.omit` functions - https://github.com/advisories/GHSA-xxjr-mmjv-4gpg
Security Audit & Linting (Strict)	Security Audit (S1 - Critical/High)	2026-02-07T23:25:54.9274547Z 
Security Audit & Linting (Strict)	Security Audit (S1 - Critical/High)	2026-02-07T23:25:54.9274673Z 1 vulnerabilities (1 moderate)
Security Audit & Linting (Strict)	Security Audit (S1 - Critical/High)	2026-02-07T23:25:54.9274904Z 
Security Audit & Linting (Strict)	Security Audit (S1 - Critical/High)	2026-02-07T23:25:54.9275136Z To update all dependencies to the latest compatible versions:
Security Audit & Linting (Strict)	Security Audit (S1 - Critical/High)	2026-02-07T23:25:54.9275643Z   bun update
Security Audit & Linting (Strict)	Security Audit (S1 - Critical/High)	2026-02-07T23:25:54.9275808Z 
Security Audit & Linting (Strict)	Security Audit (S1 - Critical/High)	2026-02-07T23:25:54.9276119Z To update all dependencies to the latest versions (including breaking changes):
Security Audit & Linting (Strict)	Security Audit (S1 - Critical/High)	2026-02-07T23:25:54.9276701Z   bun update --latest
Security Audit & Linting (Strict)	Security Audit (S1 - Critical/High)	2026-02-07T23:25:54.9276887Z 
Security Audit & Linting (Strict)	Security Audit (S1 - Critical/High)	2026-02-07T23:25:54.9296031Z ##[error]Process completed with exit code 1.
Security Audit & Linting (Strict)	Post Run actions/checkout@v4	Ôªø2026-02-07T23:25:54.9473433Z Post job cleanup.
Security Audit & Linting (Strict)	Post Run actions/checkout@v4	2026-02-07T23:25:55.0386304Z [command]/usr/bin/git version
Security Audit & Linting (Strict)	Post Run actions/checkout@v4	2026-02-07T23:25:55.0422200Z git version 2.52.0
Security Audit & Linting (Strict)	Post Run actions/checkout@v4	2026-02-07T23:25:55.0467573Z Temporarily overriding HOME='/home/runner/work/_temp/b2d6dfcc-e22d-4976-aa46-ac02f75331e5' before making global git config changes
Security Audit & Linting (Strict)	Post Run actions/checkout@v4	2026-02-07T23:25:55.0469542Z Adding repository directory to the temporary git global config as a safe directory
Security Audit & Linting (Strict)	Post Run actions/checkout@v4	2026-02-07T23:25:55.0474426Z [command]/usr/bin/git config --global --add safe.directory /home/runner/work/KIMI/KIMI
Security Audit & Linting (Strict)	Post Run actions/checkout@v4	2026-02-07T23:25:55.0510227Z [command]/usr/bin/git config --local --name-only --get-regexp core\.sshCommand
Security Audit & Linting (Strict)	Post Run actions/checkout@v4	2026-02-07T23:25:55.0543454Z [command]/usr/bin/git submodule foreach --recursive sh -c "git config --local --name-only --get-regexp 'core\.sshCommand' && git config --local --unset-all 'core.sshCommand' || :"
Security Audit & Linting (Strict)	Post Run actions/checkout@v4	2026-02-07T23:25:55.0769840Z [command]/usr/bin/git config --local --name-only --get-regexp http\.https\:\/\/github\.com\/\.extraheader
Security Audit & Linting (Strict)	Post Run actions/checkout@v4	2026-02-07T23:25:55.0790819Z http.https://github.com/.extraheader
Security Audit & Linting (Strict)	Post Run actions/checkout@v4	2026-02-07T23:25:55.0802691Z [command]/usr/bin/git config --local --unset-all http.https://github.com/.extraheader
Security Audit & Linting (Strict)	Post Run actions/checkout@v4	2026-02-07T23:25:55.0834797Z [command]/usr/bin/git submodule foreach --recursive sh -c "git config --local --name-only --get-regexp 'http\.https\:\/\/github\.com\/\.extraheader' && git config --local --unset-all 'http.https://github.com/.extraheader' || :"
Security Audit & Linting (Strict)	Post Run actions/checkout@v4	2026-02-07T23:25:55.1070582Z [command]/usr/bin/git config --local --name-only --get-regexp ^includeIf\.gitdir:
Security Audit & Linting (Strict)	Post Run actions/checkout@v4	2026-02-07T23:25:55.1100581Z [command]/usr/bin/git submodule foreach --recursive git config --local --show-origin --name-only --get-regexp remote.origin.url
Security Audit & Linting (Strict)	Complete job	Ôªø2026-02-07T23:25:55.1414242Z Cleaning up orphan processes
Cross-App Import Violation Report	Set up job	Ôªø2026-02-07T23:26:00.5878207Z Current runner version: '2.331.0'
Cross-App Import Violation Report	Set up job	2026-02-07T23:26:00.5904083Z ##[group]Runner Image Provisioner
Cross-App Import Violation Report	Set up job	2026-02-07T23:26:00.5904835Z Hosted Compute Agent
Cross-App Import Violation Report	Set up job	2026-02-07T23:26:00.5905553Z Version: 20260123.484
Cross-App Import Violation Report	Set up job	2026-02-07T23:26:00.5906470Z Commit: 6bd6555ca37d84114959e1c76d2c01448ff61c5d
Cross-App Import Violation Report	Set up job	2026-02-07T23:26:00.5907487Z Build Date: 2026-01-23T19:41:17Z
Cross-App Import Violation Report	Set up job	2026-02-07T23:26:00.5908709Z Worker ID: {f809ed47-2dc9-44aa-9db1-44aa21c65e4c}
Cross-App Import Violation Report	Set up job	2026-02-07T23:26:00.5909876Z Azure Region: northcentralus
Cross-App Import Violation Report	Set up job	2026-02-07T23:26:00.5910921Z ##[endgroup]
Cross-App Import Violation Report	Set up job	2026-02-07T23:26:00.5913007Z ##[group]Operating System
Cross-App Import Violation Report	Set up job	2026-02-07T23:26:00.5913636Z Ubuntu
Cross-App Import Violation Report	Set up job	2026-02-07T23:26:00.5914056Z 24.04.3
Cross-App Import Violation Report	Set up job	2026-02-07T23:26:00.5914609Z LTS
Cross-App Import Violation Report	Set up job	2026-02-07T23:26:00.5915086Z ##[endgroup]
Cross-App Import Violation Report	Set up job	2026-02-07T23:26:00.5915600Z ##[group]Runner Image
Cross-App Import Violation Report	Set up job	2026-02-07T23:26:00.5916287Z Image: ubuntu-24.04
Cross-App Import Violation Report	Set up job	2026-02-07T23:26:00.5916765Z Version: 20260201.15.1
Cross-App Import Violation Report	Set up job	2026-02-07T23:26:00.5917736Z Included Software: https://github.com/actions/runner-images/blob/ubuntu24/20260201.15/images/ubuntu/Ubuntu2404-Readme.md
Cross-App Import Violation Report	Set up job	2026-02-07T23:26:00.5919402Z Image Release: https://github.com/actions/runner-images/releases/tag/ubuntu24%2F20260201.15
Cross-App Import Violation Report	Set up job	2026-02-07T23:26:00.5920429Z ##[endgroup]
Cross-App Import Violation Report	Set up job	2026-02-07T23:26:00.5921772Z ##[group]GITHUB_TOKEN Permissions
Cross-App Import Violation Report	Set up job	2026-02-07T23:26:00.5924184Z Actions: read
Cross-App Import Violation Report	Set up job	2026-02-07T23:26:00.5924746Z Checks: read
Cross-App Import Violation Report	Set up job	2026-02-07T23:26:00.5925241Z Contents: read
Cross-App Import Violation Report	Set up job	2026-02-07T23:26:00.5925690Z Metadata: read
Cross-App Import Violation Report	Set up job	2026-02-07T23:26:00.5926259Z PullRequests: write
Cross-App Import Violation Report	Set up job	2026-02-07T23:26:00.5926750Z SecurityEvents: write
Cross-App Import Violation Report	Set up job	2026-02-07T23:26:00.5927302Z ##[endgroup]
Cross-App Import Violation Report	Set up job	2026-02-07T23:26:00.5929259Z Secret source: Actions
Cross-App Import Violation Report	Set up job	2026-02-07T23:26:00.5930315Z Prepare workflow directory
Cross-App Import Violation Report	Set up job	2026-02-07T23:26:00.6402687Z Prepare all required actions
Cross-App Import Violation Report	Set up job	2026-02-07T23:26:00.6475931Z Complete job name: Cross-App Import Violation Report
Cross-App Import Violation Report	Report Cross-App Import Violation	Ôªø2026-02-07T23:26:00.7386765Z ##[group]Run echo "üö® CRITICAL VIOLATION DETECTED: Rule 1.1 (App Isolation)"
Cross-App Import Violation Report	Report Cross-App Import Violation	2026-02-07T23:26:00.7388028Z [36;1mecho "üö® CRITICAL VIOLATION DETECTED: Rule 1.1 (App Isolation)"[0m
Cross-App Import Violation Report	Report Cross-App Import Violation	2026-02-07T23:26:00.7388786Z [36;1mecho ""[0m
Cross-App Import Violation Report	Report Cross-App Import Violation	2026-02-07T23:26:00.7389410Z [36;1mecho "‚ùå A cross-app import was detected!"[0m
Cross-App Import Violation Report	Report Cross-App Import Violation	2026-02-07T23:26:00.7390072Z [36;1mecho ""[0m
Cross-App Import Violation Report	Report Cross-App Import Violation	2026-02-07T23:26:00.7390574Z [36;1mecho "üìã Violation Details:"[0m
Cross-App Import Violation Report	Report Cross-App Import Violation	2026-02-07T23:26:00.7391330Z [36;1mecho "   - Rule: No app in apps/* can import from another app"[0m
Cross-App Import Violation Report	Report Cross-App Import Violation	2026-02-07T23:26:00.7392157Z [36;1mecho "   - Solution: Move shared code to packages/*"[0m
Cross-App Import Violation Report	Report Cross-App Import Violation	2026-02-07T23:26:00.7393109Z [36;1mecho ""[0m
Cross-App Import Violation Report	Report Cross-App Import Violation	2026-02-07T23:26:00.7393774Z [36;1mecho "üõë Build rejected. Fix the import before merging."[0m
Cross-App Import Violation Report	Report Cross-App Import Violation	2026-02-07T23:26:00.7394521Z [36;1mexit 1[0m
Cross-App Import Violation Report	Report Cross-App Import Violation	2026-02-07T23:26:00.8208587Z shell: /usr/bin/bash -e {0}
Cross-App Import Violation Report	Report Cross-App Import Violation	2026-02-07T23:26:00.8209484Z env:
Cross-App Import Violation Report	Report Cross-App Import Violation	2026-02-07T23:26:00.8210194Z   JWT_SECRET: test_secret_key_for_ci_environment_only_32
Cross-App Import Violation Report	Report Cross-App Import Violation	2026-02-07T23:26:00.8211275Z   DATABASE_URL: ***localhost:5432/test
Cross-App Import Violation Report	Report Cross-App Import Violation	2026-02-07T23:26:00.8212000Z   MINIO_ACCESS_KEY: test
Cross-App Import Violation Report	Report Cross-App Import Violation	2026-02-07T23:26:00.8212701Z   MINIO_SECRET_KEY: minioadmin123
Cross-App Import Violation Report	Report Cross-App Import Violation	2026-02-07T23:26:00.8213528Z   MINIO_ENDPOINT: localhost
Cross-App Import Violation Report	Report Cross-App Import Violation	2026-02-07T23:26:00.8214103Z ##[endgroup]
Cross-App Import Violation Report	Report Cross-App Import Violation	2026-02-07T23:26:00.8537080Z üö® CRITICAL VIOLATION DETECTED: Rule 1.1 (App Isolation)
Cross-App Import Violation Report	Report Cross-App Import Violation	2026-02-07T23:26:00.8537751Z 
Cross-App Import Violation Report	Report Cross-App Import Violation	2026-02-07T23:26:00.8538145Z ‚ùå A cross-app import was detected!
Cross-App Import Violation Report	Report Cross-App Import Violation	2026-02-07T23:26:00.8538547Z 
Cross-App Import Violation Report	Report Cross-App Import Violation	2026-02-07T23:26:00.8538830Z üìã Violation Details:
Cross-App Import Violation Report	Report Cross-App Import Violation	2026-02-07T23:26:00.8539508Z    - Rule: No app in apps/* can import from another app
Cross-App Import Violation Report	Report Cross-App Import Violation	2026-02-07T23:26:00.8540363Z    - Solution: Move shared code to packages/*
Cross-App Import Violation Report	Report Cross-App Import Violation	2026-02-07T23:26:00.8540878Z 
Cross-App Import Violation Report	Report Cross-App Import Violation	2026-02-07T23:26:00.8541248Z üõë Build rejected. Fix the import before merging.
Cross-App Import Violation Report	Report Cross-App Import Violation	2026-02-07T23:26:00.8558321Z ##[error]Process completed with exit code 1.
Cross-App Import Violation Report	Complete job	Ôªø2026-02-07T23:26:00.8663812Z Cleaning up orphan processes
Coverage Gate (30% Phase 1)	Set up job	Ôªø2026-02-07T23:26:01.8721849Z Current runner version: '2.331.0'
Coverage Gate (30% Phase 1)	Set up job	2026-02-07T23:26:01.8746865Z ##[group]Runner Image Provisioner
Coverage Gate (30% Phase 1)	Set up job	2026-02-07T23:26:01.8747907Z Hosted Compute Agent
Coverage Gate (30% Phase 1)	Set up job	2026-02-07T23:26:01.8748435Z Version: 20260123.484
Coverage Gate (30% Phase 1)	Set up job	2026-02-07T23:26:01.8749121Z Commit: 6bd6555ca37d84114959e1c76d2c01448ff61c5d
Coverage Gate (30% Phase 1)	Set up job	2026-02-07T23:26:01.8749771Z Build Date: 2026-01-23T19:41:17Z
Coverage Gate (30% Phase 1)	Set up job	2026-02-07T23:26:01.8750417Z Worker ID: {a0362693-555b-4f93-b84a-6217dfda7259}
Coverage Gate (30% Phase 1)	Set up job	2026-02-07T23:26:01.8751174Z Azure Region: westus
Coverage Gate (30% Phase 1)	Set up job	2026-02-07T23:26:01.8751673Z ##[endgroup]
Coverage Gate (30% Phase 1)	Set up job	2026-02-07T23:26:01.8753062Z ##[group]Operating System
Coverage Gate (30% Phase 1)	Set up job	2026-02-07T23:26:01.8753762Z Ubuntu
Coverage Gate (30% Phase 1)	Set up job	2026-02-07T23:26:01.8754252Z 24.04.3
Coverage Gate (30% Phase 1)	Set up job	2026-02-07T23:26:01.8754668Z LTS
Coverage Gate (30% Phase 1)	Set up job	2026-02-07T23:26:01.8755183Z ##[endgroup]
Coverage Gate (30% Phase 1)	Set up job	2026-02-07T23:26:01.8755655Z ##[group]Runner Image
Coverage Gate (30% Phase 1)	Set up job	2026-02-07T23:26:01.8756195Z Image: ubuntu-24.04
Coverage Gate (30% Phase 1)	Set up job	2026-02-07T23:26:01.8756727Z Version: 20260201.15.1
Coverage Gate (30% Phase 1)	Set up job	2026-02-07T23:26:01.8757852Z Included Software: https://github.com/actions/runner-images/blob/ubuntu24/20260201.15/images/ubuntu/Ubuntu2404-Readme.md
Coverage Gate (30% Phase 1)	Set up job	2026-02-07T23:26:01.8759525Z Image Release: https://github.com/actions/runner-images/releases/tag/ubuntu24%2F20260201.15
Coverage Gate (30% Phase 1)	Set up job	2026-02-07T23:26:01.8760434Z ##[endgroup]
Coverage Gate (30% Phase 1)	Set up job	2026-02-07T23:26:01.8761744Z ##[group]GITHUB_TOKEN Permissions
Coverage Gate (30% Phase 1)	Set up job	2026-02-07T23:26:01.8763840Z Actions: read
Coverage Gate (30% Phase 1)	Set up job	2026-02-07T23:26:01.8764350Z Checks: read
Coverage Gate (30% Phase 1)	Set up job	2026-02-07T23:26:01.8764824Z Contents: read
Coverage Gate (30% Phase 1)	Set up job	2026-02-07T23:26:01.8765371Z Metadata: read
Coverage Gate (30% Phase 1)	Set up job	2026-02-07T23:26:01.8765866Z PullRequests: write
Coverage Gate (30% Phase 1)	Set up job	2026-02-07T23:26:01.8766335Z SecurityEvents: write
Coverage Gate (30% Phase 1)	Set up job	2026-02-07T23:26:01.8766954Z ##[endgroup]
Coverage Gate (30% Phase 1)	Set up job	2026-02-07T23:26:01.8769511Z Secret source: Actions
Coverage Gate (30% Phase 1)	Set up job	2026-02-07T23:26:01.8770241Z Prepare workflow directory
Coverage Gate (30% Phase 1)	Set up job	2026-02-07T23:26:01.9185589Z Prepare all required actions
Coverage Gate (30% Phase 1)	Set up job	2026-02-07T23:26:01.9245231Z Getting action download info
Coverage Gate (30% Phase 1)	Set up job	2026-02-07T23:26:02.3723343Z Download action repository 'actions/checkout@v4' (SHA:34e114876b0b11c390a56381ad16ebd13914f8d5)
Coverage Gate (30% Phase 1)	Set up job	2026-02-07T23:26:02.4611545Z Download action repository 'actions/download-artifact@v4' (SHA:d3f86a106a0bac45b974a628896c90dbdf5c8093)
Coverage Gate (30% Phase 1)	Set up job	2026-02-07T23:26:03.5792079Z Download action repository 'davelosert/vitest-coverage-report-action@v2' (SHA:15b5b41bb7d36796d89f4bf482b09529c53f3446)
Coverage Gate (30% Phase 1)	Set up job	2026-02-07T23:26:04.7189870Z Complete job name: Coverage Gate (30% Phase 1)
Coverage Gate (30% Phase 1)	Run actions/checkout@v4	Ôªø2026-02-07T23:26:04.8018289Z ##[group]Run actions/checkout@v4
Coverage Gate (30% Phase 1)	Run actions/checkout@v4	2026-02-07T23:26:04.8019604Z with:
Coverage Gate (30% Phase 1)	Run actions/checkout@v4	2026-02-07T23:26:04.8020293Z   repository: adelfree2023-dev/KIMI
Coverage Gate (30% Phase 1)	Run actions/checkout@v4	2026-02-07T23:26:04.8021552Z   token: ***
Coverage Gate (30% Phase 1)	Run actions/checkout@v4	2026-02-07T23:26:04.8022205Z   ssh-strict: true
Coverage Gate (30% Phase 1)	Run actions/checkout@v4	2026-02-07T23:26:04.8022888Z   ssh-user: git
Coverage Gate (30% Phase 1)	Run actions/checkout@v4	2026-02-07T23:26:04.8023584Z   persist-credentials: true
Coverage Gate (30% Phase 1)	Run actions/checkout@v4	2026-02-07T23:26:04.8024398Z   clean: true
Coverage Gate (30% Phase 1)	Run actions/checkout@v4	2026-02-07T23:26:04.8025122Z   sparse-checkout-cone-mode: true
Coverage Gate (30% Phase 1)	Run actions/checkout@v4	2026-02-07T23:26:04.8026022Z   fetch-depth: 1
Coverage Gate (30% Phase 1)	Run actions/checkout@v4	2026-02-07T23:26:04.8026702Z   fetch-tags: false
Coverage Gate (30% Phase 1)	Run actions/checkout@v4	2026-02-07T23:26:04.8027424Z   show-progress: true
Coverage Gate (30% Phase 1)	Run actions/checkout@v4	2026-02-07T23:26:04.8028390Z   lfs: false
Coverage Gate (30% Phase 1)	Run actions/checkout@v4	2026-02-07T23:26:04.8029088Z   submodules: false
Coverage Gate (30% Phase 1)	Run actions/checkout@v4	2026-02-07T23:26:04.8029830Z   set-safe-directory: true
Coverage Gate (30% Phase 1)	Run actions/checkout@v4	2026-02-07T23:26:04.8030924Z env:
Coverage Gate (30% Phase 1)	Run actions/checkout@v4	2026-02-07T23:26:04.8031794Z   JWT_SECRET: test_secret_key_for_ci_environment_only_32
Coverage Gate (30% Phase 1)	Run actions/checkout@v4	2026-02-07T23:26:04.8033343Z   DATABASE_URL: ***localhost:5432/test
Coverage Gate (30% Phase 1)	Run actions/checkout@v4	2026-02-07T23:26:04.8034300Z   MINIO_ACCESS_KEY: test
Coverage Gate (30% Phase 1)	Run actions/checkout@v4	2026-02-07T23:26:04.8035188Z   MINIO_SECRET_KEY: minioadmin123
Coverage Gate (30% Phase 1)	Run actions/checkout@v4	2026-02-07T23:26:04.8036177Z   MINIO_ENDPOINT: localhost
Coverage Gate (30% Phase 1)	Run actions/checkout@v4	2026-02-07T23:26:04.8036993Z ##[endgroup]
Coverage Gate (30% Phase 1)	Run actions/checkout@v4	2026-02-07T23:26:04.9176689Z Syncing repository: adelfree2023-dev/KIMI
Coverage Gate (30% Phase 1)	Run actions/checkout@v4	2026-02-07T23:26:04.9180468Z ##[group]Getting Git version info
Coverage Gate (30% Phase 1)	Run actions/checkout@v4	2026-02-07T23:26:04.9181627Z Working directory is '/home/runner/work/KIMI/KIMI'
Coverage Gate (30% Phase 1)	Run actions/checkout@v4	2026-02-07T23:26:04.9183441Z [command]/usr/bin/git version
Coverage Gate (30% Phase 1)	Run actions/checkout@v4	2026-02-07T23:26:04.9244810Z git version 2.52.0
Coverage Gate (30% Phase 1)	Run actions/checkout@v4	2026-02-07T23:26:04.9272764Z ##[endgroup]
Coverage Gate (30% Phase 1)	Run actions/checkout@v4	2026-02-07T23:26:04.9287358Z Temporarily overriding HOME='/home/runner/work/_temp/2610b7ff-78fb-408b-b6a2-63fab0c7c61e' before making global git config changes
Coverage Gate (30% Phase 1)	Run actions/checkout@v4	2026-02-07T23:26:04.9290525Z Adding repository directory to the temporary git global config as a safe directory
Coverage Gate (30% Phase 1)	Run actions/checkout@v4	2026-02-07T23:26:04.9293771Z [command]/usr/bin/git config --global --add safe.directory /home/runner/work/KIMI/KIMI
Coverage Gate (30% Phase 1)	Run actions/checkout@v4	2026-02-07T23:26:04.9345886Z Deleting the contents of '/home/runner/work/KIMI/KIMI'
Coverage Gate (30% Phase 1)	Run actions/checkout@v4	2026-02-07T23:26:04.9350045Z ##[group]Initializing the repository
Coverage Gate (30% Phase 1)	Run actions/checkout@v4	2026-02-07T23:26:04.9354607Z [command]/usr/bin/git init /home/runner/work/KIMI/KIMI
Coverage Gate (30% Phase 1)	Run actions/checkout@v4	2026-02-07T23:26:04.9471643Z hint: Using 'master' as the name for the initial branch. This default branch name
Coverage Gate (30% Phase 1)	Run actions/checkout@v4	2026-02-07T23:26:04.9475614Z hint: will change to "main" in Git 3.0. To configure the initial branch name
Coverage Gate (30% Phase 1)	Run actions/checkout@v4	2026-02-07T23:26:04.9478959Z hint: to use in all of your new repositories, which will suppress this warning,
Coverage Gate (30% Phase 1)	Run actions/checkout@v4	2026-02-07T23:26:04.9481406Z hint: call:
Coverage Gate (30% Phase 1)	Run actions/checkout@v4	2026-02-07T23:26:04.9482538Z hint:
Coverage Gate (30% Phase 1)	Run actions/checkout@v4	2026-02-07T23:26:04.9483957Z hint: 	git config --global init.defaultBranch <name>
Coverage Gate (30% Phase 1)	Run actions/checkout@v4	2026-02-07T23:26:04.9485830Z hint:
Coverage Gate (30% Phase 1)	Run actions/checkout@v4	2026-02-07T23:26:04.9487769Z hint: Names commonly chosen instead of 'master' are 'main', 'trunk' and
Coverage Gate (30% Phase 1)	Run actions/checkout@v4	2026-02-07T23:26:04.9490822Z hint: 'development'. The just-created branch can be renamed via this command:
Coverage Gate (30% Phase 1)	Run actions/checkout@v4	2026-02-07T23:26:04.9493294Z hint:
Coverage Gate (30% Phase 1)	Run actions/checkout@v4	2026-02-07T23:26:04.9494467Z hint: 	git branch -m <name>
Coverage Gate (30% Phase 1)	Run actions/checkout@v4	2026-02-07T23:26:04.9495785Z hint:
Coverage Gate (30% Phase 1)	Run actions/checkout@v4	2026-02-07T23:26:04.9504978Z hint: Disable this message with "git config set advice.defaultBranchName false"
Coverage Gate (30% Phase 1)	Run actions/checkout@v4	2026-02-07T23:26:04.9507147Z Initialized empty Git repository in /home/runner/work/KIMI/KIMI/.git/
Coverage Gate (30% Phase 1)	Run actions/checkout@v4	2026-02-07T23:26:04.9514767Z [command]/usr/bin/git remote add origin https://github.com/adelfree2023-dev/KIMI
Coverage Gate (30% Phase 1)	Run actions/checkout@v4	2026-02-07T23:26:04.9556869Z ##[endgroup]
Coverage Gate (30% Phase 1)	Run actions/checkout@v4	2026-02-07T23:26:04.9558465Z ##[group]Disabling automatic garbage collection
Coverage Gate (30% Phase 1)	Run actions/checkout@v4	2026-02-07T23:26:04.9562863Z [command]/usr/bin/git config --local gc.auto 0
Coverage Gate (30% Phase 1)	Run actions/checkout@v4	2026-02-07T23:26:04.9597784Z ##[endgroup]
Coverage Gate (30% Phase 1)	Run actions/checkout@v4	2026-02-07T23:26:04.9599046Z ##[group]Setting up auth
Coverage Gate (30% Phase 1)	Run actions/checkout@v4	2026-02-07T23:26:04.9608293Z [command]/usr/bin/git config --local --name-only --get-regexp core\.sshCommand
Coverage Gate (30% Phase 1)	Run actions/checkout@v4	2026-02-07T23:26:04.9645985Z [command]/usr/bin/git submodule foreach --recursive sh -c "git config --local --name-only --get-regexp 'core\.sshCommand' && git config --local --unset-all 'core.sshCommand' || :"
Coverage Gate (30% Phase 1)	Run actions/checkout@v4	2026-02-07T23:26:05.0021315Z [command]/usr/bin/git config --local --name-only --get-regexp http\.https\:\/\/github\.com\/\.extraheader
Coverage Gate (30% Phase 1)	Run actions/checkout@v4	2026-02-07T23:26:05.0056994Z [command]/usr/bin/git submodule foreach --recursive sh -c "git config --local --name-only --get-regexp 'http\.https\:\/\/github\.com\/\.extraheader' && git config --local --unset-all 'http.https://github.com/.extraheader' || :"
Coverage Gate (30% Phase 1)	Run actions/checkout@v4	2026-02-07T23:26:05.0280865Z [command]/usr/bin/git config --local --name-only --get-regexp ^includeIf\.gitdir:
Coverage Gate (30% Phase 1)	Run actions/checkout@v4	2026-02-07T23:26:05.0320636Z [command]/usr/bin/git submodule foreach --recursive git config --local --show-origin --name-only --get-regexp remote.origin.url
Coverage Gate (30% Phase 1)	Run actions/checkout@v4	2026-02-07T23:26:05.0550276Z [command]/usr/bin/git config --local http.https://github.com/.extraheader AUTHORIZATION: basic ***
Coverage Gate (30% Phase 1)	Run actions/checkout@v4	2026-02-07T23:26:05.0586239Z ##[endgroup]
Coverage Gate (30% Phase 1)	Run actions/checkout@v4	2026-02-07T23:26:05.0595580Z ##[group]Fetching the repository
Coverage Gate (30% Phase 1)	Run actions/checkout@v4	2026-02-07T23:26:05.0600177Z [command]/usr/bin/git -c protocol.version=2 fetch --no-tags --prune --no-recurse-submodules --depth=1 origin +0aae87779ba13c1ea52803d5aa0c2ef7939d6ef0:refs/remotes/origin/main
Coverage Gate (30% Phase 1)	Run actions/checkout@v4	2026-02-07T23:26:05.7837326Z From https://github.com/adelfree2023-dev/KIMI
Coverage Gate (30% Phase 1)	Run actions/checkout@v4	2026-02-07T23:26:05.7839882Z  * [new ref]         0aae87779ba13c1ea52803d5aa0c2ef7939d6ef0 -> origin/main
Coverage Gate (30% Phase 1)	Run actions/checkout@v4	2026-02-07T23:26:05.7870833Z ##[endgroup]
Coverage Gate (30% Phase 1)	Run actions/checkout@v4	2026-02-07T23:26:05.7871647Z ##[group]Determining the checkout info
Coverage Gate (30% Phase 1)	Run actions/checkout@v4	2026-02-07T23:26:05.7873480Z ##[endgroup]
Coverage Gate (30% Phase 1)	Run actions/checkout@v4	2026-02-07T23:26:05.7878992Z [command]/usr/bin/git sparse-checkout disable
Coverage Gate (30% Phase 1)	Run actions/checkout@v4	2026-02-07T23:26:05.7920968Z [command]/usr/bin/git config --local --unset-all extensions.worktreeConfig
Coverage Gate (30% Phase 1)	Run actions/checkout@v4	2026-02-07T23:26:05.7948583Z ##[group]Checking out the ref
Coverage Gate (30% Phase 1)	Run actions/checkout@v4	2026-02-07T23:26:05.7952158Z [command]/usr/bin/git checkout --progress --force -B main refs/remotes/origin/main
Coverage Gate (30% Phase 1)	Run actions/checkout@v4	2026-02-07T23:26:05.8096580Z Switched to a new branch 'main'
Coverage Gate (30% Phase 1)	Run actions/checkout@v4	2026-02-07T23:26:05.8098897Z branch 'main' set up to track 'origin/main'.
Coverage Gate (30% Phase 1)	Run actions/checkout@v4	2026-02-07T23:26:05.8106287Z ##[endgroup]
Coverage Gate (30% Phase 1)	Run actions/checkout@v4	2026-02-07T23:26:05.8144403Z [command]/usr/bin/git log -1 --format=%H
Coverage Gate (30% Phase 1)	Run actions/checkout@v4	2026-02-07T23:26:05.8167203Z 0aae87779ba13c1ea52803d5aa0c2ef7939d6ef0
Coverage Gate (30% Phase 1)	Download coverage reports	Ôªø2026-02-07T23:26:05.8362784Z ##[group]Run actions/download-artifact@v4
Coverage Gate (30% Phase 1)	Download coverage reports	2026-02-07T23:26:05.8363089Z with:
Coverage Gate (30% Phase 1)	Download coverage reports	2026-02-07T23:26:05.8363274Z   name: api-coverage-report
Coverage Gate (30% Phase 1)	Download coverage reports	2026-02-07T23:26:05.8363494Z   path: coverage/
Coverage Gate (30% Phase 1)	Download coverage reports	2026-02-07T23:26:05.8363685Z   merge-multiple: false
Coverage Gate (30% Phase 1)	Download coverage reports	2026-02-07T23:26:05.8363901Z   repository: adelfree2023-dev/KIMI
Coverage Gate (30% Phase 1)	Download coverage reports	2026-02-07T23:26:05.8364130Z   run-id: 21788634755
Coverage Gate (30% Phase 1)	Download coverage reports	2026-02-07T23:26:05.8364305Z env:
Coverage Gate (30% Phase 1)	Download coverage reports	2026-02-07T23:26:05.8364537Z   JWT_SECRET: test_secret_key_for_ci_environment_only_32
Coverage Gate (30% Phase 1)	Download coverage reports	2026-02-07T23:26:05.8365122Z   DATABASE_URL: ***localhost:5432/test
Coverage Gate (30% Phase 1)	Download coverage reports	2026-02-07T23:26:05.8365389Z   MINIO_ACCESS_KEY: test
Coverage Gate (30% Phase 1)	Download coverage reports	2026-02-07T23:26:05.8365607Z   MINIO_SECRET_KEY: minioadmin123
Coverage Gate (30% Phase 1)	Download coverage reports	2026-02-07T23:26:05.8365850Z   MINIO_ENDPOINT: localhost
Coverage Gate (30% Phase 1)	Download coverage reports	2026-02-07T23:26:05.8366062Z ##[endgroup]
Coverage Gate (30% Phase 1)	Download coverage reports	2026-02-07T23:26:06.0347378Z Downloading single artifact
Coverage Gate (30% Phase 1)	Download coverage reports	2026-02-07T23:26:06.3558047Z ##[error]Unable to download artifact(s): Artifact not found for name: api-coverage-report
Coverage Gate (30% Phase 1)	Download coverage reports	        Please ensure that your artifact is not expired and the artifact was uploaded using a compatible version of toolkit/upload-artifact.
Coverage Gate (30% Phase 1)	Download coverage reports	        For more information, visit the GitHub Artifacts FAQ: https://github.com/actions/toolkit/blob/main/packages/artifact/docs/faq.md
Coverage Gate (30% Phase 1)	Post Run actions/checkout@v4	Ôªø2026-02-07T23:26:06.3724575Z Post job cleanup.
Coverage Gate (30% Phase 1)	Post Run actions/checkout@v4	2026-02-07T23:26:06.4663062Z [command]/usr/bin/git version
Coverage Gate (30% Phase 1)	Post Run actions/checkout@v4	2026-02-07T23:26:06.4699490Z git version 2.52.0
Coverage Gate (30% Phase 1)	Post Run actions/checkout@v4	2026-02-07T23:26:06.4814940Z Temporarily overriding HOME='/home/runner/work/_temp/d1d6f872-c208-45f2-82d2-0b873692c8ea' before making global git config changes
Coverage Gate (30% Phase 1)	Post Run actions/checkout@v4	2026-02-07T23:26:06.4816133Z Adding repository directory to the temporary git global config as a safe directory
Coverage Gate (30% Phase 1)	Post Run actions/checkout@v4	2026-02-07T23:26:06.4817010Z [command]/usr/bin/git config --global --add safe.directory /home/runner/work/KIMI/KIMI
Coverage Gate (30% Phase 1)	Post Run actions/checkout@v4	2026-02-07T23:26:06.4818857Z [command]/usr/bin/git config --local --name-only --get-regexp core\.sshCommand
Coverage Gate (30% Phase 1)	Post Run actions/checkout@v4	2026-02-07T23:26:06.4834944Z [command]/usr/bin/git submodule foreach --recursive sh -c "git config --local --name-only --get-regexp 'core\.sshCommand' && git config --local --unset-all 'core.sshCommand' || :"
Coverage Gate (30% Phase 1)	Post Run actions/checkout@v4	2026-02-07T23:26:06.5062651Z [command]/usr/bin/git config --local --name-only --get-regexp http\.https\:\/\/github\.com\/\.extraheader
Coverage Gate (30% Phase 1)	Post Run actions/checkout@v4	2026-02-07T23:26:06.5083335Z http.https://github.com/.extraheader
Coverage Gate (30% Phase 1)	Post Run actions/checkout@v4	2026-02-07T23:26:06.5096612Z [command]/usr/bin/git config --local --unset-all http.https://github.com/.extraheader
Coverage Gate (30% Phase 1)	Post Run actions/checkout@v4	2026-02-07T23:26:06.5128256Z [command]/usr/bin/git submodule foreach --recursive sh -c "git config --local --name-only --get-regexp 'http\.https\:\/\/github\.com\/\.extraheader' && git config --local --unset-all 'http.https://github.com/.extraheader' || :"
Coverage Gate (30% Phase 1)	Post Run actions/checkout@v4	2026-02-07T23:26:06.5348057Z [command]/usr/bin/git config --local --name-only --get-regexp ^includeIf\.gitdir:
Coverage Gate (30% Phase 1)	Post Run actions/checkout@v4	2026-02-07T23:26:06.5379710Z [command]/usr/bin/git submodule foreach --recursive git config --local --show-origin --name-only --get-regexp remote.origin.url
Coverage Gate (30% Phase 1)	Complete job	Ôªø2026-02-07T23:26:06.5704440Z Cleaning up orphan processes
S2 Data Isolation Violation Report	Set up job	Ôªø2026-02-07T23:26:01.8955908Z Current runner version: '2.331.0'
S2 Data Isolation Violation Report	Set up job	2026-02-07T23:26:01.8979575Z ##[group]Runner Image Provisioner
S2 Data Isolation Violation Report	Set up job	2026-02-07T23:26:01.8980383Z Hosted Compute Agent
S2 Data Isolation Violation Report	Set up job	2026-02-07T23:26:01.8980989Z Version: 20260123.484
S2 Data Isolation Violation Report	Set up job	2026-02-07T23:26:01.8981574Z Commit: 6bd6555ca37d84114959e1c76d2c01448ff61c5d
S2 Data Isolation Violation Report	Set up job	2026-02-07T23:26:01.8982238Z Build Date: 2026-01-23T19:41:17Z
S2 Data Isolation Violation Report	Set up job	2026-02-07T23:26:01.8982914Z Worker ID: {86e6c89a-58f4-43f8-8414-e36dee8e10c8}
S2 Data Isolation Violation Report	Set up job	2026-02-07T23:26:01.8983621Z Azure Region: westus
S2 Data Isolation Violation Report	Set up job	2026-02-07T23:26:01.8984317Z ##[endgroup]
S2 Data Isolation Violation Report	Set up job	2026-02-07T23:26:01.8985778Z ##[group]Operating System
S2 Data Isolation Violation Report	Set up job	2026-02-07T23:26:01.8986345Z Ubuntu
S2 Data Isolation Violation Report	Set up job	2026-02-07T23:26:01.8986814Z 24.04.3
S2 Data Isolation Violation Report	Set up job	2026-02-07T23:26:01.8987289Z LTS
S2 Data Isolation Violation Report	Set up job	2026-02-07T23:26:01.8987789Z ##[endgroup]
S2 Data Isolation Violation Report	Set up job	2026-02-07T23:26:01.8988242Z ##[group]Runner Image
S2 Data Isolation Violation Report	Set up job	2026-02-07T23:26:01.8988817Z Image: ubuntu-24.04
S2 Data Isolation Violation Report	Set up job	2026-02-07T23:26:01.8989349Z Version: 20260201.15.1
S2 Data Isolation Violation Report	Set up job	2026-02-07T23:26:01.8990309Z Included Software: https://github.com/actions/runner-images/blob/ubuntu24/20260201.15/images/ubuntu/Ubuntu2404-Readme.md
S2 Data Isolation Violation Report	Set up job	2026-02-07T23:26:01.8992010Z Image Release: https://github.com/actions/runner-images/releases/tag/ubuntu24%2F20260201.15
S2 Data Isolation Violation Report	Set up job	2026-02-07T23:26:01.8992900Z ##[endgroup]
S2 Data Isolation Violation Report	Set up job	2026-02-07T23:26:01.8994493Z ##[group]GITHUB_TOKEN Permissions
S2 Data Isolation Violation Report	Set up job	2026-02-07T23:26:01.8996287Z Actions: read
S2 Data Isolation Violation Report	Set up job	2026-02-07T23:26:01.8996784Z Checks: read
S2 Data Isolation Violation Report	Set up job	2026-02-07T23:26:01.8997417Z Contents: read
S2 Data Isolation Violation Report	Set up job	2026-02-07T23:26:01.8998021Z Metadata: read
S2 Data Isolation Violation Report	Set up job	2026-02-07T23:26:01.8998544Z PullRequests: write
S2 Data Isolation Violation Report	Set up job	2026-02-07T23:26:01.8999195Z SecurityEvents: write
S2 Data Isolation Violation Report	Set up job	2026-02-07T23:26:01.8999724Z ##[endgroup]
S2 Data Isolation Violation Report	Set up job	2026-02-07T23:26:01.9001787Z Secret source: Actions
S2 Data Isolation Violation Report	Set up job	2026-02-07T23:26:01.9002594Z Prepare workflow directory
S2 Data Isolation Violation Report	Set up job	2026-02-07T23:26:01.9375936Z Prepare all required actions
S2 Data Isolation Violation Report	Set up job	2026-02-07T23:26:01.9441956Z Complete job name: S2 Data Isolation Violation Report
S2 Data Isolation Violation Report	Report S2 Violation	Ôªø2026-02-07T23:26:02.0148485Z ##[group]Run echo "üö® CRITICAL VIOLATION DETECTED: Rule S2 (Data Isolation)"
S2 Data Isolation Violation Report	Report S2 Violation	2026-02-07T23:26:02.0149686Z [36;1mecho "üö® CRITICAL VIOLATION DETECTED: Rule S2 (Data Isolation)"[0m
S2 Data Isolation Violation Report	Report S2 Violation	2026-02-07T23:26:02.0150530Z [36;1mecho ""[0m
S2 Data Isolation Violation Report	Report S2 Violation	2026-02-07T23:26:02.0151203Z [36;1mecho "‚ùå Tenant isolation breach detected in database layer!"[0m
S2 Data Isolation Violation Report	Report S2 Violation	2026-02-07T23:26:02.0151919Z [36;1mecho ""[0m
S2 Data Isolation Violation Report	Report S2 Violation	2026-02-07T23:26:02.0152542Z [36;1mecho "üìã S2 Protocol Violation Details:"[0m
S2 Data Isolation Violation Report	Report S2 Violation	2026-02-07T23:26:02.0153296Z [36;1mecho "   - Direct 'public.' schema access found"[0m
S2 Data Isolation Violation Report	Report S2 Violation	2026-02-07T23:26:02.0154289Z [36;1mecho "   - SQL queries bypass tenant isolation"[0m
S2 Data Isolation Violation Report	Report S2 Violation	2026-02-07T23:26:02.0155109Z [36;1mecho "   - Risk: Cross-tenant data leakage"[0m
S2 Data Isolation Violation Report	Report S2 Violation	2026-02-07T23:26:02.0155746Z [36;1mecho ""[0m
S2 Data Isolation Violation Report	Report S2 Violation	2026-02-07T23:26:02.0156211Z [36;1mecho "üîí Security Impact:"[0m
S2 Data Isolation Violation Report	Report S2 Violation	2026-02-07T23:26:02.0156991Z [36;1mecho "   - HIGH: Potential data leakage between tenants"[0m
S2 Data Isolation Violation Report	Report S2 Violation	2026-02-07T23:26:02.0157795Z [36;1mecho "   - CRITICAL: Violates multi-tenancy architecture"[0m
S2 Data Isolation Violation Report	Report S2 Violation	2026-02-07T23:26:02.0158633Z [36;1mecho ""[0m
S2 Data Isolation Violation Report	Report S2 Violation	2026-02-07T23:26:02.0159113Z [36;1mecho "üìù Action Required:"[0m
S2 Data Isolation Violation Report	Report S2 Violation	2026-02-07T23:26:02.0159871Z [36;1mecho "   1. Use 'SET search_path = tenant_{id}, public' before queries"[0m
S2 Data Isolation Violation Report	Report S2 Violation	2026-02-07T23:26:02.0160772Z [36;1mecho "   2. OR use fully qualified table names: tenant_{id}.table_name"[0m
S2 Data Isolation Violation Report	Report S2 Violation	2026-02-07T23:26:02.0161815Z [36;1mecho "   3. Ensure all queries go through Tenant Isolation Middleware"[0m
S2 Data Isolation Violation Report	Report S2 Violation	2026-02-07T23:26:02.0162575Z [36;1mecho ""[0m
S2 Data Isolation Violation Report	Report S2 Violation	2026-02-07T23:26:02.0163162Z [36;1mecho "üõë Build rejected. Fix S2 violation before merging."[0m
S2 Data Isolation Violation Report	Report S2 Violation	2026-02-07T23:26:02.0164063Z [36;1mexit 1[0m
S2 Data Isolation Violation Report	Report S2 Violation	2026-02-07T23:26:02.0564432Z shell: /usr/bin/bash -e {0}
S2 Data Isolation Violation Report	Report S2 Violation	2026-02-07T23:26:02.0565993Z env:
S2 Data Isolation Violation Report	Report S2 Violation	2026-02-07T23:26:02.0566939Z   JWT_SECRET: test_secret_key_for_ci_environment_only_32
S2 Data Isolation Violation Report	Report S2 Violation	2026-02-07T23:26:02.0568476Z   DATABASE_URL: ***localhost:5432/test
S2 Data Isolation Violation Report	Report S2 Violation	2026-02-07T23:26:02.0570026Z   MINIO_ACCESS_KEY: test
S2 Data Isolation Violation Report	Report S2 Violation	2026-02-07T23:26:02.0570964Z   MINIO_SECRET_KEY: minioadmin123
S2 Data Isolation Violation Report	Report S2 Violation	2026-02-07T23:26:02.0571998Z   MINIO_ENDPOINT: localhost
S2 Data Isolation Violation Report	Report S2 Violation	2026-02-07T23:26:02.0572814Z ##[endgroup]
S2 Data Isolation Violation Report	Report S2 Violation	2026-02-07T23:26:02.1002725Z üö® CRITICAL VIOLATION DETECTED: Rule S2 (Data Isolation)
S2 Data Isolation Violation Report	Report S2 Violation	2026-02-07T23:26:02.1003740Z 
S2 Data Isolation Violation Report	Report S2 Violation	2026-02-07T23:26:02.1005043Z ‚ùå Tenant isolation breach detected in database layer!
S2 Data Isolation Violation Report	Report S2 Violation	2026-02-07T23:26:02.1005958Z 
S2 Data Isolation Violation Report	Report S2 Violation	2026-02-07T23:26:02.1006467Z üìã S2 Protocol Violation Details:
S2 Data Isolation Violation Report	Report S2 Violation	2026-02-07T23:26:02.1007639Z    - Direct 'public.' schema access found
S2 Data Isolation Violation Report	Report S2 Violation	2026-02-07T23:26:02.1008720Z    - SQL queries bypass tenant isolation
S2 Data Isolation Violation Report	Report S2 Violation	2026-02-07T23:26:02.1009912Z    - Risk: Cross-tenant data leakage
S2 Data Isolation Violation Report	Report S2 Violation	2026-02-07T23:26:02.1010702Z 
S2 Data Isolation Violation Report	Report S2 Violation	2026-02-07T23:26:02.1011192Z üîí Security Impact:
S2 Data Isolation Violation Report	Report S2 Violation	2026-02-07T23:26:02.1012230Z    - HIGH: Potential data leakage between tenants
S2 Data Isolation Violation Report	Report S2 Violation	2026-02-07T23:26:02.1013476Z    - CRITICAL: Violates multi-tenancy architecture
S2 Data Isolation Violation Report	Report S2 Violation	2026-02-07T23:26:02.1014714Z 
S2 Data Isolation Violation Report	Report S2 Violation	2026-02-07T23:26:02.1015179Z üìù Action Required:
S2 Data Isolation Violation Report	Report S2 Violation	2026-02-07T23:26:02.1016278Z    1. Use 'SET search_path = tenant_{id}, public' before queries
S2 Data Isolation Violation Report	Report S2 Violation	2026-02-07T23:26:02.1017904Z    2. OR use fully qualified table names: tenant_{id}.table_name
S2 Data Isolation Violation Report	Report S2 Violation	2026-02-07T23:26:02.1019462Z    3. Ensure all queries go through Tenant Isolation Middleware
S2 Data Isolation Violation Report	Report S2 Violation	2026-02-07T23:26:02.1020378Z 
S2 Data Isolation Violation Report	Report S2 Violation	2026-02-07T23:26:02.1021053Z üõë Build rejected. Fix S2 violation before merging.
S2 Data Isolation Violation Report	Report S2 Violation	2026-02-07T23:26:02.1047570Z ##[error]Process completed with exit code 1.
S2 Data Isolation Violation Report	Complete job	Ôªø2026-02-07T23:26:02.1157619Z Cleaning up orphan processes
Coverage Threshold Violation Report	Set up job	Ôªø2026-02-07T23:26:12.1190794Z Current runner version: '2.331.0'
Coverage Threshold Violation Report	Set up job	2026-02-07T23:26:12.1226976Z ##[group]Runner Image Provisioner
Coverage Threshold Violation Report	Set up job	2026-02-07T23:26:12.1228623Z Hosted Compute Agent
Coverage Threshold Violation Report	Set up job	2026-02-07T23:26:12.1229623Z Version: 20260123.484
Coverage Threshold Violation Report	Set up job	2026-02-07T23:26:12.1230646Z Commit: 6bd6555ca37d84114959e1c76d2c01448ff61c5d
Coverage Threshold Violation Report	Set up job	2026-02-07T23:26:12.1231741Z Build Date: 2026-01-23T19:41:17Z
Coverage Threshold Violation Report	Set up job	2026-02-07T23:26:12.1232977Z Worker ID: {242067c0-641f-46ac-8b0d-249cf69c6477}
Coverage Threshold Violation Report	Set up job	2026-02-07T23:26:12.1234359Z Azure Region: eastus
Coverage Threshold Violation Report	Set up job	2026-02-07T23:26:12.1235243Z ##[endgroup]
Coverage Threshold Violation Report	Set up job	2026-02-07T23:26:12.1237593Z ##[group]Operating System
Coverage Threshold Violation Report	Set up job	2026-02-07T23:26:12.1238582Z Ubuntu
Coverage Threshold Violation Report	Set up job	2026-02-07T23:26:12.1239565Z 24.04.3
Coverage Threshold Violation Report	Set up job	2026-02-07T23:26:12.1240370Z LTS
Coverage Threshold Violation Report	Set up job	2026-02-07T23:26:12.1241183Z ##[endgroup]
Coverage Threshold Violation Report	Set up job	2026-02-07T23:26:12.1241940Z ##[group]Runner Image
Coverage Threshold Violation Report	Set up job	2026-02-07T23:26:12.1242990Z Image: ubuntu-24.04
Coverage Threshold Violation Report	Set up job	2026-02-07T23:26:12.1244008Z Version: 20260201.15.1
Coverage Threshold Violation Report	Set up job	2026-02-07T23:26:12.1245885Z Included Software: https://github.com/actions/runner-images/blob/ubuntu24/20260201.15/images/ubuntu/Ubuntu2404-Readme.md
Coverage Threshold Violation Report	Set up job	2026-02-07T23:26:12.1248818Z Image Release: https://github.com/actions/runner-images/releases/tag/ubuntu24%2F20260201.15
Coverage Threshold Violation Report	Set up job	2026-02-07T23:26:12.1250581Z ##[endgroup]
Coverage Threshold Violation Report	Set up job	2026-02-07T23:26:12.1252965Z ##[group]GITHUB_TOKEN Permissions
Coverage Threshold Violation Report	Set up job	2026-02-07T23:26:12.1256611Z Actions: read
Coverage Threshold Violation Report	Set up job	2026-02-07T23:26:12.1257562Z Checks: read
Coverage Threshold Violation Report	Set up job	2026-02-07T23:26:12.1258466Z Contents: read
Coverage Threshold Violation Report	Set up job	2026-02-07T23:26:12.1259606Z Metadata: read
Coverage Threshold Violation Report	Set up job	2026-02-07T23:26:12.1260526Z PullRequests: write
Coverage Threshold Violation Report	Set up job	2026-02-07T23:26:12.1261341Z SecurityEvents: write
Coverage Threshold Violation Report	Set up job	2026-02-07T23:26:12.1262476Z ##[endgroup]
Coverage Threshold Violation Report	Set up job	2026-02-07T23:26:12.1265874Z Secret source: Actions
Coverage Threshold Violation Report	Set up job	2026-02-07T23:26:12.1267285Z Prepare workflow directory
Coverage Threshold Violation Report	Set up job	2026-02-07T23:26:12.1842044Z Prepare all required actions
Coverage Threshold Violation Report	Set up job	2026-02-07T23:26:12.1922291Z Complete job name: Coverage Threshold Violation Report
Coverage Threshold Violation Report	Report Coverage Violation	Ôªø2026-02-07T23:26:12.2736072Z ##[group]Run echo "üö® CRITICAL VIOLATION DETECTED: Rule 4.1 (Test Coverage)"
Coverage Threshold Violation Report	Report Coverage Violation	2026-02-07T23:26:12.2737441Z [36;1mecho "üö® CRITICAL VIOLATION DETECTED: Rule 4.1 (Test Coverage)"[0m
Coverage Threshold Violation Report	Report Coverage Violation	2026-02-07T23:26:12.2738223Z [36;1mecho ""[0m
Coverage Threshold Violation Report	Report Coverage Violation	2026-02-07T23:26:12.2738752Z [36;1mecho "‚ùå Coverage threshold NOT met!"[0m
Coverage Threshold Violation Report	Report Coverage Violation	2026-02-07T23:26:12.2739431Z [36;1mecho ""[0m
Coverage Threshold Violation Report	Report Coverage Violation	2026-02-07T23:26:12.2739960Z [36;1mecho "üìã Required Thresholds:"[0m
Coverage Threshold Violation Report	Report Coverage Violation	2026-02-07T23:26:12.2740724Z [36;1mecho "   - Global Minimum: 30% (Phase 1 - will increase to 80%)"[0m
Coverage Threshold Violation Report	Report Coverage Violation	2026-02-07T23:26:12.2741460Z [36;1mecho "   - Current Target: 30%"[0m
Coverage Threshold Violation Report	Report Coverage Violation	2026-02-07T23:26:12.2742344Z [36;1mecho "      * packages/provisioning/**"[0m
Coverage Threshold Violation Report	Report Coverage Violation	2026-02-07T23:26:12.2743005Z [36;1mecho "      * packages/auth/**"[0m
Coverage Threshold Violation Report	Report Coverage Violation	2026-02-07T23:26:12.2743782Z [36;1mecho "      * packages/middleware/**"[0m
Coverage Threshold Violation Report	Report Coverage Violation	2026-02-07T23:26:12.2744525Z [36;1mecho ""[0m
Coverage Threshold Violation Report	Report Coverage Violation	2026-02-07T23:26:12.2744984Z [36;1mecho "üìù Action Required:"[0m
Coverage Threshold Violation Report	Report Coverage Violation	2026-02-07T23:26:12.2745601Z [36;1mecho "   1. Add tests for uncovered lines"[0m
Coverage Threshold Violation Report	Report Coverage Violation	2026-02-07T23:26:12.2746448Z [36;1mecho "   2. Verify all new files have tests"[0m
Coverage Threshold Violation Report	Report Coverage Violation	2026-02-07T23:26:12.2747203Z [36;1mecho "   3. Check coverage report in PR artifacts"[0m
Coverage Threshold Violation Report	Report Coverage Violation	2026-02-07T23:26:12.2747883Z [36;1mecho ""[0m
Coverage Threshold Violation Report	Report Coverage Violation	2026-02-07T23:26:12.2748575Z [36;1mecho "üõë Build rejected. Increase coverage before merging."[0m
Coverage Threshold Violation Report	Report Coverage Violation	2026-02-07T23:26:12.2749270Z [36;1mexit 1[0m
Coverage Threshold Violation Report	Report Coverage Violation	2026-02-07T23:26:12.3512661Z shell: /usr/bin/bash -e {0}
Coverage Threshold Violation Report	Report Coverage Violation	2026-02-07T23:26:12.3514232Z env:
Coverage Threshold Violation Report	Report Coverage Violation	2026-02-07T23:26:12.3514870Z   JWT_SECRET: test_secret_key_for_ci_environment_only_32
Coverage Threshold Violation Report	Report Coverage Violation	2026-02-07T23:26:12.3516138Z   DATABASE_URL: ***localhost:5432/test
Coverage Threshold Violation Report	Report Coverage Violation	2026-02-07T23:26:12.3516827Z   MINIO_ACCESS_KEY: test
Coverage Threshold Violation Report	Report Coverage Violation	2026-02-07T23:26:12.3517422Z   MINIO_SECRET_KEY: minioadmin123
Coverage Threshold Violation Report	Report Coverage Violation	2026-02-07T23:26:12.3518076Z   MINIO_ENDPOINT: localhost
Coverage Threshold Violation Report	Report Coverage Violation	2026-02-07T23:26:12.3518655Z ##[endgroup]
Coverage Threshold Violation Report	Report Coverage Violation	2026-02-07T23:26:12.3803743Z üö® CRITICAL VIOLATION DETECTED: Rule 4.1 (Test Coverage)
Coverage Threshold Violation Report	Report Coverage Violation	2026-02-07T23:26:12.3804386Z 
Coverage Threshold Violation Report	Report Coverage Violation	2026-02-07T23:26:12.3804713Z ‚ùå Coverage threshold NOT met!
Coverage Threshold Violation Report	Report Coverage Violation	2026-02-07T23:26:12.3805110Z 
Coverage Threshold Violation Report	Report Coverage Violation	2026-02-07T23:26:12.3805468Z üìã Required Thresholds:
Coverage Threshold Violation Report	Report Coverage Violation	2026-02-07T23:26:12.3806168Z    - Global Minimum: 30% (Phase 1 - will increase to 80%)
Coverage Threshold Violation Report	Report Coverage Violation	2026-02-07T23:26:12.3806876Z    - Current Target: 30%
Coverage Threshold Violation Report	Report Coverage Violation	2026-02-07T23:26:12.3807878Z       * packages/provisioning/**
Coverage Threshold Violation Report	Report Coverage Violation	2026-02-07T23:26:12.3808523Z       * packages/auth/**
Coverage Threshold Violation Report	Report Coverage Violation	2026-02-07T23:26:12.3809121Z       * packages/middleware/**
Coverage Threshold Violation Report	Report Coverage Violation	2026-02-07T23:26:12.3809472Z 
Coverage Threshold Violation Report	Report Coverage Violation	2026-02-07T23:26:12.3809808Z üìù Action Required:
Coverage Threshold Violation Report	Report Coverage Violation	2026-02-07T23:26:12.3810327Z    1. Add tests for uncovered lines
Coverage Threshold Violation Report	Report Coverage Violation	2026-02-07T23:26:12.3810948Z    2. Verify all new files have tests
Coverage Threshold Violation Report	Report Coverage Violation	2026-02-07T23:26:12.3811538Z    3. Check coverage report in PR artifacts
Coverage Threshold Violation Report	Report Coverage Violation	2026-02-07T23:26:12.3812097Z 
Coverage Threshold Violation Report	Report Coverage Violation	2026-02-07T23:26:12.3812447Z üõë Build rejected. Increase coverage before merging.
Coverage Threshold Violation Report	Report Coverage Violation	2026-02-07T23:26:12.3830839Z ##[error]Process completed with exit code 1.
Coverage Threshold Violation Report	Complete job	Ôªø2026-02-07T23:26:12.3944246Z Cleaning up orphan processes
