Documentation Check	Set up job	Ôªø2026-02-09T16:07:23.0872494Z Current runner version: '2.331.0'
Documentation Check	Set up job	2026-02-09T16:07:23.0895764Z ##[group]Runner Image Provisioner
Documentation Check	Set up job	2026-02-09T16:07:23.0896536Z Hosted Compute Agent
Documentation Check	Set up job	2026-02-09T16:07:23.0897082Z Version: 20260123.484
Documentation Check	Set up job	2026-02-09T16:07:23.0897805Z Commit: 6bd6555ca37d84114959e1c76d2c01448ff61c5d
Documentation Check	Set up job	2026-02-09T16:07:23.0898408Z Build Date: 2026-01-23T19:41:17Z
Documentation Check	Set up job	2026-02-09T16:07:23.0899039Z Worker ID: {9bd9c756-879c-475a-bd3b-76f370060d6e}
Documentation Check	Set up job	2026-02-09T16:07:23.0899643Z Azure Region: westcentralus
Documentation Check	Set up job	2026-02-09T16:07:23.0900160Z ##[endgroup]
Documentation Check	Set up job	2026-02-09T16:07:23.0901538Z ##[group]Operating System
Documentation Check	Set up job	2026-02-09T16:07:23.0902032Z Ubuntu
Documentation Check	Set up job	2026-02-09T16:07:23.0902446Z 24.04.3
Documentation Check	Set up job	2026-02-09T16:07:23.0902823Z LTS
Documentation Check	Set up job	2026-02-09T16:07:23.0903254Z ##[endgroup]
Documentation Check	Set up job	2026-02-09T16:07:23.0903660Z ##[group]Runner Image
Documentation Check	Set up job	2026-02-09T16:07:23.0904179Z Image: ubuntu-24.04
Documentation Check	Set up job	2026-02-09T16:07:23.0904601Z Version: 20260201.15.1
Documentation Check	Set up job	2026-02-09T16:07:23.0905477Z Included Software: https://github.com/actions/runner-images/blob/ubuntu24/20260201.15/images/ubuntu/Ubuntu2404-Readme.md
Documentation Check	Set up job	2026-02-09T16:07:23.0906928Z Image Release: https://github.com/actions/runner-images/releases/tag/ubuntu24%2F20260201.15
Documentation Check	Set up job	2026-02-09T16:07:23.0907851Z ##[endgroup]
Documentation Check	Set up job	2026-02-09T16:07:23.0908816Z ##[group]GITHUB_TOKEN Permissions
Documentation Check	Set up job	2026-02-09T16:07:23.0910798Z Contents: read
Documentation Check	Set up job	2026-02-09T16:07:23.0911279Z Metadata: read
Documentation Check	Set up job	2026-02-09T16:07:23.0911766Z Packages: read
Documentation Check	Set up job	2026-02-09T16:07:23.0912170Z ##[endgroup]
Documentation Check	Set up job	2026-02-09T16:07:23.0914192Z Secret source: Actions
Documentation Check	Set up job	2026-02-09T16:07:23.0914990Z Prepare workflow directory
Documentation Check	Set up job	2026-02-09T16:07:23.1229232Z Prepare all required actions
Documentation Check	Set up job	2026-02-09T16:07:23.1267598Z Getting action download info
Documentation Check	Set up job	2026-02-09T16:07:24.0492395Z Download action repository 'actions/checkout@v4' (SHA:34e114876b0b11c390a56381ad16ebd13914f8d5)
Documentation Check	Set up job	2026-02-09T16:07:24.2445288Z Complete job name: Documentation Check
Documentation Check	Checkout code	Ôªø2026-02-09T16:07:24.3209557Z ##[group]Run actions/checkout@v4
Documentation Check	Checkout code	2026-02-09T16:07:24.3210975Z with:
Documentation Check	Checkout code	2026-02-09T16:07:24.3211960Z   repository: adelfree2023-dev/KIMI
Documentation Check	Checkout code	2026-02-09T16:07:24.3213369Z   token: ***
Documentation Check	Checkout code	2026-02-09T16:07:24.3214184Z   ssh-strict: true
Documentation Check	Checkout code	2026-02-09T16:07:24.3215114Z   ssh-user: git
Documentation Check	Checkout code	2026-02-09T16:07:24.3215949Z   persist-credentials: true
Documentation Check	Checkout code	2026-02-09T16:07:24.3216905Z   clean: true
Documentation Check	Checkout code	2026-02-09T16:07:24.3218185Z   sparse-checkout-cone-mode: true
Documentation Check	Checkout code	2026-02-09T16:07:24.3219245Z   fetch-depth: 1
Documentation Check	Checkout code	2026-02-09T16:07:24.3220055Z   fetch-tags: false
Documentation Check	Checkout code	2026-02-09T16:07:24.3220963Z   show-progress: true
Documentation Check	Checkout code	2026-02-09T16:07:24.3221869Z   lfs: false
Documentation Check	Checkout code	2026-02-09T16:07:24.3222658Z   submodules: false
Documentation Check	Checkout code	2026-02-09T16:07:24.3223555Z   set-safe-directory: true
Documentation Check	Checkout code	2026-02-09T16:07:24.3224869Z ##[endgroup]
Documentation Check	Checkout code	2026-02-09T16:07:24.4318756Z Syncing repository: adelfree2023-dev/KIMI
Documentation Check	Checkout code	2026-02-09T16:07:24.4321837Z ##[group]Getting Git version info
Documentation Check	Checkout code	2026-02-09T16:07:24.4323212Z Working directory is '/home/runner/work/KIMI/KIMI'
Documentation Check	Checkout code	2026-02-09T16:07:24.4325196Z [command]/usr/bin/git version
Documentation Check	Checkout code	2026-02-09T16:07:24.4350824Z git version 2.52.0
Documentation Check	Checkout code	2026-02-09T16:07:24.4376376Z ##[endgroup]
Documentation Check	Checkout code	2026-02-09T16:07:24.4389414Z Temporarily overriding HOME='/home/runner/work/_temp/944cd7ec-3545-4afc-8458-eb1ca7d45216' before making global git config changes
Documentation Check	Checkout code	2026-02-09T16:07:24.4392159Z Adding repository directory to the temporary git global config as a safe directory
Documentation Check	Checkout code	2026-02-09T16:07:24.4403630Z [command]/usr/bin/git config --global --add safe.directory /home/runner/work/KIMI/KIMI
Documentation Check	Checkout code	2026-02-09T16:07:24.4440870Z Deleting the contents of '/home/runner/work/KIMI/KIMI'
Documentation Check	Checkout code	2026-02-09T16:07:24.4444859Z ##[group]Initializing the repository
Documentation Check	Checkout code	2026-02-09T16:07:24.4449904Z [command]/usr/bin/git init /home/runner/work/KIMI/KIMI
Documentation Check	Checkout code	2026-02-09T16:07:24.4521873Z hint: Using 'master' as the name for the initial branch. This default branch name
Documentation Check	Checkout code	2026-02-09T16:07:24.4524993Z hint: will change to "main" in Git 3.0. To configure the initial branch name
Documentation Check	Checkout code	2026-02-09T16:07:24.4528157Z hint: to use in all of your new repositories, which will suppress this warning,
Documentation Check	Checkout code	2026-02-09T16:07:24.4530638Z hint: call:
Documentation Check	Checkout code	2026-02-09T16:07:24.4532037Z hint:
Documentation Check	Checkout code	2026-02-09T16:07:24.4533545Z hint: 	git config --global init.defaultBranch <name>
Documentation Check	Checkout code	2026-02-09T16:07:24.4535858Z hint:
Documentation Check	Checkout code	2026-02-09T16:07:24.4537867Z hint: Names commonly chosen instead of 'master' are 'main', 'trunk' and
Documentation Check	Checkout code	2026-02-09T16:07:24.4540812Z hint: 'development'. The just-created branch can be renamed via this command:
Documentation Check	Checkout code	2026-02-09T16:07:24.4543126Z hint:
Documentation Check	Checkout code	2026-02-09T16:07:24.4544205Z hint: 	git branch -m <name>
Documentation Check	Checkout code	2026-02-09T16:07:24.4545183Z hint:
Documentation Check	Checkout code	2026-02-09T16:07:24.4546365Z hint: Disable this message with "git config set advice.defaultBranchName false"
Documentation Check	Checkout code	2026-02-09T16:07:24.4548823Z Initialized empty Git repository in /home/runner/work/KIMI/KIMI/.git/
Documentation Check	Checkout code	2026-02-09T16:07:24.4553601Z [command]/usr/bin/git remote add origin https://github.com/adelfree2023-dev/KIMI
Documentation Check	Checkout code	2026-02-09T16:07:24.4570730Z ##[endgroup]
Documentation Check	Checkout code	2026-02-09T16:07:24.4572965Z ##[group]Disabling automatic garbage collection
Documentation Check	Checkout code	2026-02-09T16:07:24.4575270Z [command]/usr/bin/git config --local gc.auto 0
Documentation Check	Checkout code	2026-02-09T16:07:24.4602145Z ##[endgroup]
Documentation Check	Checkout code	2026-02-09T16:07:24.4603553Z ##[group]Setting up auth
Documentation Check	Checkout code	2026-02-09T16:07:24.4608888Z [command]/usr/bin/git config --local --name-only --get-regexp core\.sshCommand
Documentation Check	Checkout code	2026-02-09T16:07:24.4639352Z [command]/usr/bin/git submodule foreach --recursive sh -c "git config --local --name-only --get-regexp 'core\.sshCommand' && git config --local --unset-all 'core.sshCommand' || :"
Documentation Check	Checkout code	2026-02-09T16:07:24.4914370Z [command]/usr/bin/git config --local --name-only --get-regexp http\.https\:\/\/github\.com\/\.extraheader
Documentation Check	Checkout code	2026-02-09T16:07:24.4941530Z [command]/usr/bin/git submodule foreach --recursive sh -c "git config --local --name-only --get-regexp 'http\.https\:\/\/github\.com\/\.extraheader' && git config --local --unset-all 'http.https://github.com/.extraheader' || :"
Documentation Check	Checkout code	2026-02-09T16:07:24.5118841Z [command]/usr/bin/git config --local --name-only --get-regexp ^includeIf\.gitdir:
Documentation Check	Checkout code	2026-02-09T16:07:24.5143536Z [command]/usr/bin/git submodule foreach --recursive git config --local --show-origin --name-only --get-regexp remote.origin.url
Documentation Check	Checkout code	2026-02-09T16:07:24.5332552Z [command]/usr/bin/git config --local http.https://github.com/.extraheader AUTHORIZATION: basic ***
Documentation Check	Checkout code	2026-02-09T16:07:24.5364514Z ##[endgroup]
Documentation Check	Checkout code	2026-02-09T16:07:24.5366139Z ##[group]Fetching the repository
Documentation Check	Checkout code	2026-02-09T16:07:24.5373172Z [command]/usr/bin/git -c protocol.version=2 fetch --no-tags --prune --no-recurse-submodules --depth=1 origin +5e49a5f4b199e7999cef98df380549eba239dac3:refs/remotes/origin/develop
Documentation Check	Checkout code	2026-02-09T16:07:25.0987523Z From https://github.com/adelfree2023-dev/KIMI
Documentation Check	Checkout code	2026-02-09T16:07:25.0988609Z  * [new ref]         5e49a5f4b199e7999cef98df380549eba239dac3 -> origin/develop
Documentation Check	Checkout code	2026-02-09T16:07:25.1014621Z ##[endgroup]
Documentation Check	Checkout code	2026-02-09T16:07:25.1015600Z ##[group]Determining the checkout info
Documentation Check	Checkout code	2026-02-09T16:07:25.1016819Z ##[endgroup]
Documentation Check	Checkout code	2026-02-09T16:07:25.1022488Z [command]/usr/bin/git sparse-checkout disable
Documentation Check	Checkout code	2026-02-09T16:07:25.1056067Z [command]/usr/bin/git config --local --unset-all extensions.worktreeConfig
Documentation Check	Checkout code	2026-02-09T16:07:25.1078603Z ##[group]Checking out the ref
Documentation Check	Checkout code	2026-02-09T16:07:25.1083104Z [command]/usr/bin/git checkout --progress --force -B develop refs/remotes/origin/develop
Documentation Check	Checkout code	2026-02-09T16:07:25.1323276Z Switched to a new branch 'develop'
Documentation Check	Checkout code	2026-02-09T16:07:25.1324266Z branch 'develop' set up to track 'origin/develop'.
Documentation Check	Checkout code	2026-02-09T16:07:25.1332219Z ##[endgroup]
Documentation Check	Checkout code	2026-02-09T16:07:25.1366825Z [command]/usr/bin/git log -1 --format=%H
Documentation Check	Checkout code	2026-02-09T16:07:25.1386897Z 5e49a5f4b199e7999cef98df380549eba239dac3
Documentation Check	Check Export Documentation	Ôªø2026-02-09T16:07:25.1570401Z ##[group]Run echo "‚ïê‚ïê‚ïê‚ïê‚ïê‚ïê‚ïê‚ïê‚ïê‚ïê‚ïê‚ïê‚ïê‚ïê‚ïê‚ïê‚ïê‚ïê‚ïê‚ïê‚ïê‚ïê‚ïê‚ïê‚ïê‚ïê‚ïê‚ïê‚ïê‚ïê‚ïê‚ïê‚ïê‚ïê‚ïê‚ïê‚ïê‚ïê‚ïê‚ïê‚ïê‚ïê‚ïê‚ïê‚ïê‚ïê‚ïê‚ïê‚ïê‚ïê‚ïê‚ïê‚ïê‚ïê‚ïê‚ïê‚ïê‚ïê‚ïê‚ïê‚ïê‚ïê‚ïê"
Documentation Check	Check Export Documentation	2026-02-09T16:07:25.1571304Z [36;1mecho "‚ïê‚ïê‚ïê‚ïê‚ïê‚ïê‚ïê‚ïê‚ïê‚ïê‚ïê‚ïê‚ïê‚ïê‚ïê‚ïê‚ïê‚ïê‚ïê‚ïê‚ïê‚ïê‚ïê‚ïê‚ïê‚ïê‚ïê‚ïê‚ïê‚ïê‚ïê‚ïê‚ïê‚ïê‚ïê‚ïê‚ïê‚ïê‚ïê‚ïê‚ïê‚ïê‚ïê‚ïê‚ïê‚ïê‚ïê‚ïê‚ïê‚ïê‚ïê‚ïê‚ïê‚ïê‚ïê‚ïê‚ïê‚ïê‚ïê‚ïê‚ïê‚ïê‚ïê"[0m
Documentation Check	Check Export Documentation	2026-02-09T16:07:25.1571906Z [36;1mecho "  Export Documentation Check"[0m
Documentation Check	Check Export Documentation	2026-02-09T16:07:25.1572408Z [36;1mecho "‚ïê‚ïê‚ïê‚ïê‚ïê‚ïê‚ïê‚ïê‚ïê‚ïê‚ïê‚ïê‚ïê‚ïê‚ïê‚ïê‚ïê‚ïê‚ïê‚ïê‚ïê‚ïê‚ïê‚ïê‚ïê‚ïê‚ïê‚ïê‚ïê‚ïê‚ïê‚ïê‚ïê‚ïê‚ïê‚ïê‚ïê‚ïê‚ïê‚ïê‚ïê‚ïê‚ïê‚ïê‚ïê‚ïê‚ïê‚ïê‚ïê‚ïê‚ïê‚ïê‚ïê‚ïê‚ïê‚ïê‚ïê‚ïê‚ïê‚ïê‚ïê‚ïê‚ïê"[0m
Documentation Check	Check Export Documentation	2026-02-09T16:07:25.1572917Z [36;1m[0m
Documentation Check	Check Export Documentation	2026-02-09T16:07:25.1573234Z [36;1m# Check README exists[0m
Documentation Check	Check Export Documentation	2026-02-09T16:07:25.1573724Z [36;1mif [ ! -f "packages/export/README.md" ]; then[0m
Documentation Check	Check Export Documentation	2026-02-09T16:07:25.1574203Z [36;1m  echo "‚ùå Export module README.md is missing"[0m
Documentation Check	Check Export Documentation	2026-02-09T16:07:25.1574881Z [36;1m  exit 1[0m
Documentation Check	Check Export Documentation	2026-02-09T16:07:25.1575234Z [36;1mfi[0m
Documentation Check	Check Export Documentation	2026-02-09T16:07:25.1575553Z [36;1m[0m
Documentation Check	Check Export Documentation	2026-02-09T16:07:25.1575947Z [36;1m# Check README has required sections[0m
Documentation Check	Check Export Documentation	2026-02-09T16:07:25.1576356Z [36;1mREADME="packages/export/README.md"[0m
Documentation Check	Check Export Documentation	2026-02-09T16:07:25.1576855Z [36;1m[0m
Documentation Check	Check Export Documentation	2026-02-09T16:07:25.1577198Z [36;1mif ! grep -q "Security" "$README"; then[0m
Documentation Check	Check Export Documentation	2026-02-09T16:07:25.1577968Z [36;1m  echo "‚ùå README missing Security section"[0m
Documentation Check	Check Export Documentation	2026-02-09T16:07:25.1578365Z [36;1m  exit 1[0m
Documentation Check	Check Export Documentation	2026-02-09T16:07:25.1578731Z [36;1mfi[0m
Documentation Check	Check Export Documentation	2026-02-09T16:07:25.1579039Z [36;1m[0m
Documentation Check	Check Export Documentation	2026-02-09T16:07:25.1579424Z [36;1mif ! grep -q "API\|Usage" "$README"; then[0m
Documentation Check	Check Export Documentation	2026-02-09T16:07:25.1579904Z [36;1m  echo "‚ùå README missing Usage/API section"[0m
Documentation Check	Check Export Documentation	2026-02-09T16:07:25.1580309Z [36;1m  exit 1[0m
Documentation Check	Check Export Documentation	2026-02-09T16:07:25.1580676Z [36;1mfi[0m
Documentation Check	Check Export Documentation	2026-02-09T16:07:25.1580968Z [36;1m[0m
Documentation Check	Check Export Documentation	2026-02-09T16:07:25.1581379Z [36;1mif ! grep -q "S14\|Export Security" "$README"; then[0m
Documentation Check	Check Export Documentation	2026-02-09T16:07:25.1581903Z [36;1m  echo "‚ö†Ô∏è README should mention S14 compliance"[0m
Documentation Check	Check Export Documentation	2026-02-09T16:07:25.1582338Z [36;1mfi[0m
Documentation Check	Check Export Documentation	2026-02-09T16:07:25.1582695Z [36;1m[0m
Documentation Check	Check Export Documentation	2026-02-09T16:07:25.1583042Z [36;1mecho "‚úÖ Export documentation verified"[0m
Documentation Check	Check Export Documentation	2026-02-09T16:07:25.1608085Z shell: /usr/bin/bash -e {0}
Documentation Check	Check Export Documentation	2026-02-09T16:07:25.1608609Z ##[endgroup]
Documentation Check	Check Export Documentation	2026-02-09T16:07:25.1800380Z ‚ïê‚ïê‚ïê‚ïê‚ïê‚ïê‚ïê‚ïê‚ïê‚ïê‚ïê‚ïê‚ïê‚ïê‚ïê‚ïê‚ïê‚ïê‚ïê‚ïê‚ïê‚ïê‚ïê‚ïê‚ïê‚ïê‚ïê‚ïê‚ïê‚ïê‚ïê‚ïê‚ïê‚ïê‚ïê‚ïê‚ïê‚ïê‚ïê‚ïê‚ïê‚ïê‚ïê‚ïê‚ïê‚ïê‚ïê‚ïê‚ïê‚ïê‚ïê‚ïê‚ïê‚ïê‚ïê‚ïê‚ïê‚ïê‚ïê‚ïê‚ïê‚ïê‚ïê
Documentation Check	Check Export Documentation	2026-02-09T16:07:25.1802361Z   Export Documentation Check
Documentation Check	Check Export Documentation	2026-02-09T16:07:25.1803250Z ‚ïê‚ïê‚ïê‚ïê‚ïê‚ïê‚ïê‚ïê‚ïê‚ïê‚ïê‚ïê‚ïê‚ïê‚ïê‚ïê‚ïê‚ïê‚ïê‚ïê‚ïê‚ïê‚ïê‚ïê‚ïê‚ïê‚ïê‚ïê‚ïê‚ïê‚ïê‚ïê‚ïê‚ïê‚ïê‚ïê‚ïê‚ïê‚ïê‚ïê‚ïê‚ïê‚ïê‚ïê‚ïê‚ïê‚ïê‚ïê‚ïê‚ïê‚ïê‚ïê‚ïê‚ïê‚ïê‚ïê‚ïê‚ïê‚ïê‚ïê‚ïê‚ïê‚ïê
Documentation Check	Check Export Documentation	2026-02-09T16:07:25.1838417Z ‚úÖ Export documentation verified
Documentation Check	Post Checkout code	Ôªø2026-02-09T16:07:25.1978280Z Post job cleanup.
Documentation Check	Post Checkout code	2026-02-09T16:07:25.2867904Z [command]/usr/bin/git version
Documentation Check	Post Checkout code	2026-02-09T16:07:25.2901507Z git version 2.52.0
Documentation Check	Post Checkout code	2026-02-09T16:07:25.2940101Z Temporarily overriding HOME='/home/runner/work/_temp/ca618cb4-a422-4ca6-8bf8-11db55456c84' before making global git config changes
Documentation Check	Post Checkout code	2026-02-09T16:07:25.2941530Z Adding repository directory to the temporary git global config as a safe directory
Documentation Check	Post Checkout code	2026-02-09T16:07:25.2945102Z [command]/usr/bin/git config --global --add safe.directory /home/runner/work/KIMI/KIMI
Documentation Check	Post Checkout code	2026-02-09T16:07:25.2978466Z [command]/usr/bin/git config --local --name-only --get-regexp core\.sshCommand
Documentation Check	Post Checkout code	2026-02-09T16:07:25.3007516Z [command]/usr/bin/git submodule foreach --recursive sh -c "git config --local --name-only --get-regexp 'core\.sshCommand' && git config --local --unset-all 'core.sshCommand' || :"
Documentation Check	Post Checkout code	2026-02-09T16:07:25.3199754Z [command]/usr/bin/git config --local --name-only --get-regexp http\.https\:\/\/github\.com\/\.extraheader
Documentation Check	Post Checkout code	2026-02-09T16:07:25.3218903Z http.https://github.com/.extraheader
Documentation Check	Post Checkout code	2026-02-09T16:07:25.3230429Z [command]/usr/bin/git config --local --unset-all http.https://github.com/.extraheader
Documentation Check	Post Checkout code	2026-02-09T16:07:25.3256853Z [command]/usr/bin/git submodule foreach --recursive sh -c "git config --local --name-only --get-regexp 'http\.https\:\/\/github\.com\/\.extraheader' && git config --local --unset-all 'http.https://github.com/.extraheader' || :"
Documentation Check	Post Checkout code	2026-02-09T16:07:25.3444724Z [command]/usr/bin/git config --local --name-only --get-regexp ^includeIf\.gitdir:
Documentation Check	Post Checkout code	2026-02-09T16:07:25.3472014Z [command]/usr/bin/git submodule foreach --recursive git config --local --show-origin --name-only --get-regexp remote.origin.url
Documentation Check	Complete job	Ôªø2026-02-09T16:07:25.3742257Z Cleaning up orphan processes
Code Quality	Set up job	Ôªø2026-02-09T16:07:23.5534373Z Current runner version: '2.331.0'
Code Quality	Set up job	2026-02-09T16:07:23.5556932Z ##[group]Runner Image Provisioner
Code Quality	Set up job	2026-02-09T16:07:23.5557793Z Hosted Compute Agent
Code Quality	Set up job	2026-02-09T16:07:23.5558418Z Version: 20260123.484
Code Quality	Set up job	2026-02-09T16:07:23.5559028Z Commit: 6bd6555ca37d84114959e1c76d2c01448ff61c5d
Code Quality	Set up job	2026-02-09T16:07:23.5559675Z Build Date: 2026-01-23T19:41:17Z
Code Quality	Set up job	2026-02-09T16:07:23.5560364Z Worker ID: {6ede231d-7bcd-42cc-98dd-6a7641de823a}
Code Quality	Set up job	2026-02-09T16:07:23.5561099Z Azure Region: westcentralus
Code Quality	Set up job	2026-02-09T16:07:23.5561799Z ##[endgroup]
Code Quality	Set up job	2026-02-09T16:07:23.5563223Z ##[group]Operating System
Code Quality	Set up job	2026-02-09T16:07:23.5563819Z Ubuntu
Code Quality	Set up job	2026-02-09T16:07:23.5564270Z 24.04.3
Code Quality	Set up job	2026-02-09T16:07:23.5564658Z LTS
Code Quality	Set up job	2026-02-09T16:07:23.5565208Z ##[endgroup]
Code Quality	Set up job	2026-02-09T16:07:23.5565657Z ##[group]Runner Image
Code Quality	Set up job	2026-02-09T16:07:23.5566182Z Image: ubuntu-24.04
Code Quality	Set up job	2026-02-09T16:07:23.5566746Z Version: 20260201.15.1
Code Quality	Set up job	2026-02-09T16:07:23.5567677Z Included Software: https://github.com/actions/runner-images/blob/ubuntu24/20260201.15/images/ubuntu/Ubuntu2404-Readme.md
Code Quality	Set up job	2026-02-09T16:07:23.5569310Z Image Release: https://github.com/actions/runner-images/releases/tag/ubuntu24%2F20260201.15
Code Quality	Set up job	2026-02-09T16:07:23.5570187Z ##[endgroup]
Code Quality	Set up job	2026-02-09T16:07:23.5571269Z ##[group]GITHUB_TOKEN Permissions
Code Quality	Set up job	2026-02-09T16:07:23.5573159Z Contents: read
Code Quality	Set up job	2026-02-09T16:07:23.5573675Z Metadata: read
Code Quality	Set up job	2026-02-09T16:07:23.5574299Z Packages: read
Code Quality	Set up job	2026-02-09T16:07:23.5574756Z ##[endgroup]
Code Quality	Set up job	2026-02-09T16:07:23.5576858Z Secret source: Actions
Code Quality	Set up job	2026-02-09T16:07:23.5577589Z Prepare workflow directory
Code Quality	Set up job	2026-02-09T16:07:23.5950326Z Prepare all required actions
Code Quality	Set up job	2026-02-09T16:07:23.5987646Z Getting action download info
Code Quality	Set up job	2026-02-09T16:07:24.4313879Z Download action repository 'actions/checkout@v4' (SHA:34e114876b0b11c390a56381ad16ebd13914f8d5)
Code Quality	Set up job	2026-02-09T16:07:24.5488364Z Download action repository 'oven-sh/setup-bun@v2' (SHA:3d267786b128fe76c2f16a390aa2448b815359f3)
Code Quality	Set up job	2026-02-09T16:07:25.3002202Z Complete job name: Code Quality
Code Quality	Checkout code	Ôªø2026-02-09T16:07:25.3797792Z ##[group]Run actions/checkout@v4
Code Quality	Checkout code	2026-02-09T16:07:25.3799054Z with:
Code Quality	Checkout code	2026-02-09T16:07:25.3799783Z   repository: adelfree2023-dev/KIMI
Code Quality	Checkout code	2026-02-09T16:07:25.3800980Z   token: ***
Code Quality	Checkout code	2026-02-09T16:07:25.3801896Z   ssh-strict: true
Code Quality	Checkout code	2026-02-09T16:07:25.3802639Z   ssh-user: git
Code Quality	Checkout code	2026-02-09T16:07:25.3803375Z   persist-credentials: true
Code Quality	Checkout code	2026-02-09T16:07:25.3804205Z   clean: true
Code Quality	Checkout code	2026-02-09T16:07:25.3804925Z   sparse-checkout-cone-mode: true
Code Quality	Checkout code	2026-02-09T16:07:25.3805831Z   fetch-depth: 1
Code Quality	Checkout code	2026-02-09T16:07:25.3806529Z   fetch-tags: false
Code Quality	Checkout code	2026-02-09T16:07:25.3807239Z   show-progress: true
Code Quality	Checkout code	2026-02-09T16:07:25.3807981Z   lfs: false
Code Quality	Checkout code	2026-02-09T16:07:25.3808629Z   submodules: false
Code Quality	Checkout code	2026-02-09T16:07:25.3809366Z   set-safe-directory: true
Code Quality	Checkout code	2026-02-09T16:07:25.3810438Z ##[endgroup]
Code Quality	Checkout code	2026-02-09T16:07:25.4912521Z Syncing repository: adelfree2023-dev/KIMI
Code Quality	Checkout code	2026-02-09T16:07:25.4916501Z ##[group]Getting Git version info
Code Quality	Checkout code	2026-02-09T16:07:25.4918770Z Working directory is '/home/runner/work/KIMI/KIMI'
Code Quality	Checkout code	2026-02-09T16:07:25.4920686Z [command]/usr/bin/git version
Code Quality	Checkout code	2026-02-09T16:07:25.4987310Z git version 2.52.0
Code Quality	Checkout code	2026-02-09T16:07:25.5014533Z ##[endgroup]
Code Quality	Checkout code	2026-02-09T16:07:25.5030405Z Temporarily overriding HOME='/home/runner/work/_temp/9a68f610-2dc4-4511-8a60-8d703f11f26d' before making global git config changes
Code Quality	Checkout code	2026-02-09T16:07:25.5035503Z Adding repository directory to the temporary git global config as a safe directory
Code Quality	Checkout code	2026-02-09T16:07:25.5044330Z [command]/usr/bin/git config --global --add safe.directory /home/runner/work/KIMI/KIMI
Code Quality	Checkout code	2026-02-09T16:07:25.5083883Z Deleting the contents of '/home/runner/work/KIMI/KIMI'
Code Quality	Checkout code	2026-02-09T16:07:25.5087677Z ##[group]Initializing the repository
Code Quality	Checkout code	2026-02-09T16:07:25.5092633Z [command]/usr/bin/git init /home/runner/work/KIMI/KIMI
Code Quality	Checkout code	2026-02-09T16:07:25.5199670Z hint: Using 'master' as the name for the initial branch. This default branch name
Code Quality	Checkout code	2026-02-09T16:07:25.5202060Z hint: will change to "main" in Git 3.0. To configure the initial branch name
Code Quality	Checkout code	2026-02-09T16:07:25.5204531Z hint: to use in all of your new repositories, which will suppress this warning,
Code Quality	Checkout code	2026-02-09T16:07:25.5206708Z hint: call:
Code Quality	Checkout code	2026-02-09T16:07:25.5208210Z hint:
Code Quality	Checkout code	2026-02-09T16:07:25.5209889Z hint: 	git config --global init.defaultBranch <name>
Code Quality	Checkout code	2026-02-09T16:07:25.5212129Z hint:
Code Quality	Checkout code	2026-02-09T16:07:25.5213917Z hint: Names commonly chosen instead of 'master' are 'main', 'trunk' and
Code Quality	Checkout code	2026-02-09T16:07:25.5217084Z hint: 'development'. The just-created branch can be renamed via this command:
Code Quality	Checkout code	2026-02-09T16:07:25.5219623Z hint:
Code Quality	Checkout code	2026-02-09T16:07:25.5220746Z hint: 	git branch -m <name>
Code Quality	Checkout code	2026-02-09T16:07:25.5222319Z hint:
Code Quality	Checkout code	2026-02-09T16:07:25.5224147Z hint: Disable this message with "git config set advice.defaultBranchName false"
Code Quality	Checkout code	2026-02-09T16:07:25.5226107Z Initialized empty Git repository in /home/runner/work/KIMI/KIMI/.git/
Code Quality	Checkout code	2026-02-09T16:07:25.5229453Z [command]/usr/bin/git remote add origin https://github.com/adelfree2023-dev/KIMI
Code Quality	Checkout code	2026-02-09T16:07:25.5253461Z ##[endgroup]
Code Quality	Checkout code	2026-02-09T16:07:25.5255726Z ##[group]Disabling automatic garbage collection
Code Quality	Checkout code	2026-02-09T16:07:25.5257898Z [command]/usr/bin/git config --local gc.auto 0
Code Quality	Checkout code	2026-02-09T16:07:25.5290205Z ##[endgroup]
Code Quality	Checkout code	2026-02-09T16:07:25.5292649Z ##[group]Setting up auth
Code Quality	Checkout code	2026-02-09T16:07:25.5297842Z [command]/usr/bin/git config --local --name-only --get-regexp core\.sshCommand
Code Quality	Checkout code	2026-02-09T16:07:25.5331219Z [command]/usr/bin/git submodule foreach --recursive sh -c "git config --local --name-only --get-regexp 'core\.sshCommand' && git config --local --unset-all 'core.sshCommand' || :"
Code Quality	Checkout code	2026-02-09T16:07:25.5677079Z [command]/usr/bin/git config --local --name-only --get-regexp http\.https\:\/\/github\.com\/\.extraheader
Code Quality	Checkout code	2026-02-09T16:07:25.5709238Z [command]/usr/bin/git submodule foreach --recursive sh -c "git config --local --name-only --get-regexp 'http\.https\:\/\/github\.com\/\.extraheader' && git config --local --unset-all 'http.https://github.com/.extraheader' || :"
Code Quality	Checkout code	2026-02-09T16:07:25.5922825Z [command]/usr/bin/git config --local --name-only --get-regexp ^includeIf\.gitdir:
Code Quality	Checkout code	2026-02-09T16:07:25.5952059Z [command]/usr/bin/git submodule foreach --recursive git config --local --show-origin --name-only --get-regexp remote.origin.url
Code Quality	Checkout code	2026-02-09T16:07:25.6177743Z [command]/usr/bin/git config --local http.https://github.com/.extraheader AUTHORIZATION: basic ***
Code Quality	Checkout code	2026-02-09T16:07:25.6209505Z ##[endgroup]
Code Quality	Checkout code	2026-02-09T16:07:25.6211459Z ##[group]Fetching the repository
Code Quality	Checkout code	2026-02-09T16:07:25.6218792Z [command]/usr/bin/git -c protocol.version=2 fetch --no-tags --prune --no-recurse-submodules --depth=1 origin +5e49a5f4b199e7999cef98df380549eba239dac3:refs/remotes/origin/develop
Code Quality	Checkout code	2026-02-09T16:07:26.2384423Z From https://github.com/adelfree2023-dev/KIMI
Code Quality	Checkout code	2026-02-09T16:07:26.2386183Z  * [new ref]         5e49a5f4b199e7999cef98df380549eba239dac3 -> origin/develop
Code Quality	Checkout code	2026-02-09T16:07:26.2416863Z ##[endgroup]
Code Quality	Checkout code	2026-02-09T16:07:26.2419049Z ##[group]Determining the checkout info
Code Quality	Checkout code	2026-02-09T16:07:26.2421782Z ##[endgroup]
Code Quality	Checkout code	2026-02-09T16:07:26.2424826Z [command]/usr/bin/git sparse-checkout disable
Code Quality	Checkout code	2026-02-09T16:07:26.2484060Z [command]/usr/bin/git config --local --unset-all extensions.worktreeConfig
Code Quality	Checkout code	2026-02-09T16:07:26.2510548Z ##[group]Checking out the ref
Code Quality	Checkout code	2026-02-09T16:07:26.2514521Z [command]/usr/bin/git checkout --progress --force -B develop refs/remotes/origin/develop
Code Quality	Checkout code	2026-02-09T16:07:26.2793573Z Switched to a new branch 'develop'
Code Quality	Checkout code	2026-02-09T16:07:26.2796332Z branch 'develop' set up to track 'origin/develop'.
Code Quality	Checkout code	2026-02-09T16:07:26.2805227Z ##[endgroup]
Code Quality	Checkout code	2026-02-09T16:07:26.2840764Z [command]/usr/bin/git log -1 --format=%H
Code Quality	Checkout code	2026-02-09T16:07:26.2860784Z 5e49a5f4b199e7999cef98df380549eba239dac3
Code Quality	Setup Bun	Ôªø2026-02-09T16:07:26.3136584Z ##[group]Run oven-sh/setup-bun@v2
Code Quality	Setup Bun	2026-02-09T16:07:26.3137495Z with:
Code Quality	Setup Bun	2026-02-09T16:07:26.3138117Z   bun-version: latest
Code Quality	Setup Bun	2026-02-09T16:07:26.3138826Z   no-cache: false
Code Quality	Setup Bun	2026-02-09T16:07:26.3139738Z   token: ***
Code Quality	Setup Bun	2026-02-09T16:07:26.3140383Z ##[endgroup]
Code Quality	Setup Bun	2026-02-09T16:07:26.8680382Z Downloading a new version of Bun: https://github.com/oven-sh/bun/releases/download/bun-v1.3.9/bun-linux-x64.zip
Code Quality	Setup Bun	2026-02-09T16:07:27.4302084Z [command]/usr/bin/unzip -o -q /home/runner/work/_temp/9837aa29-aad6-496c-9600-b8285a6147a3.zip
Code Quality	Setup Bun	2026-02-09T16:07:28.1830479Z [command]/home/runner/.bun/bin/bun --revision
Code Quality	Setup Bun	2026-02-09T16:07:28.1870397Z 1.3.9+cf6cdbbba
Code Quality	Install Dependencies	Ôªø2026-02-09T16:07:28.2007758Z ##[group]Run bun install
Code Quality	Install Dependencies	2026-02-09T16:07:28.2008127Z [36;1mbun install[0m
Code Quality	Install Dependencies	2026-02-09T16:07:28.2046823Z shell: /usr/bin/bash -e {0}
Code Quality	Install Dependencies	2026-02-09T16:07:28.2047153Z ##[endgroup]
Code Quality	Install Dependencies	2026-02-09T16:07:28.2145736Z bun install v1.3.9 (cf6cdbbb)
Code Quality	Install Dependencies	2026-02-09T16:07:36.3477688Z 
Code Quality	Install Dependencies	2026-02-09T16:07:36.3478218Z $ echo 'Run: bun install'
Code Quality	Install Dependencies	2026-02-09T16:07:36.3492267Z Run: bun install
Code Quality	Install Dependencies	2026-02-09T16:07:36.3495142Z 
Code Quality	Install Dependencies	2026-02-09T16:07:36.3497110Z + @biomejs/biome@1.5.3
Code Quality	Install Dependencies	2026-02-09T16:07:36.3497555Z + @types/express@4.17.25
Code Quality	Install Dependencies	2026-02-09T16:07:36.3497939Z + @types/node@20.19.33
Code Quality	Install Dependencies	2026-02-09T16:07:36.3498325Z + @vitest/coverage-istanbul@1.6.1
Code Quality	Install Dependencies	2026-02-09T16:07:36.3498814Z + @vitest/coverage-v8@1.6.1
Code Quality	Install Dependencies	2026-02-09T16:07:36.3499355Z + bun-types@1.3.9
Code Quality	Install Dependencies	2026-02-09T16:07:36.3508714Z + cross-env@10.1.0
Code Quality	Install Dependencies	2026-02-09T16:07:36.3509131Z + dependency-cruiser@17.3.8
Code Quality	Install Dependencies	2026-02-09T16:07:36.3509512Z + express@4.22.1
Code Quality	Install Dependencies	2026-02-09T16:07:36.3509840Z + redis@5.10.0
Code Quality	Install Dependencies	2026-02-09T16:07:36.3510173Z + reflect-metadata@0.2.2
Code Quality	Install Dependencies	2026-02-09T16:07:36.3510520Z + turbo@2.8.3
Code Quality	Install Dependencies	2026-02-09T16:07:36.3510857Z + vitest@1.6.1
Code Quality	Install Dependencies	2026-02-09T16:07:36.3511166Z + @nestjs/swagger@11.2.6
Code Quality	Install Dependencies	2026-02-09T16:07:36.3511683Z + js-yaml@4.1.1
Code Quality	Install Dependencies	2026-02-09T16:07:36.3512032Z + swagger-ui-express@5.0.1
Code Quality	Install Dependencies	2026-02-09T16:07:36.3512288Z 
Code Quality	Install Dependencies	2026-02-09T16:07:36.3512446Z 1787 packages installed [8.14s]
Code Quality	TypeScript Type Check	Ôªø2026-02-09T16:07:36.4137880Z ##[group]Run echo "üîç Verifying Export Module Integrity..."
Code Quality	TypeScript Type Check	2026-02-09T16:07:36.4138709Z [36;1mecho "üîç Verifying Export Module Integrity..."[0m
Code Quality	TypeScript Type Check	2026-02-09T16:07:36.4139335Z [36;1m# Fail Fast if TSConfig is missing[0m
Code Quality	TypeScript Type Check	2026-02-09T16:07:36.4139926Z [36;1mif [ ! -f "packages/export/tsconfig.json" ]; then[0m
Code Quality	TypeScript Type Check	2026-02-09T16:07:36.4140872Z [36;1m  echo "üö® CRITICAL: packages/export/tsconfig.json is missing! Security Gate Breached."[0m
Code Quality	TypeScript Type Check	2026-02-09T16:07:36.4141872Z [36;1m  exit 1[0m
Code Quality	TypeScript Type Check	2026-02-09T16:07:36.4142192Z [36;1mfi[0m
Code Quality	TypeScript Type Check	2026-02-09T16:07:36.4142476Z [36;1m[0m
Code Quality	TypeScript Type Check	2026-02-09T16:07:36.4142939Z [36;1mbunx tsc --noEmit --project packages/export/tsconfig.json[0m
Code Quality	TypeScript Type Check	2026-02-09T16:07:36.4143594Z [36;1mecho "‚úÖ Export types verified successfully"[0m
Code Quality	TypeScript Type Check	2026-02-09T16:07:36.4185825Z shell: /usr/bin/bash -e {0}
Code Quality	TypeScript Type Check	2026-02-09T16:07:36.4186248Z ##[endgroup]
Code Quality	TypeScript Type Check	2026-02-09T16:07:36.4251816Z üîç Verifying Export Module Integrity...
Code Quality	TypeScript Type Check	2026-02-09T16:07:39.9833364Z packages/export/src/export-strategy.factory.ts(21,31): error TS2769: No overload matches this call.
Code Quality	TypeScript Type Check	2026-02-09T16:07:39.9835697Z   Overload 1 of 4, '(iterable?: Iterable<readonly ["lite" | "native" | "analytics", LiteExportStrategy]> | null | undefined): Map<"lite" | "native" | "analytics", LiteExportStrategy>', gave the following error.
Code Quality	TypeScript Type Check	2026-02-09T16:07:39.9838473Z     Argument of type '(["lite", LiteExportStrategy] | ["native", NativeExportStrategy] | ["analytics", AnalyticsExportStrategy])[]' is not assignable to parameter of type 'Iterable<readonly ["lite" | "native" | "analytics", LiteExportStrategy]>'.
Code Quality	TypeScript Type Check	2026-02-09T16:07:39.9840803Z       The types returned by '[Symbol.iterator]().next(...)' are incompatible between these types.
Code Quality	TypeScript Type Check	2026-02-09T16:07:39.9843162Z         Type 'IteratorResult<["lite", LiteExportStrategy] | ["native", NativeExportStrategy] | ["analytics", AnalyticsExportStrategy], undefined>' is not assignable to type 'IteratorResult<readonly ["lite" | "native" | "analytics", LiteExportStrategy], any>'.
Code Quality	TypeScript Type Check	2026-02-09T16:07:39.9846258Z           Type 'IteratorYieldResult<["lite", LiteExportStrategy] | ["native", NativeExportStrategy] | ["analytics", AnalyticsExportStrategy]>' is not assignable to type 'IteratorResult<readonly ["lite" | "native" | "analytics", LiteExportStrategy], any>'.
Code Quality	TypeScript Type Check	2026-02-09T16:07:39.9849233Z             Type 'IteratorYieldResult<["lite", LiteExportStrategy] | ["native", NativeExportStrategy] | ["analytics", AnalyticsExportStrategy]>' is not assignable to type 'IteratorYieldResult<readonly ["lite" | "native" | "analytics", LiteExportStrategy]>'.
Code Quality	TypeScript Type Check	2026-02-09T16:07:39.9852284Z               Type '["lite", LiteExportStrategy] | ["native", NativeExportStrategy] | ["analytics", AnalyticsExportStrategy]' is not assignable to type 'readonly ["lite" | "native" | "analytics", LiteExportStrategy]'.
Code Quality	TypeScript Type Check	2026-02-09T16:07:39.9854929Z                 Type '["native", NativeExportStrategy]' is not assignable to type 'readonly ["lite" | "native" | "analytics", LiteExportStrategy]'.
Code Quality	TypeScript Type Check	2026-02-09T16:07:39.9856380Z                   Type at position 1 in source is not compatible with type at position 1 in target.
Code Quality	TypeScript Type Check	2026-02-09T16:07:39.9857945Z                     Type 'NativeExportStrategy' is missing the following properties from type 'LiteExportStrategy': tenantRegistry, MAX_ROWS_PER_TABLE
Code Quality	TypeScript Type Check	2026-02-09T16:07:39.9860313Z packages/export/src/export.service.ts(10,30): error TS6305: Output file '/home/runner/work/KIMI/KIMI/packages/audit/dist/src/index.d.ts' has not been built from source file '/home/runner/work/KIMI/KIMI/packages/audit/src/index.ts'.
Code Quality	TypeScript Type Check	2026-02-09T16:07:39.9865545Z packages/export/src/export.worker.ts(8,30): error TS6305: Output file '/home/runner/work/KIMI/KIMI/packages/audit/dist/src/index.d.ts' has not been built from source file '/home/runner/work/KIMI/KIMI/packages/audit/src/index.ts'.
Code Quality	TypeScript Type Check	2026-02-09T16:07:39.9867785Z packages/export/src/export.worker.ts(29,11): error TS2564: Property 'worker' has no initializer and is not definitely assigned in the constructor.
Code Quality	TypeScript Type Check	2026-02-09T16:07:39.9869365Z packages/export/src/export.worker.ts(289,28): error TS2339: Property 'exportQueue' does not exist on type 'ExportWorker'.
Code Quality	TypeScript Type Check	2026-02-09T16:07:39.9872064Z packages/export/src/strategies/analytics-export.strategy.ts(7,28): error TS6305: Output file '/home/runner/work/KIMI/KIMI/packages/db/dist/src/index.d.ts' has not been built from source file '/home/runner/work/KIMI/KIMI/packages/db/src/index.ts'.
Code Quality	TypeScript Type Check	2026-02-09T16:07:39.9874998Z packages/export/src/strategies/lite-export.strategy.ts(7,51): error TS6305: Output file '/home/runner/work/KIMI/KIMI/packages/db/dist/src/index.d.ts' has not been built from source file '/home/runner/work/KIMI/KIMI/packages/db/src/index.ts'.
Code Quality	TypeScript Type Check	2026-02-09T16:07:39.9877148Z packages/export/src/strategies/lite-export.strategy.ts(53,45): error TS7006: Parameter 'r' implicitly has an 'any' type.
Code Quality	TypeScript Type Check	2026-02-09T16:07:40.0206017Z ##[error]Process completed with exit code 2.
Code Quality	Post Checkout code	Ôªø2026-02-09T16:07:40.0394506Z Post job cleanup.
Code Quality	Post Checkout code	2026-02-09T16:07:40.1357529Z [command]/usr/bin/git version
Code Quality	Post Checkout code	2026-02-09T16:07:40.1401409Z git version 2.52.0
Code Quality	Post Checkout code	2026-02-09T16:07:40.1446068Z Temporarily overriding HOME='/home/runner/work/_temp/0498ed2b-f650-45ee-8531-982cc38a6ccf' before making global git config changes
Code Quality	Post Checkout code	2026-02-09T16:07:40.1447416Z Adding repository directory to the temporary git global config as a safe directory
Code Quality	Post Checkout code	2026-02-09T16:07:40.1462308Z [command]/usr/bin/git config --global --add safe.directory /home/runner/work/KIMI/KIMI
Code Quality	Post Checkout code	2026-02-09T16:07:40.1498187Z [command]/usr/bin/git config --local --name-only --get-regexp core\.sshCommand
Code Quality	Post Checkout code	2026-02-09T16:07:40.1532667Z [command]/usr/bin/git submodule foreach --recursive sh -c "git config --local --name-only --get-regexp 'core\.sshCommand' && git config --local --unset-all 'core.sshCommand' || :"
Code Quality	Post Checkout code	2026-02-09T16:07:40.1774247Z [command]/usr/bin/git config --local --name-only --get-regexp http\.https\:\/\/github\.com\/\.extraheader
Code Quality	Post Checkout code	2026-02-09T16:07:40.1796848Z http.https://github.com/.extraheader
Code Quality	Post Checkout code	2026-02-09T16:07:40.1810316Z [command]/usr/bin/git config --local --unset-all http.https://github.com/.extraheader
Code Quality	Post Checkout code	2026-02-09T16:07:40.1842725Z [command]/usr/bin/git submodule foreach --recursive sh -c "git config --local --name-only --get-regexp 'http\.https\:\/\/github\.com\/\.extraheader' && git config --local --unset-all 'http.https://github.com/.extraheader' || :"
Code Quality	Post Checkout code	2026-02-09T16:07:40.2074120Z [command]/usr/bin/git config --local --name-only --get-regexp ^includeIf\.gitdir:
Code Quality	Post Checkout code	2026-02-09T16:07:40.2107601Z [command]/usr/bin/git submodule foreach --recursive git config --local --show-origin --name-only --get-regexp remote.origin.url
Code Quality	Complete job	Ôªø2026-02-09T16:07:40.2447556Z Cleaning up orphan processes
Security Scan	Set up job	Ôªø2026-02-09T16:07:22.7842261Z Current runner version: '2.331.0'
Security Scan	Set up job	2026-02-09T16:07:22.7867895Z ##[group]Runner Image Provisioner
Security Scan	Set up job	2026-02-09T16:07:22.7869050Z Hosted Compute Agent
Security Scan	Set up job	2026-02-09T16:07:22.7870202Z Version: 20260123.484
Security Scan	Set up job	2026-02-09T16:07:22.7870952Z Commit: 6bd6555ca37d84114959e1c76d2c01448ff61c5d
Security Scan	Set up job	2026-02-09T16:07:22.7871919Z Build Date: 2026-01-23T19:41:17Z
Security Scan	Set up job	2026-02-09T16:07:22.7872881Z Worker ID: {142e2a56-b091-46d3-9bc8-33a2d31d8a24}
Security Scan	Set up job	2026-02-09T16:07:22.7873783Z Azure Region: eastus2
Security Scan	Set up job	2026-02-09T16:07:22.7874517Z ##[endgroup]
Security Scan	Set up job	2026-02-09T16:07:22.7876465Z ##[group]Operating System
Security Scan	Set up job	2026-02-09T16:07:22.7877303Z Ubuntu
Security Scan	Set up job	2026-02-09T16:07:22.7877920Z 24.04.3
Security Scan	Set up job	2026-02-09T16:07:22.7878594Z LTS
Security Scan	Set up job	2026-02-09T16:07:22.7879169Z ##[endgroup]
Security Scan	Set up job	2026-02-09T16:07:22.7880200Z ##[group]Runner Image
Security Scan	Set up job	2026-02-09T16:07:22.7881133Z Image: ubuntu-24.04
Security Scan	Set up job	2026-02-09T16:07:22.7881973Z Version: 20260201.15.1
Security Scan	Set up job	2026-02-09T16:07:22.7883166Z Included Software: https://github.com/actions/runner-images/blob/ubuntu24/20260201.15/images/ubuntu/Ubuntu2404-Readme.md
Security Scan	Set up job	2026-02-09T16:07:22.7885096Z Image Release: https://github.com/actions/runner-images/releases/tag/ubuntu24%2F20260201.15
Security Scan	Set up job	2026-02-09T16:07:22.7886024Z ##[endgroup]
Security Scan	Set up job	2026-02-09T16:07:22.7887174Z ##[group]GITHUB_TOKEN Permissions
Security Scan	Set up job	2026-02-09T16:07:22.7889379Z Contents: read
Security Scan	Set up job	2026-02-09T16:07:22.7890271Z Metadata: read
Security Scan	Set up job	2026-02-09T16:07:22.7890772Z Packages: read
Security Scan	Set up job	2026-02-09T16:07:22.7891292Z ##[endgroup]
Security Scan	Set up job	2026-02-09T16:07:22.7893435Z Secret source: Actions
Security Scan	Set up job	2026-02-09T16:07:22.7894151Z Prepare workflow directory
Security Scan	Set up job	2026-02-09T16:07:22.8224211Z Prepare all required actions
Security Scan	Set up job	2026-02-09T16:07:22.8263966Z Getting action download info
Security Scan	Set up job	2026-02-09T16:07:24.3779282Z Download action repository 'actions/checkout@v4' (SHA:34e114876b0b11c390a56381ad16ebd13914f8d5)
Security Scan	Set up job	2026-02-09T16:07:24.5739438Z Complete job name: Security Scan
Security Scan	Checkout code	Ôªø2026-02-09T16:07:24.6654647Z ##[group]Run actions/checkout@v4
Security Scan	Checkout code	2026-02-09T16:07:24.6656064Z with:
Security Scan	Checkout code	2026-02-09T16:07:24.6656895Z   repository: adelfree2023-dev/KIMI
Security Scan	Checkout code	2026-02-09T16:07:24.6658232Z   token: ***
Security Scan	Checkout code	2026-02-09T16:07:24.6659028Z   ssh-strict: true
Security Scan	Checkout code	2026-02-09T16:07:24.6659983Z   ssh-user: git
Security Scan	Checkout code	2026-02-09T16:07:24.6660810Z   persist-credentials: true
Security Scan	Checkout code	2026-02-09T16:07:24.6661728Z   clean: true
Security Scan	Checkout code	2026-02-09T16:07:24.6662541Z   sparse-checkout-cone-mode: true
Security Scan	Checkout code	2026-02-09T16:07:24.6663559Z   fetch-depth: 1
Security Scan	Checkout code	2026-02-09T16:07:24.6664341Z   fetch-tags: false
Security Scan	Checkout code	2026-02-09T16:07:24.6665160Z   show-progress: true
Security Scan	Checkout code	2026-02-09T16:07:24.6665987Z   lfs: false
Security Scan	Checkout code	2026-02-09T16:07:24.6666756Z   submodules: false
Security Scan	Checkout code	2026-02-09T16:07:24.6667597Z   set-safe-directory: true
Security Scan	Checkout code	2026-02-09T16:07:24.6668763Z ##[endgroup]
Security Scan	Checkout code	2026-02-09T16:07:24.7844575Z Syncing repository: adelfree2023-dev/KIMI
Security Scan	Checkout code	2026-02-09T16:07:24.7848776Z ##[group]Getting Git version info
Security Scan	Checkout code	2026-02-09T16:07:24.7851351Z Working directory is '/home/runner/work/KIMI/KIMI'
Security Scan	Checkout code	2026-02-09T16:07:24.7853670Z [command]/usr/bin/git version
Security Scan	Checkout code	2026-02-09T16:07:24.7924401Z git version 2.52.0
Security Scan	Checkout code	2026-02-09T16:07:24.7953075Z ##[endgroup]
Security Scan	Checkout code	2026-02-09T16:07:24.7976948Z Temporarily overriding HOME='/home/runner/work/_temp/9f08789e-11bb-40c8-8a9c-e93998deb9e3' before making global git config changes
Security Scan	Checkout code	2026-02-09T16:07:24.7982042Z Adding repository directory to the temporary git global config as a safe directory
Security Scan	Checkout code	2026-02-09T16:07:24.7985786Z [command]/usr/bin/git config --global --add safe.directory /home/runner/work/KIMI/KIMI
Security Scan	Checkout code	2026-02-09T16:07:24.8024364Z Deleting the contents of '/home/runner/work/KIMI/KIMI'
Security Scan	Checkout code	2026-02-09T16:07:24.8028166Z ##[group]Initializing the repository
Security Scan	Checkout code	2026-02-09T16:07:24.8032189Z [command]/usr/bin/git init /home/runner/work/KIMI/KIMI
Security Scan	Checkout code	2026-02-09T16:07:24.8159265Z hint: Using 'master' as the name for the initial branch. This default branch name
Security Scan	Checkout code	2026-02-09T16:07:24.8162876Z hint: will change to "main" in Git 3.0. To configure the initial branch name
Security Scan	Checkout code	2026-02-09T16:07:24.8165754Z hint: to use in all of your new repositories, which will suppress this warning,
Security Scan	Checkout code	2026-02-09T16:07:24.8167320Z hint: call:
Security Scan	Checkout code	2026-02-09T16:07:24.8168031Z hint:
Security Scan	Checkout code	2026-02-09T16:07:24.8168953Z hint: 	git config --global init.defaultBranch <name>
Security Scan	Checkout code	2026-02-09T16:07:24.8170777Z hint:
Security Scan	Checkout code	2026-02-09T16:07:24.8172115Z hint: Names commonly chosen instead of 'master' are 'main', 'trunk' and
Security Scan	Checkout code	2026-02-09T16:07:24.8174205Z hint: 'development'. The just-created branch can be renamed via this command:
Security Scan	Checkout code	2026-02-09T16:07:24.8175668Z hint:
Security Scan	Checkout code	2026-02-09T16:07:24.8176397Z hint: 	git branch -m <name>
Security Scan	Checkout code	2026-02-09T16:07:24.8177279Z hint:
Security Scan	Checkout code	2026-02-09T16:07:24.8178705Z hint: Disable this message with "git config set advice.defaultBranchName false"
Security Scan	Checkout code	2026-02-09T16:07:24.8181162Z Initialized empty Git repository in /home/runner/work/KIMI/KIMI/.git/
Security Scan	Checkout code	2026-02-09T16:07:24.8184327Z [command]/usr/bin/git remote add origin https://github.com/adelfree2023-dev/KIMI
Security Scan	Checkout code	2026-02-09T16:07:24.8227092Z ##[endgroup]
Security Scan	Checkout code	2026-02-09T16:07:24.8228542Z ##[group]Disabling automatic garbage collection
Security Scan	Checkout code	2026-02-09T16:07:24.8230009Z [command]/usr/bin/git config --local gc.auto 0
Security Scan	Checkout code	2026-02-09T16:07:24.8266061Z ##[endgroup]
Security Scan	Checkout code	2026-02-09T16:07:24.8267423Z ##[group]Setting up auth
Security Scan	Checkout code	2026-02-09T16:07:24.8275888Z [command]/usr/bin/git config --local --name-only --get-regexp core\.sshCommand
Security Scan	Checkout code	2026-02-09T16:07:24.8312862Z [command]/usr/bin/git submodule foreach --recursive sh -c "git config --local --name-only --get-regexp 'core\.sshCommand' && git config --local --unset-all 'core.sshCommand' || :"
Security Scan	Checkout code	2026-02-09T16:07:24.8711713Z [command]/usr/bin/git config --local --name-only --get-regexp http\.https\:\/\/github\.com\/\.extraheader
Security Scan	Checkout code	2026-02-09T16:07:24.8745824Z [command]/usr/bin/git submodule foreach --recursive sh -c "git config --local --name-only --get-regexp 'http\.https\:\/\/github\.com\/\.extraheader' && git config --local --unset-all 'http.https://github.com/.extraheader' || :"
Security Scan	Checkout code	2026-02-09T16:07:24.8994916Z [command]/usr/bin/git config --local --name-only --get-regexp ^includeIf\.gitdir:
Security Scan	Checkout code	2026-02-09T16:07:24.9033499Z [command]/usr/bin/git submodule foreach --recursive git config --local --show-origin --name-only --get-regexp remote.origin.url
Security Scan	Checkout code	2026-02-09T16:07:24.9267484Z [command]/usr/bin/git config --local http.https://github.com/.extraheader AUTHORIZATION: basic ***
Security Scan	Checkout code	2026-02-09T16:07:24.9302436Z ##[endgroup]
Security Scan	Checkout code	2026-02-09T16:07:24.9304911Z ##[group]Fetching the repository
Security Scan	Checkout code	2026-02-09T16:07:24.9314109Z [command]/usr/bin/git -c protocol.version=2 fetch --no-tags --prune --no-recurse-submodules --depth=1 origin +5e49a5f4b199e7999cef98df380549eba239dac3:refs/remotes/origin/develop
Security Scan	Checkout code	2026-02-09T16:07:25.2334808Z From https://github.com/adelfree2023-dev/KIMI
Security Scan	Checkout code	2026-02-09T16:07:25.2335846Z  * [new ref]         5e49a5f4b199e7999cef98df380549eba239dac3 -> origin/develop
Security Scan	Checkout code	2026-02-09T16:07:25.2368130Z ##[endgroup]
Security Scan	Checkout code	2026-02-09T16:07:25.2369001Z ##[group]Determining the checkout info
Security Scan	Checkout code	2026-02-09T16:07:25.2371117Z ##[endgroup]
Security Scan	Checkout code	2026-02-09T16:07:25.2376234Z [command]/usr/bin/git sparse-checkout disable
Security Scan	Checkout code	2026-02-09T16:07:25.2418029Z [command]/usr/bin/git config --local --unset-all extensions.worktreeConfig
Security Scan	Checkout code	2026-02-09T16:07:25.2445374Z ##[group]Checking out the ref
Security Scan	Checkout code	2026-02-09T16:07:25.2450222Z [command]/usr/bin/git checkout --progress --force -B develop refs/remotes/origin/develop
Security Scan	Checkout code	2026-02-09T16:07:25.2732726Z Switched to a new branch 'develop'
Security Scan	Checkout code	2026-02-09T16:07:25.2733971Z branch 'develop' set up to track 'origin/develop'.
Security Scan	Checkout code	2026-02-09T16:07:25.2742365Z ##[endgroup]
Security Scan	Checkout code	2026-02-09T16:07:25.2781569Z [command]/usr/bin/git log -1 --format=%H
Security Scan	Checkout code	2026-02-09T16:07:25.2804911Z 5e49a5f4b199e7999cef98df380549eba239dac3
Security Scan	Secret Detection	Ôªø2026-02-09T16:07:25.2993838Z ##[group]Run echo "‚ïê‚ïê‚ïê‚ïê‚ïê‚ïê‚ïê‚ïê‚ïê‚ïê‚ïê‚ïê‚ïê‚ïê‚ïê‚ïê‚ïê‚ïê‚ïê‚ïê‚ïê‚ïê‚ïê‚ïê‚ïê‚ïê‚ïê‚ïê‚ïê‚ïê‚ïê‚ïê‚ïê‚ïê‚ïê‚ïê‚ïê‚ïê‚ïê‚ïê‚ïê‚ïê‚ïê‚ïê‚ïê‚ïê‚ïê‚ïê‚ïê‚ïê‚ïê‚ïê‚ïê‚ïê‚ïê‚ïê‚ïê‚ïê‚ïê‚ïê‚ïê‚ïê‚ïê"
Security Scan	Secret Detection	2026-02-09T16:07:25.2994629Z [36;1mecho "‚ïê‚ïê‚ïê‚ïê‚ïê‚ïê‚ïê‚ïê‚ïê‚ïê‚ïê‚ïê‚ïê‚ïê‚ïê‚ïê‚ïê‚ïê‚ïê‚ïê‚ïê‚ïê‚ïê‚ïê‚ïê‚ïê‚ïê‚ïê‚ïê‚ïê‚ïê‚ïê‚ïê‚ïê‚ïê‚ïê‚ïê‚ïê‚ïê‚ïê‚ïê‚ïê‚ïê‚ïê‚ïê‚ïê‚ïê‚ïê‚ïê‚ïê‚ïê‚ïê‚ïê‚ïê‚ïê‚ïê‚ïê‚ïê‚ïê‚ïê‚ïê‚ïê‚ïê"[0m
Security Scan	Secret Detection	2026-02-09T16:07:25.2995091Z [36;1mecho "  Secret Detection"[0m
Security Scan	Secret Detection	2026-02-09T16:07:25.2995515Z [36;1mecho "‚ïê‚ïê‚ïê‚ïê‚ïê‚ïê‚ïê‚ïê‚ïê‚ïê‚ïê‚ïê‚ïê‚ïê‚ïê‚ïê‚ïê‚ïê‚ïê‚ïê‚ïê‚ïê‚ïê‚ïê‚ïê‚ïê‚ïê‚ïê‚ïê‚ïê‚ïê‚ïê‚ïê‚ïê‚ïê‚ïê‚ïê‚ïê‚ïê‚ïê‚ïê‚ïê‚ïê‚ïê‚ïê‚ïê‚ïê‚ïê‚ïê‚ïê‚ïê‚ïê‚ïê‚ïê‚ïê‚ïê‚ïê‚ïê‚ïê‚ïê‚ïê‚ïê‚ïê"[0m
Security Scan	Secret Detection	2026-02-09T16:07:25.2995944Z [36;1m[0m
Security Scan	Secret Detection	2026-02-09T16:07:25.2996247Z [36;1m# Check for common secret patterns[0m
Security Scan	Secret Detection	2026-02-09T16:07:25.2996826Z [36;1mPATTERNS="(password|passwd|pwd|secret|token|api_key|apikey)\s*=\s*[\"'][^\"']{8,}[\"']"[0m
Security Scan	Secret Detection	2026-02-09T16:07:25.2997356Z [36;1m[0m
Security Scan	Secret Detection	2026-02-09T16:07:25.2998205Z [36;1mMATCHES=$(grep -rnE "$PATTERNS" packages/export/src --include="*.ts" 2>/dev/null | grep -v ".test.ts" | grep -v "process.env" || true)[0m
Security Scan	Secret Detection	2026-02-09T16:07:25.2998888Z [36;1m[0m
Security Scan	Secret Detection	2026-02-09T16:07:25.2999169Z [36;1mif [ -n "$MATCHES" ]; then[0m
Security Scan	Secret Detection	2026-02-09T16:07:25.2999558Z [36;1m  echo "‚ö†Ô∏è Potential hardcoded secrets found:"[0m
Security Scan	Secret Detection	2026-02-09T16:07:25.3000333Z [36;1m  echo "$MATCHES"[0m
Security Scan	Secret Detection	2026-02-09T16:07:25.3000647Z [36;1m  echo ""[0m
Security Scan	Secret Detection	2026-02-09T16:07:25.3001027Z [36;1m  echo "‚ùå Please use environment variables or secrets manager"[0m
Security Scan	Secret Detection	2026-02-09T16:07:25.3001463Z [36;1m  exit 1[0m
Security Scan	Secret Detection	2026-02-09T16:07:25.3001729Z [36;1mfi[0m
Security Scan	Secret Detection	2026-02-09T16:07:25.3001984Z [36;1m[0m
Security Scan	Secret Detection	2026-02-09T16:07:25.3002276Z [36;1mecho "‚úÖ No hardcoded secrets detected"[0m
Security Scan	Secret Detection	2026-02-09T16:07:25.3037786Z shell: /usr/bin/bash -e {0}
Security Scan	Secret Detection	2026-02-09T16:07:25.3038178Z ##[endgroup]
Security Scan	Secret Detection	2026-02-09T16:07:25.3114303Z ‚ïê‚ïê‚ïê‚ïê‚ïê‚ïê‚ïê‚ïê‚ïê‚ïê‚ïê‚ïê‚ïê‚ïê‚ïê‚ïê‚ïê‚ïê‚ïê‚ïê‚ïê‚ïê‚ïê‚ïê‚ïê‚ïê‚ïê‚ïê‚ïê‚ïê‚ïê‚ïê‚ïê‚ïê‚ïê‚ïê‚ïê‚ïê‚ïê‚ïê‚ïê‚ïê‚ïê‚ïê‚ïê‚ïê‚ïê‚ïê‚ïê‚ïê‚ïê‚ïê‚ïê‚ïê‚ïê‚ïê‚ïê‚ïê‚ïê‚ïê‚ïê‚ïê‚ïê
Security Scan	Secret Detection	2026-02-09T16:07:25.3114812Z   Secret Detection
Security Scan	Secret Detection	2026-02-09T16:07:25.3115545Z ‚ïê‚ïê‚ïê‚ïê‚ïê‚ïê‚ïê‚ïê‚ïê‚ïê‚ïê‚ïê‚ïê‚ïê‚ïê‚ïê‚ïê‚ïê‚ïê‚ïê‚ïê‚ïê‚ïê‚ïê‚ïê‚ïê‚ïê‚ïê‚ïê‚ïê‚ïê‚ïê‚ïê‚ïê‚ïê‚ïê‚ïê‚ïê‚ïê‚ïê‚ïê‚ïê‚ïê‚ïê‚ïê‚ïê‚ïê‚ïê‚ïê‚ïê‚ïê‚ïê‚ïê‚ïê‚ïê‚ïê‚ïê‚ïê‚ïê‚ïê‚ïê‚ïê‚ïê
Security Scan	Secret Detection	2026-02-09T16:07:25.3143434Z ‚úÖ No hardcoded secrets detected
Security Scan	SQL Injection Check	Ôªø2026-02-09T16:07:25.3177348Z ##[group]Run echo "‚ïê‚ïê‚ïê‚ïê‚ïê‚ïê‚ïê‚ïê‚ïê‚ïê‚ïê‚ïê‚ïê‚ïê‚ïê‚ïê‚ïê‚ïê‚ïê‚ïê‚ïê‚ïê‚ïê‚ïê‚ïê‚ïê‚ïê‚ïê‚ïê‚ïê‚ïê‚ïê‚ïê‚ïê‚ïê‚ïê‚ïê‚ïê‚ïê‚ïê‚ïê‚ïê‚ïê‚ïê‚ïê‚ïê‚ïê‚ïê‚ïê‚ïê‚ïê‚ïê‚ïê‚ïê‚ïê‚ïê‚ïê‚ïê‚ïê‚ïê‚ïê‚ïê‚ïê"
Security Scan	SQL Injection Check	2026-02-09T16:07:25.3177979Z [36;1mecho "‚ïê‚ïê‚ïê‚ïê‚ïê‚ïê‚ïê‚ïê‚ïê‚ïê‚ïê‚ïê‚ïê‚ïê‚ïê‚ïê‚ïê‚ïê‚ïê‚ïê‚ïê‚ïê‚ïê‚ïê‚ïê‚ïê‚ïê‚ïê‚ïê‚ïê‚ïê‚ïê‚ïê‚ïê‚ïê‚ïê‚ïê‚ïê‚ïê‚ïê‚ïê‚ïê‚ïê‚ïê‚ïê‚ïê‚ïê‚ïê‚ïê‚ïê‚ïê‚ïê‚ïê‚ïê‚ïê‚ïê‚ïê‚ïê‚ïê‚ïê‚ïê‚ïê‚ïê"[0m
Security Scan	SQL Injection Check	2026-02-09T16:07:25.3178431Z [36;1mecho "  SQL Injection Check"[0m
Security Scan	SQL Injection Check	2026-02-09T16:07:25.3178851Z [36;1mecho "‚ïê‚ïê‚ïê‚ïê‚ïê‚ïê‚ïê‚ïê‚ïê‚ïê‚ïê‚ïê‚ïê‚ïê‚ïê‚ïê‚ïê‚ïê‚ïê‚ïê‚ïê‚ïê‚ïê‚ïê‚ïê‚ïê‚ïê‚ïê‚ïê‚ïê‚ïê‚ïê‚ïê‚ïê‚ïê‚ïê‚ïê‚ïê‚ïê‚ïê‚ïê‚ïê‚ïê‚ïê‚ïê‚ïê‚ïê‚ïê‚ïê‚ïê‚ïê‚ïê‚ïê‚ïê‚ïê‚ïê‚ïê‚ïê‚ïê‚ïê‚ïê‚ïê‚ïê"[0m
Security Scan	SQL Injection Check	2026-02-09T16:07:25.3179259Z [36;1m[0m
Security Scan	SQL Injection Check	2026-02-09T16:07:25.3179544Z [36;1m# Check for unsafe SQL patterns[0m
Security Scan	SQL Injection Check	2026-02-09T16:07:25.3180450Z [36;1mif grep -rn "\.query\s*(\s*\`" packages/export/src --include="*.ts" | grep -v ".test.ts" | grep "\${"; then[0m
Security Scan	SQL Injection Check	2026-02-09T16:07:25.3181173Z [36;1m  echo "‚ùå CRITICAL: Potential SQL injection with template literals"[0m
Security Scan	SQL Injection Check	2026-02-09T16:07:25.3181648Z [36;1m  exit 1[0m
Security Scan	SQL Injection Check	2026-02-09T16:07:25.3181916Z [36;1mfi[0m
Security Scan	SQL Injection Check	2026-02-09T16:07:25.3182263Z [36;1m[0m
Security Scan	SQL Injection Check	2026-02-09T16:07:25.3182549Z [36;1m# Check for raw SQL with variables[0m
Security Scan	SQL Injection Check	2026-02-09T16:07:25.3183139Z [36;1mif grep -rnE "SELECT.*FROM.*\+" packages/export/src --include="*.ts" | grep -v ".test.ts"; then[0m
Security Scan	SQL Injection Check	2026-02-09T16:07:25.3183870Z [36;1m  echo "‚ùå CRITICAL: SQL string concatenation detected"[0m
Security Scan	SQL Injection Check	2026-02-09T16:07:25.3184301Z [36;1m  exit 1[0m
Security Scan	SQL Injection Check	2026-02-09T16:07:25.3184570Z [36;1mfi[0m
Security Scan	SQL Injection Check	2026-02-09T16:07:25.3184931Z [36;1m[0m
Security Scan	SQL Injection Check	2026-02-09T16:07:25.3185276Z [36;1mecho "‚úÖ No SQL injection vulnerabilities detected"[0m
Security Scan	SQL Injection Check	2026-02-09T16:07:25.3217563Z shell: /usr/bin/bash -e {0}
Security Scan	SQL Injection Check	2026-02-09T16:07:25.3217926Z ##[endgroup]
Security Scan	SQL Injection Check	2026-02-09T16:07:25.3268937Z ‚ïê‚ïê‚ïê‚ïê‚ïê‚ïê‚ïê‚ïê‚ïê‚ïê‚ïê‚ïê‚ïê‚ïê‚ïê‚ïê‚ïê‚ïê‚ïê‚ïê‚ïê‚ïê‚ïê‚ïê‚ïê‚ïê‚ïê‚ïê‚ïê‚ïê‚ïê‚ïê‚ïê‚ïê‚ïê‚ïê‚ïê‚ïê‚ïê‚ïê‚ïê‚ïê‚ïê‚ïê‚ïê‚ïê‚ïê‚ïê‚ïê‚ïê‚ïê‚ïê‚ïê‚ïê‚ïê‚ïê‚ïê‚ïê‚ïê‚ïê‚ïê‚ïê‚ïê
Security Scan	SQL Injection Check	2026-02-09T16:07:25.3269522Z   SQL Injection Check
Security Scan	SQL Injection Check	2026-02-09T16:07:25.3306765Z ‚ïê‚ïê‚ïê‚ïê‚ïê‚ïê‚ïê‚ïê‚ïê‚ïê‚ïê‚ïê‚ïê‚ïê‚ïê‚ïê‚ïê‚ïê‚ïê‚ïê‚ïê‚ïê‚ïê‚ïê‚ïê‚ïê‚ïê‚ïê‚ïê‚ïê‚ïê‚ïê‚ïê‚ïê‚ïê‚ïê‚ïê‚ïê‚ïê‚ïê‚ïê‚ïê‚ïê‚ïê‚ïê‚ïê‚ïê‚ïê‚ïê‚ïê‚ïê‚ïê‚ïê‚ïê‚ïê‚ïê‚ïê‚ïê‚ïê‚ïê‚ïê‚ïê‚ïê
Security Scan	SQL Injection Check	2026-02-09T16:07:25.3307338Z ‚úÖ No SQL injection vulnerabilities detected
Security Scan	Export Security Check	Ôªø2026-02-09T16:07:25.3372329Z ##[group]Run echo "‚ïê‚ïê‚ïê‚ïê‚ïê‚ïê‚ïê‚ïê‚ïê‚ïê‚ïê‚ïê‚ïê‚ïê‚ïê‚ïê‚ïê‚ïê‚ïê‚ïê‚ïê‚ïê‚ïê‚ïê‚ïê‚ïê‚ïê‚ïê‚ïê‚ïê‚ïê‚ïê‚ïê‚ïê‚ïê‚ïê‚ïê‚ïê‚ïê‚ïê‚ïê‚ïê‚ïê‚ïê‚ïê‚ïê‚ïê‚ïê‚ïê‚ïê‚ïê‚ïê‚ïê‚ïê‚ïê‚ïê‚ïê‚ïê‚ïê‚ïê‚ïê‚ïê‚ïê"
Security Scan	Export Security Check	2026-02-09T16:07:25.3373211Z [36;1mecho "‚ïê‚ïê‚ïê‚ïê‚ïê‚ïê‚ïê‚ïê‚ïê‚ïê‚ïê‚ïê‚ïê‚ïê‚ïê‚ïê‚ïê‚ïê‚ïê‚ïê‚ïê‚ïê‚ïê‚ïê‚ïê‚ïê‚ïê‚ïê‚ïê‚ïê‚ïê‚ïê‚ïê‚ïê‚ïê‚ïê‚ïê‚ïê‚ïê‚ïê‚ïê‚ïê‚ïê‚ïê‚ïê‚ïê‚ïê‚ïê‚ïê‚ïê‚ïê‚ïê‚ïê‚ïê‚ïê‚ïê‚ïê‚ïê‚ïê‚ïê‚ïê‚ïê‚ïê"[0m
Security Scan	Export Security Check	2026-02-09T16:07:25.3373786Z [36;1mecho "  Export Module Security Check"[0m
Security Scan	Export Security Check	2026-02-09T16:07:25.3374356Z [36;1mecho "‚ïê‚ïê‚ïê‚ïê‚ïê‚ïê‚ïê‚ïê‚ïê‚ïê‚ïê‚ïê‚ïê‚ïê‚ïê‚ïê‚ïê‚ïê‚ïê‚ïê‚ïê‚ïê‚ïê‚ïê‚ïê‚ïê‚ïê‚ïê‚ïê‚ïê‚ïê‚ïê‚ïê‚ïê‚ïê‚ïê‚ïê‚ïê‚ïê‚ïê‚ïê‚ïê‚ïê‚ïê‚ïê‚ïê‚ïê‚ïê‚ïê‚ïê‚ïê‚ïê‚ïê‚ïê‚ïê‚ïê‚ïê‚ïê‚ïê‚ïê‚ïê‚ïê‚ïê"[0m
Security Scan	Export Security Check	2026-02-09T16:07:25.3374878Z [36;1m[0m
Security Scan	Export Security Check	2026-02-09T16:07:25.3375144Z [36;1m# Check tenant isolation[0m
Security Scan	Export Security Check	2026-02-09T16:07:25.3375638Z [36;1mif ! grep -q "schemaName.*tenant_" packages/export/src/strategies/*.ts; then[0m
Security Scan	Export Security Check	2026-02-09T16:07:25.3376272Z [36;1m  echo "‚ùå CRITICAL: Export strategies missing tenant schema isolation"[0m
Security Scan	Export Security Check	2026-02-09T16:07:25.3376735Z [36;1m  exit 1[0m
Security Scan	Export Security Check	2026-02-09T16:07:25.3376997Z [36;1mfi[0m
Security Scan	Export Security Check	2026-02-09T16:07:25.3377238Z [36;1m[0m
Security Scan	Export Security Check	2026-02-09T16:07:25.3377586Z [36;1m# Check for audit logging[0m
Security Scan	Export Security Check	2026-02-09T16:07:25.3378029Z [36;1mif ! grep -q "audit.log" packages/export/src/export.worker.ts; then[0m
Security Scan	Export Security Check	2026-02-09T16:07:25.3378659Z [36;1m  echo "‚ùå CRITICAL: Export worker missing audit logging"[0m
Security Scan	Export Security Check	2026-02-09T16:07:25.3379078Z [36;1m  exit 1[0m
Security Scan	Export Security Check	2026-02-09T16:07:25.3379332Z [36;1mfi[0m
Security Scan	Export Security Check	2026-02-09T16:07:25.3379582Z [36;1m[0m
Security Scan	Export Security Check	2026-02-09T16:07:25.3380208Z [36;1m# Check for file cleanup (supports both 'rm -rf' and Bun.spawn(['rm', ...])[0m
Security Scan	Export Security Check	2026-02-09T16:07:25.3380943Z [36;1m# Radical Fix: Ensure CLEANUP_COUNT is always an integer and check specifically for strategy files[0m
Security Scan	Export Security Check	2026-02-09T16:07:25.3381850Z [36;1mCLEANUP_COUNT=$(grep -cE "rm.*-rf|rm.*-f|cleanup" packages/export/src/strategies/*.ts | awk -F: '{sum+=$NF} END {print sum+0}')[0m
Security Scan	Export Security Check	2026-02-09T16:07:25.3382537Z [36;1mif [ "$CLEANUP_COUNT" -lt 3 ]; then[0m
Security Scan	Export Security Check	2026-02-09T16:07:25.3383117Z [36;1m  echo "‚ùå CRITICAL: Export strategies missing cleanup code (found $CLEANUP_COUNT, expected 3+)"[0m
Security Scan	Export Security Check	2026-02-09T16:07:25.3383672Z [36;1m  exit 1[0m
Security Scan	Export Security Check	2026-02-09T16:07:25.3383922Z [36;1mfi[0m
Security Scan	Export Security Check	2026-02-09T16:07:25.3384168Z [36;1m[0m
Security Scan	Export Security Check	2026-02-09T16:07:25.3384511Z [36;1mecho "‚úÖ Export module security patterns verified"[0m
Security Scan	Export Security Check	2026-02-09T16:07:25.3416201Z shell: /usr/bin/bash -e {0}
Security Scan	Export Security Check	2026-02-09T16:07:25.3416586Z ##[endgroup]
Security Scan	Export Security Check	2026-02-09T16:07:25.3468978Z ‚ïê‚ïê‚ïê‚ïê‚ïê‚ïê‚ïê‚ïê‚ïê‚ïê‚ïê‚ïê‚ïê‚ïê‚ïê‚ïê‚ïê‚ïê‚ïê‚ïê‚ïê‚ïê‚ïê‚ïê‚ïê‚ïê‚ïê‚ïê‚ïê‚ïê‚ïê‚ïê‚ïê‚ïê‚ïê‚ïê‚ïê‚ïê‚ïê‚ïê‚ïê‚ïê‚ïê‚ïê‚ïê‚ïê‚ïê‚ïê‚ïê‚ïê‚ïê‚ïê‚ïê‚ïê‚ïê‚ïê‚ïê‚ïê‚ïê‚ïê‚ïê‚ïê‚ïê
Security Scan	Export Security Check	2026-02-09T16:07:25.3470071Z   Export Module Security Check
Security Scan	Export Security Check	2026-02-09T16:07:25.3470932Z ‚ïê‚ïê‚ïê‚ïê‚ïê‚ïê‚ïê‚ïê‚ïê‚ïê‚ïê‚ïê‚ïê‚ïê‚ïê‚ïê‚ïê‚ïê‚ïê‚ïê‚ïê‚ïê‚ïê‚ïê‚ïê‚ïê‚ïê‚ïê‚ïê‚ïê‚ïê‚ïê‚ïê‚ïê‚ïê‚ïê‚ïê‚ïê‚ïê‚ïê‚ïê‚ïê‚ïê‚ïê‚ïê‚ïê‚ïê‚ïê‚ïê‚ïê‚ïê‚ïê‚ïê‚ïê‚ïê‚ïê‚ïê‚ïê‚ïê‚ïê‚ïê‚ïê‚ïê
Security Scan	Export Security Check	2026-02-09T16:07:25.3524207Z ‚úÖ Export module security patterns verified
Security Scan	Post Checkout code	Ôªø2026-02-09T16:07:25.3616637Z Post job cleanup.
Security Scan	Post Checkout code	2026-02-09T16:07:25.4564049Z [command]/usr/bin/git version
Security Scan	Post Checkout code	2026-02-09T16:07:25.4600810Z git version 2.52.0
Security Scan	Post Checkout code	2026-02-09T16:07:25.4645064Z Temporarily overriding HOME='/home/runner/work/_temp/5c9e745d-df1a-4c5d-af93-379e2501bd1e' before making global git config changes
Security Scan	Post Checkout code	2026-02-09T16:07:25.4646735Z Adding repository directory to the temporary git global config as a safe directory
Security Scan	Post Checkout code	2026-02-09T16:07:25.4651939Z [command]/usr/bin/git config --global --add safe.directory /home/runner/work/KIMI/KIMI
Security Scan	Post Checkout code	2026-02-09T16:07:25.4687822Z [command]/usr/bin/git config --local --name-only --get-regexp core\.sshCommand
Security Scan	Post Checkout code	2026-02-09T16:07:25.4720556Z [command]/usr/bin/git submodule foreach --recursive sh -c "git config --local --name-only --get-regexp 'core\.sshCommand' && git config --local --unset-all 'core.sshCommand' || :"
Security Scan	Post Checkout code	2026-02-09T16:07:25.4950369Z [command]/usr/bin/git config --local --name-only --get-regexp http\.https\:\/\/github\.com\/\.extraheader
Security Scan	Post Checkout code	2026-02-09T16:07:25.4971435Z http.https://github.com/.extraheader
Security Scan	Post Checkout code	2026-02-09T16:07:25.4984956Z [command]/usr/bin/git config --local --unset-all http.https://github.com/.extraheader
Security Scan	Post Checkout code	2026-02-09T16:07:25.5016950Z [command]/usr/bin/git submodule foreach --recursive sh -c "git config --local --name-only --get-regexp 'http\.https\:\/\/github\.com\/\.extraheader' && git config --local --unset-all 'http.https://github.com/.extraheader' || :"
Security Scan	Post Checkout code	2026-02-09T16:07:25.5244719Z [command]/usr/bin/git config --local --name-only --get-regexp ^includeIf\.gitdir:
Security Scan	Post Checkout code	2026-02-09T16:07:25.5276311Z [command]/usr/bin/git submodule foreach --recursive git config --local --show-origin --name-only --get-regexp remote.origin.url
Security Scan	Complete job	Ôªø2026-02-09T16:07:25.5601102Z Cleaning up orphan processes
Run Tests	Set up job	Ôªø2026-02-09T16:07:22.6334188Z Current runner version: '2.331.0'
Run Tests	Set up job	2026-02-09T16:07:22.6370894Z ##[group]Runner Image Provisioner
Run Tests	Set up job	2026-02-09T16:07:22.6372196Z Hosted Compute Agent
Run Tests	Set up job	2026-02-09T16:07:22.6373098Z Version: 20260123.484
Run Tests	Set up job	2026-02-09T16:07:22.6374542Z Commit: 6bd6555ca37d84114959e1c76d2c01448ff61c5d
Run Tests	Set up job	2026-02-09T16:07:22.6375784Z Build Date: 2026-01-23T19:41:17Z
Run Tests	Set up job	2026-02-09T16:07:22.6376821Z Worker ID: {e838b29c-e587-4af4-8b1f-bba621be4f97}
Run Tests	Set up job	2026-02-09T16:07:22.6378216Z Azure Region: centralus
Run Tests	Set up job	2026-02-09T16:07:22.6379142Z ##[endgroup]
Run Tests	Set up job	2026-02-09T16:07:22.6381321Z ##[group]Operating System
Run Tests	Set up job	2026-02-09T16:07:22.6382468Z Ubuntu
Run Tests	Set up job	2026-02-09T16:07:22.6383576Z 24.04.3
Run Tests	Set up job	2026-02-09T16:07:22.6384347Z LTS
Run Tests	Set up job	2026-02-09T16:07:22.6385270Z ##[endgroup]
Run Tests	Set up job	2026-02-09T16:07:22.6386067Z ##[group]Runner Image
Run Tests	Set up job	2026-02-09T16:07:22.6386972Z Image: ubuntu-24.04
Run Tests	Set up job	2026-02-09T16:07:22.6387995Z Version: 20260201.15.1
Run Tests	Set up job	2026-02-09T16:07:22.6389806Z Included Software: https://github.com/actions/runner-images/blob/ubuntu24/20260201.15/images/ubuntu/Ubuntu2404-Readme.md
Run Tests	Set up job	2026-02-09T16:07:22.6392766Z Image Release: https://github.com/actions/runner-images/releases/tag/ubuntu24%2F20260201.15
Run Tests	Set up job	2026-02-09T16:07:22.6394705Z ##[endgroup]
Run Tests	Set up job	2026-02-09T16:07:22.6396769Z ##[group]GITHUB_TOKEN Permissions
Run Tests	Set up job	2026-02-09T16:07:22.6399786Z Contents: read
Run Tests	Set up job	2026-02-09T16:07:22.6400494Z Metadata: read
Run Tests	Set up job	2026-02-09T16:07:22.6401070Z Packages: read
Run Tests	Set up job	2026-02-09T16:07:22.6401553Z ##[endgroup]
Run Tests	Set up job	2026-02-09T16:07:22.6404237Z Secret source: Actions
Run Tests	Set up job	2026-02-09T16:07:22.6405249Z Prepare workflow directory
Run Tests	Set up job	2026-02-09T16:07:22.6929227Z Prepare all required actions
Run Tests	Set up job	2026-02-09T16:07:22.6984790Z Getting action download info
Run Tests	Set up job	2026-02-09T16:07:24.3957948Z Download action repository 'actions/checkout@v4' (SHA:34e114876b0b11c390a56381ad16ebd13914f8d5)
Run Tests	Set up job	2026-02-09T16:07:24.4976662Z Download action repository 'oven-sh/setup-bun@v2' (SHA:3d267786b128fe76c2f16a390aa2448b815359f3)
Run Tests	Set up job	2026-02-09T16:07:25.0574201Z Complete job name: Run Tests
Run Tests	Initialize containers	Ôªø2026-02-09T16:07:25.1102880Z ##[group]Checking docker version
Run Tests	Initialize containers	2026-02-09T16:07:25.1116660Z ##[command]/usr/bin/docker version --format '{{.Server.APIVersion}}'
Run Tests	Initialize containers	2026-02-09T16:07:25.2007296Z '1.48'
Run Tests	Initialize containers	2026-02-09T16:07:25.2019238Z Docker daemon API version: '1.48'
Run Tests	Initialize containers	2026-02-09T16:07:25.2020767Z ##[command]/usr/bin/docker version --format '{{.Client.APIVersion}}'
Run Tests	Initialize containers	2026-02-09T16:07:25.2196348Z '1.48'
Run Tests	Initialize containers	2026-02-09T16:07:25.2210277Z Docker client API version: '1.48'
Run Tests	Initialize containers	2026-02-09T16:07:25.2216835Z ##[endgroup]
Run Tests	Initialize containers	2026-02-09T16:07:25.2220551Z ##[group]Clean up resources from previous jobs
Run Tests	Initialize containers	2026-02-09T16:07:25.2226937Z ##[command]/usr/bin/docker ps --all --quiet --no-trunc --filter "label=606a30"
Run Tests	Initialize containers	2026-02-09T16:07:25.2400861Z ##[command]/usr/bin/docker network prune --force --filter "label=606a30"
Run Tests	Initialize containers	2026-02-09T16:07:25.2539029Z ##[endgroup]
Run Tests	Initialize containers	2026-02-09T16:07:25.2540031Z ##[group]Create local container network
Run Tests	Initialize containers	2026-02-09T16:07:25.2551777Z ##[command]/usr/bin/docker network create --label 606a30 github_network_3715c13e702b4da48cc9d4bb111d4669
Run Tests	Initialize containers	2026-02-09T16:07:25.3055562Z c90e3ececd9ae5e1d130036845aaed69cacfba1d421b1850c49632185f3d3004
Run Tests	Initialize containers	2026-02-09T16:07:25.3073180Z ##[endgroup]
Run Tests	Initialize containers	2026-02-09T16:07:25.3099424Z ##[group]Starting postgres service container
Run Tests	Initialize containers	2026-02-09T16:07:25.3120422Z ##[command]/usr/bin/docker pull postgres:16-alpine
Run Tests	Initialize containers	2026-02-09T16:07:25.9771557Z 16-alpine: Pulling from library/postgres
Run Tests	Initialize containers	2026-02-09T16:07:26.1228258Z 589002ba0eae: Pulling fs layer
Run Tests	Initialize containers	2026-02-09T16:07:26.1231104Z 37ddbca09bc2: Pulling fs layer
Run Tests	Initialize containers	2026-02-09T16:07:26.1231970Z 4caa03786d3d: Pulling fs layer
Run Tests	Initialize containers	2026-02-09T16:07:26.1232615Z 73e9afde5b6b: Pulling fs layer
Run Tests	Initialize containers	2026-02-09T16:07:26.1233022Z 42ff12e8060e: Pulling fs layer
Run Tests	Initialize containers	2026-02-09T16:07:26.1233367Z 7070ff9d4b70: Pulling fs layer
Run Tests	Initialize containers	2026-02-09T16:07:26.1234011Z 6daf4ec1dec2: Pulling fs layer
Run Tests	Initialize containers	2026-02-09T16:07:26.1234455Z 514526dc419d: Pulling fs layer
Run Tests	Initialize containers	2026-02-09T16:07:26.1234829Z 4c4deacffb95: Pulling fs layer
Run Tests	Initialize containers	2026-02-09T16:07:26.1235185Z c769f6af60d9: Pulling fs layer
Run Tests	Initialize containers	2026-02-09T16:07:26.1235527Z 03e9530e5ed7: Pulling fs layer
Run Tests	Initialize containers	2026-02-09T16:07:26.1235949Z 6daf4ec1dec2: Waiting
Run Tests	Initialize containers	2026-02-09T16:07:26.1236257Z 514526dc419d: Waiting
Run Tests	Initialize containers	2026-02-09T16:07:26.1236893Z 73e9afde5b6b: Waiting
Run Tests	Initialize containers	2026-02-09T16:07:26.1237206Z 4c4deacffb95: Waiting
Run Tests	Initialize containers	2026-02-09T16:07:26.1237516Z 42ff12e8060e: Waiting
Run Tests	Initialize containers	2026-02-09T16:07:26.1237810Z 7070ff9d4b70: Waiting
Run Tests	Initialize containers	2026-02-09T16:07:26.1238114Z 03e9530e5ed7: Waiting
Run Tests	Initialize containers	2026-02-09T16:07:26.2900210Z 37ddbca09bc2: Verifying Checksum
Run Tests	Initialize containers	2026-02-09T16:07:26.2901224Z 37ddbca09bc2: Download complete
Run Tests	Initialize containers	2026-02-09T16:07:26.3600351Z 4caa03786d3d: Verifying Checksum
Run Tests	Initialize containers	2026-02-09T16:07:26.3601190Z 4caa03786d3d: Download complete
Run Tests	Initialize containers	2026-02-09T16:07:26.4215923Z 589002ba0eae: Download complete
Run Tests	Initialize containers	2026-02-09T16:07:26.5449435Z 73e9afde5b6b: Verifying Checksum
Run Tests	Initialize containers	2026-02-09T16:07:26.5450752Z 73e9afde5b6b: Download complete
Run Tests	Initialize containers	2026-02-09T16:07:26.5481877Z 42ff12e8060e: Verifying Checksum
Run Tests	Initialize containers	2026-02-09T16:07:26.5482482Z 42ff12e8060e: Download complete
Run Tests	Initialize containers	2026-02-09T16:07:26.5526975Z 589002ba0eae: Pull complete
Run Tests	Initialize containers	2026-02-09T16:07:26.7360065Z 6daf4ec1dec2: Verifying Checksum
Run Tests	Initialize containers	2026-02-09T16:07:26.7360998Z 6daf4ec1dec2: Download complete
Run Tests	Initialize containers	2026-02-09T16:07:26.7572431Z 514526dc419d: Verifying Checksum
Run Tests	Initialize containers	2026-02-09T16:07:26.7573344Z 514526dc419d: Download complete
Run Tests	Initialize containers	2026-02-09T16:07:26.9349707Z c769f6af60d9: Verifying Checksum
Run Tests	Initialize containers	2026-02-09T16:07:26.9350375Z c769f6af60d9: Download complete
Run Tests	Initialize containers	2026-02-09T16:07:26.9573057Z 4c4deacffb95: Download complete
Run Tests	Initialize containers	2026-02-09T16:07:27.1571385Z 03e9530e5ed7: Verifying Checksum
Run Tests	Initialize containers	2026-02-09T16:07:27.1572094Z 03e9530e5ed7: Download complete
Run Tests	Initialize containers	2026-02-09T16:07:27.2319141Z 37ddbca09bc2: Pull complete
Run Tests	Initialize containers	2026-02-09T16:07:27.3252114Z 4caa03786d3d: Pull complete
Run Tests	Initialize containers	2026-02-09T16:07:27.3401268Z 73e9afde5b6b: Pull complete
Run Tests	Initialize containers	2026-02-09T16:07:27.3546215Z 42ff12e8060e: Pull complete
Run Tests	Initialize containers	2026-02-09T16:07:28.6443705Z 7070ff9d4b70: Verifying Checksum
Run Tests	Initialize containers	2026-02-09T16:07:28.6444328Z 7070ff9d4b70: Download complete
Run Tests	Initialize containers	2026-02-09T16:07:30.9309157Z 7070ff9d4b70: Pull complete
Run Tests	Initialize containers	2026-02-09T16:07:30.9462789Z 6daf4ec1dec2: Pull complete
Run Tests	Initialize containers	2026-02-09T16:07:30.9608163Z 514526dc419d: Pull complete
Run Tests	Initialize containers	2026-02-09T16:07:30.9788126Z 4c4deacffb95: Pull complete
Run Tests	Initialize containers	2026-02-09T16:07:30.9927100Z c769f6af60d9: Pull complete
Run Tests	Initialize containers	2026-02-09T16:07:31.0044867Z 03e9530e5ed7: Pull complete
Run Tests	Initialize containers	2026-02-09T16:07:31.0091261Z Digest: sha256:4327b9fd295502f326f44153a1045a7170ddbfffed1c3829798328556cfd09e2
Run Tests	Initialize containers	2026-02-09T16:07:31.0104951Z Status: Downloaded newer image for postgres:16-alpine
Run Tests	Initialize containers	2026-02-09T16:07:31.0113996Z docker.io/library/postgres:16-alpine
Run Tests	Initialize containers	2026-02-09T16:07:31.0176191Z ##[command]/usr/bin/docker create --name 3811a4adfb594e6db486e4bf51b1b8d4_postgres16alpine_73294f --label 606a30 --network github_network_3715c13e702b4da48cc9d4bb111d4669 --network-alias postgres -p 5432:5432 --health-cmd pg_isready --health-interval 10s --health-timeout 5s --health-retries 5 -e "POSTGRES_USER=postgres" -e "POSTGRES_PASSWORD=postgres" -e "POSTGRES_DB=test" -e GITHUB_ACTIONS=true -e CI=true postgres:16-alpine
Run Tests	Initialize containers	2026-02-09T16:07:31.0453906Z 941b895789b7ef7e1c3f5bc3d979a158e2d9ab153ac6d2e7ade1081f2e38bd54
Run Tests	Initialize containers	2026-02-09T16:07:31.0479125Z ##[command]/usr/bin/docker start 941b895789b7ef7e1c3f5bc3d979a158e2d9ab153ac6d2e7ade1081f2e38bd54
Run Tests	Initialize containers	2026-02-09T16:07:31.2561438Z 941b895789b7ef7e1c3f5bc3d979a158e2d9ab153ac6d2e7ade1081f2e38bd54
Run Tests	Initialize containers	2026-02-09T16:07:31.2580094Z ##[command]/usr/bin/docker ps --all --filter id=941b895789b7ef7e1c3f5bc3d979a158e2d9ab153ac6d2e7ade1081f2e38bd54 --filter status=running --no-trunc --format "{{.ID}} {{.Status}}"
Run Tests	Initialize containers	2026-02-09T16:07:31.2710606Z 941b895789b7ef7e1c3f5bc3d979a158e2d9ab153ac6d2e7ade1081f2e38bd54 Up Less than a second (health: starting)
Run Tests	Initialize containers	2026-02-09T16:07:31.2732088Z ##[command]/usr/bin/docker port 941b895789b7ef7e1c3f5bc3d979a158e2d9ab153ac6d2e7ade1081f2e38bd54
Run Tests	Initialize containers	2026-02-09T16:07:31.2877861Z 5432/tcp -> 0.0.0.0:5432
Run Tests	Initialize containers	2026-02-09T16:07:31.2878514Z 5432/tcp -> [::]:5432
Run Tests	Initialize containers	2026-02-09T16:07:31.2927063Z ##[endgroup]
Run Tests	Initialize containers	2026-02-09T16:07:31.2927957Z ##[group]Starting redis service container
Run Tests	Initialize containers	2026-02-09T16:07:31.2929289Z ##[command]/usr/bin/docker pull redis:7-alpine
Run Tests	Initialize containers	2026-02-09T16:07:31.9687019Z 7-alpine: Pulling from library/redis
Run Tests	Initialize containers	2026-02-09T16:07:32.1505962Z bc1da058f299: Pulling fs layer
Run Tests	Initialize containers	2026-02-09T16:07:32.1506595Z def98d582f1f: Pulling fs layer
Run Tests	Initialize containers	2026-02-09T16:07:32.1510255Z cca95a886512: Pulling fs layer
Run Tests	Initialize containers	2026-02-09T16:07:32.1511307Z 04e58ffa5f99: Pulling fs layer
Run Tests	Initialize containers	2026-02-09T16:07:32.1512308Z b2e30ba0e4d5: Pulling fs layer
Run Tests	Initialize containers	2026-02-09T16:07:32.1513325Z ffb88afeb5f0: Pulling fs layer
Run Tests	Initialize containers	2026-02-09T16:07:32.1514385Z 4f4fb700ef54: Pulling fs layer
Run Tests	Initialize containers	2026-02-09T16:07:32.1514793Z 9590d98bd1ae: Pulling fs layer
Run Tests	Initialize containers	2026-02-09T16:07:32.1515137Z 04e58ffa5f99: Waiting
Run Tests	Initialize containers	2026-02-09T16:07:32.1515467Z b2e30ba0e4d5: Waiting
Run Tests	Initialize containers	2026-02-09T16:07:32.1515831Z ffb88afeb5f0: Waiting
Run Tests	Initialize containers	2026-02-09T16:07:32.1516351Z 4f4fb700ef54: Waiting
Run Tests	Initialize containers	2026-02-09T16:07:32.1516665Z 9590d98bd1ae: Waiting
Run Tests	Initialize containers	2026-02-09T16:07:32.3547812Z def98d582f1f: Verifying Checksum
Run Tests	Initialize containers	2026-02-09T16:07:32.3548410Z def98d582f1f: Download complete
Run Tests	Initialize containers	2026-02-09T16:07:32.3849658Z cca95a886512: Verifying Checksum
Run Tests	Initialize containers	2026-02-09T16:07:32.3850216Z cca95a886512: Download complete
Run Tests	Initialize containers	2026-02-09T16:07:32.5037789Z bc1da058f299: Download complete
Run Tests	Initialize containers	2026-02-09T16:07:32.5752174Z 04e58ffa5f99: Verifying Checksum
Run Tests	Initialize containers	2026-02-09T16:07:32.5753337Z 04e58ffa5f99: Download complete
Run Tests	Initialize containers	2026-02-09T16:07:32.6085630Z bc1da058f299: Pull complete
Run Tests	Initialize containers	2026-02-09T16:07:32.6335549Z def98d582f1f: Pull complete
Run Tests	Initialize containers	2026-02-09T16:07:32.7038531Z b2e30ba0e4d5: Verifying Checksum
Run Tests	Initialize containers	2026-02-09T16:07:32.7039910Z b2e30ba0e4d5: Download complete
Run Tests	Initialize containers	2026-02-09T16:07:32.7254524Z ffb88afeb5f0: Verifying Checksum
Run Tests	Initialize containers	2026-02-09T16:07:32.7255015Z ffb88afeb5f0: Download complete
Run Tests	Initialize containers	2026-02-09T16:07:32.7746633Z 4f4fb700ef54: Verifying Checksum
Run Tests	Initialize containers	2026-02-09T16:07:32.7747148Z 4f4fb700ef54: Download complete
Run Tests	Initialize containers	2026-02-09T16:07:32.7809921Z cca95a886512: Pull complete
Run Tests	Initialize containers	2026-02-09T16:07:32.8136655Z 04e58ffa5f99: Pull complete
Run Tests	Initialize containers	2026-02-09T16:07:32.9226365Z 9590d98bd1ae: Verifying Checksum
Run Tests	Initialize containers	2026-02-09T16:07:32.9226867Z 9590d98bd1ae: Download complete
Run Tests	Initialize containers	2026-02-09T16:07:32.9965733Z b2e30ba0e4d5: Pull complete
Run Tests	Initialize containers	2026-02-09T16:07:33.0095983Z ffb88afeb5f0: Pull complete
Run Tests	Initialize containers	2026-02-09T16:07:33.0207331Z 4f4fb700ef54: Pull complete
Run Tests	Initialize containers	2026-02-09T16:07:33.0346762Z 9590d98bd1ae: Pull complete
Run Tests	Initialize containers	2026-02-09T16:07:33.0396105Z Digest: sha256:02f2cc4882f8bf87c79a220ac958f58c700bdec0dfb9b9ea61b62fb0e8f1bfcf
Run Tests	Initialize containers	2026-02-09T16:07:33.0412588Z Status: Downloaded newer image for redis:7-alpine
Run Tests	Initialize containers	2026-02-09T16:07:33.0422158Z docker.io/library/redis:7-alpine
Run Tests	Initialize containers	2026-02-09T16:07:33.0444034Z ##[command]/usr/bin/docker create --name ef1caac185c14f6bba69a88c65f727d4_redis7alpine_edf17e --label 606a30 --network github_network_3715c13e702b4da48cc9d4bb111d4669 --network-alias redis -p 6379:6379  -e GITHUB_ACTIONS=true -e CI=true redis:7-alpine
Run Tests	Initialize containers	2026-02-09T16:07:33.0710520Z 7eccb04611f33febbb1e30b5ce6842fa6d83083fa2a15dd293e245b1384e2095
Run Tests	Initialize containers	2026-02-09T16:07:33.0724533Z ##[command]/usr/bin/docker start 7eccb04611f33febbb1e30b5ce6842fa6d83083fa2a15dd293e245b1384e2095
Run Tests	Initialize containers	2026-02-09T16:07:33.2018933Z 7eccb04611f33febbb1e30b5ce6842fa6d83083fa2a15dd293e245b1384e2095
Run Tests	Initialize containers	2026-02-09T16:07:33.2035513Z ##[command]/usr/bin/docker ps --all --filter id=7eccb04611f33febbb1e30b5ce6842fa6d83083fa2a15dd293e245b1384e2095 --filter status=running --no-trunc --format "{{.ID}} {{.Status}}"
Run Tests	Initialize containers	2026-02-09T16:07:33.2157923Z 7eccb04611f33febbb1e30b5ce6842fa6d83083fa2a15dd293e245b1384e2095 Up Less than a second
Run Tests	Initialize containers	2026-02-09T16:07:33.2171504Z ##[command]/usr/bin/docker port 7eccb04611f33febbb1e30b5ce6842fa6d83083fa2a15dd293e245b1384e2095
Run Tests	Initialize containers	2026-02-09T16:07:33.2278200Z 6379/tcp -> 0.0.0.0:6379
Run Tests	Initialize containers	2026-02-09T16:07:33.2278617Z 6379/tcp -> [::]:6379
Run Tests	Initialize containers	2026-02-09T16:07:33.2292093Z ##[endgroup]
Run Tests	Initialize containers	2026-02-09T16:07:33.2303223Z ##[group]Waiting for all services to be ready
Run Tests	Initialize containers	2026-02-09T16:07:33.2316629Z ##[command]/usr/bin/docker inspect --format="{{if .Config.Healthcheck}}{{print .State.Health.Status}}{{end}}" 941b895789b7ef7e1c3f5bc3d979a158e2d9ab153ac6d2e7ade1081f2e38bd54
Run Tests	Initialize containers	2026-02-09T16:07:33.2425042Z starting
Run Tests	Initialize containers	2026-02-09T16:07:33.2445782Z postgres service is starting, waiting 2 seconds before checking again.
Run Tests	Initialize containers	2026-02-09T16:07:35.2454171Z ##[command]/usr/bin/docker inspect --format="{{if .Config.Healthcheck}}{{print .State.Health.Status}}{{end}}" 941b895789b7ef7e1c3f5bc3d979a158e2d9ab153ac6d2e7ade1081f2e38bd54
Run Tests	Initialize containers	2026-02-09T16:07:35.2574735Z starting
Run Tests	Initialize containers	2026-02-09T16:07:35.2588318Z postgres service is starting, waiting 3 seconds before checking again.
Run Tests	Initialize containers	2026-02-09T16:07:39.0625786Z ##[command]/usr/bin/docker inspect --format="{{if .Config.Healthcheck}}{{print .State.Health.Status}}{{end}}" 941b895789b7ef7e1c3f5bc3d979a158e2d9ab153ac6d2e7ade1081f2e38bd54
Run Tests	Initialize containers	2026-02-09T16:07:39.0743949Z starting
Run Tests	Initialize containers	2026-02-09T16:07:39.0757372Z postgres service is starting, waiting 8 seconds before checking again.
Run Tests	Initialize containers	2026-02-09T16:07:47.6550812Z ##[command]/usr/bin/docker inspect --format="{{if .Config.Healthcheck}}{{print .State.Health.Status}}{{end}}" 941b895789b7ef7e1c3f5bc3d979a158e2d9ab153ac6d2e7ade1081f2e38bd54
Run Tests	Initialize containers	2026-02-09T16:07:47.6672901Z healthy
Run Tests	Initialize containers	2026-02-09T16:07:47.6690760Z postgres service is healthy.
Run Tests	Initialize containers	2026-02-09T16:07:47.6691613Z ##[command]/usr/bin/docker inspect --format="{{if .Config.Healthcheck}}{{print .State.Health.Status}}{{end}}" 7eccb04611f33febbb1e30b5ce6842fa6d83083fa2a15dd293e245b1384e2095
Run Tests	Initialize containers	2026-02-09T16:07:47.6814680Z redis service is healthy.
Run Tests	Initialize containers	2026-02-09T16:07:47.6815375Z ##[endgroup]
Run Tests	Checkout code	Ôªø2026-02-09T16:07:47.7077907Z ##[group]Run actions/checkout@v4
Run Tests	Checkout code	2026-02-09T16:07:47.7078450Z with:
Run Tests	Checkout code	2026-02-09T16:07:47.7078641Z   repository: adelfree2023-dev/KIMI
Run Tests	Checkout code	2026-02-09T16:07:47.7079023Z   token: ***
Run Tests	Checkout code	2026-02-09T16:07:47.7079195Z   ssh-strict: true
Run Tests	Checkout code	2026-02-09T16:07:47.7079373Z   ssh-user: git
Run Tests	Checkout code	2026-02-09T16:07:47.7079554Z   persist-credentials: true
Run Tests	Checkout code	2026-02-09T16:07:47.7079763Z   clean: true
Run Tests	Checkout code	2026-02-09T16:07:47.7079949Z   sparse-checkout-cone-mode: true
Run Tests	Checkout code	2026-02-09T16:07:47.7080170Z   fetch-depth: 1
Run Tests	Checkout code	2026-02-09T16:07:47.7080343Z   fetch-tags: false
Run Tests	Checkout code	2026-02-09T16:07:47.7080516Z   show-progress: true
Run Tests	Checkout code	2026-02-09T16:07:47.7080697Z   lfs: false
Run Tests	Checkout code	2026-02-09T16:07:47.7080850Z   submodules: false
Run Tests	Checkout code	2026-02-09T16:07:47.7081031Z   set-safe-directory: true
Run Tests	Checkout code	2026-02-09T16:07:47.7081404Z ##[endgroup]
Run Tests	Checkout code	2026-02-09T16:07:47.8254242Z Syncing repository: adelfree2023-dev/KIMI
Run Tests	Checkout code	2026-02-09T16:07:47.8255598Z ##[group]Getting Git version info
Run Tests	Checkout code	2026-02-09T16:07:47.8255939Z Working directory is '/home/runner/work/KIMI/KIMI'
Run Tests	Checkout code	2026-02-09T16:07:47.8256451Z [command]/usr/bin/git version
Run Tests	Checkout code	2026-02-09T16:07:47.8262177Z git version 2.52.0
Run Tests	Checkout code	2026-02-09T16:07:47.8290218Z ##[endgroup]
Run Tests	Checkout code	2026-02-09T16:07:47.8306275Z Temporarily overriding HOME='/home/runner/work/_temp/07e74322-e397-40e7-a1a8-60e3366b40a3' before making global git config changes
Run Tests	Checkout code	2026-02-09T16:07:47.8307586Z Adding repository directory to the temporary git global config as a safe directory
Run Tests	Checkout code	2026-02-09T16:07:47.8320238Z [command]/usr/bin/git config --global --add safe.directory /home/runner/work/KIMI/KIMI
Run Tests	Checkout code	2026-02-09T16:07:47.8361311Z Deleting the contents of '/home/runner/work/KIMI/KIMI'
Run Tests	Checkout code	2026-02-09T16:07:47.8365434Z ##[group]Initializing the repository
Run Tests	Checkout code	2026-02-09T16:07:47.8369860Z [command]/usr/bin/git init /home/runner/work/KIMI/KIMI
Run Tests	Checkout code	2026-02-09T16:07:47.8488169Z hint: Using 'master' as the name for the initial branch. This default branch name
Run Tests	Checkout code	2026-02-09T16:07:47.8489124Z hint: will change to "main" in Git 3.0. To configure the initial branch name
Run Tests	Checkout code	2026-02-09T16:07:47.8489747Z hint: to use in all of your new repositories, which will suppress this warning,
Run Tests	Checkout code	2026-02-09T16:07:47.8490177Z hint: call:
Run Tests	Checkout code	2026-02-09T16:07:47.8490355Z hint:
Run Tests	Checkout code	2026-02-09T16:07:47.8490613Z hint: 	git config --global init.defaultBranch <name>
Run Tests	Checkout code	2026-02-09T16:07:47.8490910Z hint:
Run Tests	Checkout code	2026-02-09T16:07:47.8491198Z hint: Names commonly chosen instead of 'master' are 'main', 'trunk' and
Run Tests	Checkout code	2026-02-09T16:07:47.8491686Z hint: 'development'. The just-created branch can be renamed via this command:
Run Tests	Checkout code	2026-02-09T16:07:47.8492056Z hint:
Run Tests	Checkout code	2026-02-09T16:07:47.8492259Z hint: 	git branch -m <name>
Run Tests	Checkout code	2026-02-09T16:07:47.8492465Z hint:
Run Tests	Checkout code	2026-02-09T16:07:47.8492769Z hint: Disable this message with "git config set advice.defaultBranchName false"
Run Tests	Checkout code	2026-02-09T16:07:47.8495771Z Initialized empty Git repository in /home/runner/work/KIMI/KIMI/.git/
Run Tests	Checkout code	2026-02-09T16:07:47.8507464Z [command]/usr/bin/git remote add origin https://github.com/adelfree2023-dev/KIMI
Run Tests	Checkout code	2026-02-09T16:07:47.8543593Z ##[endgroup]
Run Tests	Checkout code	2026-02-09T16:07:47.8544232Z ##[group]Disabling automatic garbage collection
Run Tests	Checkout code	2026-02-09T16:07:47.8548691Z [command]/usr/bin/git config --local gc.auto 0
Run Tests	Checkout code	2026-02-09T16:07:47.8576908Z ##[endgroup]
Run Tests	Checkout code	2026-02-09T16:07:47.8577495Z ##[group]Setting up auth
Run Tests	Checkout code	2026-02-09T16:07:47.8584728Z [command]/usr/bin/git config --local --name-only --get-regexp core\.sshCommand
Run Tests	Checkout code	2026-02-09T16:07:47.8614728Z [command]/usr/bin/git submodule foreach --recursive sh -c "git config --local --name-only --get-regexp 'core\.sshCommand' && git config --local --unset-all 'core.sshCommand' || :"
Run Tests	Checkout code	2026-02-09T16:07:47.9006277Z [command]/usr/bin/git config --local --name-only --get-regexp http\.https\:\/\/github\.com\/\.extraheader
Run Tests	Checkout code	2026-02-09T16:07:47.9038367Z [command]/usr/bin/git submodule foreach --recursive sh -c "git config --local --name-only --get-regexp 'http\.https\:\/\/github\.com\/\.extraheader' && git config --local --unset-all 'http.https://github.com/.extraheader' || :"
Run Tests	Checkout code	2026-02-09T16:07:47.9263036Z [command]/usr/bin/git config --local --name-only --get-regexp ^includeIf\.gitdir:
Run Tests	Checkout code	2026-02-09T16:07:47.9294391Z [command]/usr/bin/git submodule foreach --recursive git config --local --show-origin --name-only --get-regexp remote.origin.url
Run Tests	Checkout code	2026-02-09T16:07:47.9530120Z [command]/usr/bin/git config --local http.https://github.com/.extraheader AUTHORIZATION: basic ***
Run Tests	Checkout code	2026-02-09T16:07:47.9564940Z ##[endgroup]
Run Tests	Checkout code	2026-02-09T16:07:47.9565595Z ##[group]Fetching the repository
Run Tests	Checkout code	2026-02-09T16:07:47.9574002Z [command]/usr/bin/git -c protocol.version=2 fetch --no-tags --prune --no-recurse-submodules --depth=1 origin +5e49a5f4b199e7999cef98df380549eba239dac3:refs/remotes/origin/develop
Run Tests	Checkout code	2026-02-09T16:07:48.4175457Z From https://github.com/adelfree2023-dev/KIMI
Run Tests	Checkout code	2026-02-09T16:07:48.4176105Z  * [new ref]         5e49a5f4b199e7999cef98df380549eba239dac3 -> origin/develop
Run Tests	Checkout code	2026-02-09T16:07:48.4207280Z ##[endgroup]
Run Tests	Checkout code	2026-02-09T16:07:48.4207657Z ##[group]Determining the checkout info
Run Tests	Checkout code	2026-02-09T16:07:48.4210147Z ##[endgroup]
Run Tests	Checkout code	2026-02-09T16:07:48.4216254Z [command]/usr/bin/git sparse-checkout disable
Run Tests	Checkout code	2026-02-09T16:07:48.4257840Z [command]/usr/bin/git config --local --unset-all extensions.worktreeConfig
Run Tests	Checkout code	2026-02-09T16:07:48.4284382Z ##[group]Checking out the ref
Run Tests	Checkout code	2026-02-09T16:07:48.4288504Z [command]/usr/bin/git checkout --progress --force -B develop refs/remotes/origin/develop
Run Tests	Checkout code	2026-02-09T16:07:48.4578588Z Switched to a new branch 'develop'
Run Tests	Checkout code	2026-02-09T16:07:48.4581170Z branch 'develop' set up to track 'origin/develop'.
Run Tests	Checkout code	2026-02-09T16:07:48.4587617Z ##[endgroup]
Run Tests	Checkout code	2026-02-09T16:07:48.4621929Z [command]/usr/bin/git log -1 --format=%H
Run Tests	Checkout code	2026-02-09T16:07:48.4643516Z 5e49a5f4b199e7999cef98df380549eba239dac3
Run Tests	Setup Bun	Ôªø2026-02-09T16:07:48.4847965Z ##[group]Run oven-sh/setup-bun@v2
Run Tests	Setup Bun	2026-02-09T16:07:48.4848227Z with:
Run Tests	Setup Bun	2026-02-09T16:07:48.4848402Z   bun-version: latest
Run Tests	Setup Bun	2026-02-09T16:07:48.4848609Z   no-cache: false
Run Tests	Setup Bun	2026-02-09T16:07:48.4848926Z   token: ***
Run Tests	Setup Bun	2026-02-09T16:07:48.4849099Z ##[endgroup]
Run Tests	Setup Bun	2026-02-09T16:07:48.9285685Z Downloading a new version of Bun: https://github.com/oven-sh/bun/releases/download/bun-v1.3.9/bun-linux-x64.zip
Run Tests	Setup Bun	2026-02-09T16:07:49.3756693Z [command]/usr/bin/unzip -o -q /home/runner/work/_temp/a4cf2674-3531-454d-8ecc-0345e798ebba.zip
Run Tests	Setup Bun	2026-02-09T16:07:50.1264332Z [command]/home/runner/.bun/bin/bun --revision
Run Tests	Setup Bun	2026-02-09T16:07:50.1303967Z 1.3.9+cf6cdbbba
Run Tests	Install Dependencies	Ôªø2026-02-09T16:07:50.1431037Z ##[group]Run bun install
Run Tests	Install Dependencies	2026-02-09T16:07:50.1431333Z [36;1mbun install[0m
Run Tests	Install Dependencies	2026-02-09T16:07:50.1469645Z shell: /usr/bin/bash -e {0}
Run Tests	Install Dependencies	2026-02-09T16:07:50.1469896Z ##[endgroup]
Run Tests	Install Dependencies	2026-02-09T16:07:50.1569358Z bun install v1.3.9 (cf6cdbbb)
Run Tests	Install Dependencies	2026-02-09T16:07:55.5351097Z 
Run Tests	Install Dependencies	2026-02-09T16:07:55.5352412Z $ echo 'Run: bun install'
Run Tests	Install Dependencies	2026-02-09T16:07:55.5366705Z Run: bun install
Run Tests	Install Dependencies	2026-02-09T16:07:55.5370564Z 
Run Tests	Install Dependencies	2026-02-09T16:07:55.5370819Z + @biomejs/biome@1.5.3
Run Tests	Install Dependencies	2026-02-09T16:07:55.5371311Z + @types/express@4.17.25
Run Tests	Install Dependencies	2026-02-09T16:07:55.5371766Z + @types/node@20.19.33
Run Tests	Install Dependencies	2026-02-09T16:07:55.5372176Z + @vitest/coverage-istanbul@1.6.1
Run Tests	Install Dependencies	2026-02-09T16:07:55.5372627Z + @vitest/coverage-v8@1.6.1
Run Tests	Install Dependencies	2026-02-09T16:07:55.5373025Z + bun-types@1.3.9
Run Tests	Install Dependencies	2026-02-09T16:07:55.5373359Z + cross-env@10.1.0
Run Tests	Install Dependencies	2026-02-09T16:07:55.5374227Z + dependency-cruiser@17.3.8
Run Tests	Install Dependencies	2026-02-09T16:07:55.5374557Z + express@4.22.1
Run Tests	Install Dependencies	2026-02-09T16:07:55.5374922Z + redis@5.10.0
Run Tests	Install Dependencies	2026-02-09T16:07:55.5375195Z + reflect-metadata@0.2.2
Run Tests	Install Dependencies	2026-02-09T16:07:55.5375503Z + turbo@2.8.3
Run Tests	Install Dependencies	2026-02-09T16:07:55.5375807Z + vitest@1.6.1
Run Tests	Install Dependencies	2026-02-09T16:07:55.5376061Z + @nestjs/swagger@11.2.6
Run Tests	Install Dependencies	2026-02-09T16:07:55.5376338Z + js-yaml@4.1.1
Run Tests	Install Dependencies	2026-02-09T16:07:55.5376615Z + swagger-ui-express@5.0.1
Run Tests	Install Dependencies	2026-02-09T16:07:55.5376818Z 
Run Tests	Install Dependencies	2026-02-09T16:07:55.5376940Z 1787 packages installed [5.38s]
Run Tests	Run Export Module Tests	Ôªø2026-02-09T16:07:55.5917518Z ##[group]Run echo "‚ïê‚ïê‚ïê‚ïê‚ïê‚ïê‚ïê‚ïê‚ïê‚ïê‚ïê‚ïê‚ïê‚ïê‚ïê‚ïê‚ïê‚ïê‚ïê‚ïê‚ïê‚ïê‚ïê‚ïê‚ïê‚ïê‚ïê‚ïê‚ïê‚ïê‚ïê‚ïê‚ïê‚ïê‚ïê‚ïê‚ïê‚ïê‚ïê‚ïê‚ïê‚ïê‚ïê‚ïê‚ïê‚ïê‚ïê‚ïê‚ïê‚ïê‚ïê‚ïê‚ïê‚ïê‚ïê‚ïê‚ïê‚ïê‚ïê‚ïê‚ïê‚ïê‚ïê"
Run Tests	Run Export Module Tests	2026-02-09T16:07:55.5918407Z [36;1mecho "‚ïê‚ïê‚ïê‚ïê‚ïê‚ïê‚ïê‚ïê‚ïê‚ïê‚ïê‚ïê‚ïê‚ïê‚ïê‚ïê‚ïê‚ïê‚ïê‚ïê‚ïê‚ïê‚ïê‚ïê‚ïê‚ïê‚ïê‚ïê‚ïê‚ïê‚ïê‚ïê‚ïê‚ïê‚ïê‚ïê‚ïê‚ïê‚ïê‚ïê‚ïê‚ïê‚ïê‚ïê‚ïê‚ïê‚ïê‚ïê‚ïê‚ïê‚ïê‚ïê‚ïê‚ïê‚ïê‚ïê‚ïê‚ïê‚ïê‚ïê‚ïê‚ïê‚ïê"[0m
Run Tests	Run Export Module Tests	2026-02-09T16:07:55.5919050Z [36;1mecho "  Running Export Module Tests"[0m
Run Tests	Run Export Module Tests	2026-02-09T16:07:55.5919639Z [36;1mecho "‚ïê‚ïê‚ïê‚ïê‚ïê‚ïê‚ïê‚ïê‚ïê‚ïê‚ïê‚ïê‚ïê‚ïê‚ïê‚ïê‚ïê‚ïê‚ïê‚ïê‚ïê‚ïê‚ïê‚ïê‚ïê‚ïê‚ïê‚ïê‚ïê‚ïê‚ïê‚ïê‚ïê‚ïê‚ïê‚ïê‚ïê‚ïê‚ïê‚ïê‚ïê‚ïê‚ïê‚ïê‚ïê‚ïê‚ïê‚ïê‚ïê‚ïê‚ïê‚ïê‚ïê‚ïê‚ïê‚ïê‚ïê‚ïê‚ïê‚ïê‚ïê‚ïê‚ïê"[0m
Run Tests	Run Export Module Tests	2026-02-09T16:07:55.5920192Z [36;1m[0m
Run Tests	Run Export Module Tests	2026-02-09T16:07:55.5920487Z [36;1mcd packages/export[0m
Run Tests	Run Export Module Tests	2026-02-09T16:07:55.5920890Z [36;1mbunx vitest run[0m
Run Tests	Run Export Module Tests	2026-02-09T16:07:55.5921215Z [36;1m[0m
Run Tests	Run Export Module Tests	2026-02-09T16:07:55.5921555Z [36;1mecho "‚úÖ Export module tests completed"[0m
Run Tests	Run Export Module Tests	2026-02-09T16:07:55.5965289Z shell: /usr/bin/bash -e {0}
Run Tests	Run Export Module Tests	2026-02-09T16:07:55.5965701Z env:
Run Tests	Run Export Module Tests	2026-02-09T16:07:55.5966408Z   DATABASE_URL: ***localhost:5432/test
Run Tests	Run Export Module Tests	2026-02-09T16:07:55.5966886Z   REDIS_URL: redis://localhost:6379
Run Tests	Run Export Module Tests	2026-02-09T16:07:55.5967309Z   NODE_ENV: test
Run Tests	Run Export Module Tests	2026-02-09T16:07:55.5967608Z ##[endgroup]
Run Tests	Run Export Module Tests	2026-02-09T16:07:55.6040616Z ‚ïê‚ïê‚ïê‚ïê‚ïê‚ïê‚ïê‚ïê‚ïê‚ïê‚ïê‚ïê‚ïê‚ïê‚ïê‚ïê‚ïê‚ïê‚ïê‚ïê‚ïê‚ïê‚ïê‚ïê‚ïê‚ïê‚ïê‚ïê‚ïê‚ïê‚ïê‚ïê‚ïê‚ïê‚ïê‚ïê‚ïê‚ïê‚ïê‚ïê‚ïê‚ïê‚ïê‚ïê‚ïê‚ïê‚ïê‚ïê‚ïê‚ïê‚ïê‚ïê‚ïê‚ïê‚ïê‚ïê‚ïê‚ïê‚ïê‚ïê‚ïê‚ïê‚ïê
Run Tests	Run Export Module Tests	2026-02-09T16:07:55.6041285Z   Running Export Module Tests
Run Tests	Run Export Module Tests	2026-02-09T16:07:55.6044674Z ‚ïê‚ïê‚ïê‚ïê‚ïê‚ïê‚ïê‚ïê‚ïê‚ïê‚ïê‚ïê‚ïê‚ïê‚ïê‚ïê‚ïê‚ïê‚ïê‚ïê‚ïê‚ïê‚ïê‚ïê‚ïê‚ïê‚ïê‚ïê‚ïê‚ïê‚ïê‚ïê‚ïê‚ïê‚ïê‚ïê‚ïê‚ïê‚ïê‚ïê‚ïê‚ïê‚ïê‚ïê‚ïê‚ïê‚ïê‚ïê‚ïê‚ïê‚ïê‚ïê‚ïê‚ïê‚ïê‚ïê‚ïê‚ïê‚ïê‚ïê‚ïê‚ïê‚ïê
Run Tests	Run Export Module Tests	2026-02-09T16:07:56.0011664Z [33mThe CJS build of Vite's Node API is deprecated. See https://vite.dev/guide/troubleshooting.html#vite-cjs-node-api-deprecated for more details.[39m
Run Tests	Run Export Module Tests	2026-02-09T16:07:56.0327590Z 
Run Tests	Run Export Module Tests	2026-02-09T16:07:56.0335315Z [7m[1m[36m RUN [39m[22m[27m [36mv1.6.1[39m [90m/home/runner/work/KIMI/KIMI/packages/export[39m
Run Tests	Run Export Module Tests	2026-02-09T16:07:56.0336854Z 
Run Tests	Run Export Module Tests	2026-02-09T16:07:56.7945491Z  [2m[90m‚Üì[39m[22m src/export.integration.test.ts [2m ([22m[2m9 tests[22m [2m|[22m [33m9 skipped[39m[2m)[22m
Run Tests	Run Export Module Tests	2026-02-09T16:07:56.9220161Z  [32m‚úì[39m src/export.controller.test.ts [2m ([22m[2m14 tests[22m[2m)[22m[90m 19[2mms[22m[39m
Run Tests	Run Export Module Tests	2026-02-09T16:07:56.9666661Z [32m[Nest] 2854  - [39m02/09/2026, 4:07:56 PM [32m    LOG[39m [38;5;3m[ExportService] [39m[32mExport job created: 3b21b82d-c577-4dae-abd2-e3f2d469d5cd for tenant test-tenant[39m
Run Tests	Run Export Module Tests	2026-02-09T16:07:57.0068989Z [32m[Nest] 2854  - [39m02/09/2026, 4:07:56 PM [32m    LOG[39m [38;5;3m[ExportService] [39m[32mExport job created: 11cb5628-9447-4b2f-93ee-b7ab3cd3e25f for tenant dup-test-tenant[39m
Run Tests	Run Export Module Tests	2026-02-09T16:07:57.0071200Z [32m[Nest] 2854  - [39m02/09/2026, 4:07:56 PM [32m    LOG[39m [38;5;3m[ExportService] [39m[32mExport job created: 9c16b63c-b55a-4f4b-b51b-71d41bb0be9a for tenant valid-tenant[39m
Run Tests	Run Export Module Tests	2026-02-09T16:07:57.0073264Z [32m[Nest] 2854  - [39m02/09/2026, 4:07:56 PM [32m    LOG[39m [38;5;3m[ExportService] [39m[32mExport job created: 69ceb795-a3cd-433c-bb44-cae87cedc2ac for tenant status-test[39m
Run Tests	Run Export Module Tests	2026-02-09T16:07:57.0075469Z [32m[Nest] 2854  - [39m02/09/2026, 4:07:56 PM [32m    LOG[39m [38;5;3m[ExportService] [39m[32mExport job created: a86fba4c-ed52-4202-a3d9-d8c19cc1ea68 for tenant cancel-test[39m
Run Tests	Run Export Module Tests	2026-02-09T16:07:57.0077506Z [32m[Nest] 2854  - [39m02/09/2026, 4:07:56 PM [32m    LOG[39m [38;5;3m[ExportService] [39m[32mExport job created: 124cdb59-9bbb-4816-8429-20be746a5e64 for tenant list-test-tenant[39m
Run Tests	Run Export Module Tests	2026-02-09T16:07:57.0079573Z [32m[Nest] 2854  - [39m02/09/2026, 4:07:56 PM [32m    LOG[39m [38;5;3m[ExportService] [39m[32mExport job created: 9f4e15c1-68da-4140-888c-4a20dbf1f915 for tenant audit-test[39m
Run Tests	Run Export Module Tests	2026-02-09T16:07:57.0081339Z [32m[Nest] 2854  - [39m02/09/2026, 4:07:57 PM [32m    LOG[39m [38;5;3m[LiteExportStrategy] [39m[32mStarting lite export for tenant: big-tenant[39m
Run Tests	Run Export Module Tests	2026-02-09T16:07:57.0083365Z [95m[Nest] 2854  - [39m02/09/2026, 4:07:57 PM [95m  DEBUG[39m [38;5;3m[LiteExportStrategy] [39m[95mExporting table: tenant_big-tenant.test_table[39m
Run Tests	Run Export Module Tests	2026-02-09T16:07:57.0085219Z [32m[Nest] 2854  - [39m02/09/2026, 4:07:57 PM [32m    LOG[39m [38;5;3m[LiteExportStrategy] [39m[32mStarting lite export for tenant: checksum-test[39m
Run Tests	Run Export Module Tests	2026-02-09T16:07:57.0086894Z [95m[Nest] 2854  - [39m02/09/2026, 4:07:57 PM [95m  DEBUG[39m [38;5;3m[LiteExportStrategy] [39m[95mExporting table: tenant_checksum-test.test_table[39m
Run Tests	Run Export Module Tests	2026-02-09T16:07:57.0088871Z  [33m‚ùØ[39m src/export.service.test.ts [2m ([22m[2m12 tests[22m [2m|[22m [31m3 failed[39m[2m)[22m[90m 57[2mms[22m[39m
Run Tests	Run Export Module Tests	2026-02-09T16:07:57.0090809Z [31m   [33m‚ùØ[31m src/export.service.test.ts[2m > [22mExportService Tests[2m > [22mExportService[2m > [22mS14.3: Export Validation[2m > [22mshould accept native profile for valid tenant[39m
Run Tests	Run Export Module Tests	2026-02-09T16:07:57.0092251Z [31m     ‚Üí Invalid export options for profile: native[39m
Run Tests	Run Export Module Tests	2026-02-09T16:07:57.0111862Z [31m   [33m‚ùØ[31m src/export.service.test.ts[2m > [22mExportService Tests[2m > [22mExportService[2m > [22mS14.4: Job Management[2m > [22mshould allow cancelling pending jobs[39m
Run Tests	Run Export Module Tests	2026-02-09T16:07:57.0113816Z [31m     ‚Üí expected { ‚Ä¶(9) } to be null[39m
Run Tests	Run Export Module Tests	2026-02-09T16:07:57.0115280Z [31m   [33m‚ùØ[31m src/export.service.test.ts[2m > [22mExportService Tests[2m > [22mExportService[2m > [22mExport Strategies[2m > [22mLiteExportStrategy[2m > [22mshould generate valid checksum[39m
Run Tests	Run Export Module Tests	2026-02-09T16:07:57.0116835Z [31m     ‚Üí Cannot read properties of undefined (reading 'count')[39m
Run Tests	Run Export Module Tests	2026-02-09T16:07:57.5535552Z [32m[Nest] 2854  - [39m02/09/2026, 4:07:57 PM [32m    LOG[39m [38;5;3m[ExportWorker] [39m[32mProcessing export job job-123 for tenant tenant-123[39m
Run Tests	Run Export Module Tests	2026-02-09T16:07:57.5742256Z [32m[Nest] 2854  - [39m02/09/2026, 4:07:57 PM [32m    LOG[39m [38;5;3m[ExportWorker] [39m[32mProcessing export job job-123 for tenant tenant-123[39m
Run Tests	Run Export Module Tests	2026-02-09T16:07:57.5858158Z [32m[Nest] 2854  - [39m02/09/2026, 4:07:57 PM [32m    LOG[39m [38;5;3m[ExportWorker] [39m[32mProcessing export job job-123 for tenant tenant-123[39m
Run Tests	Run Export Module Tests	2026-02-09T16:07:57.5906472Z [32m[Nest] 2854  - [39m02/09/2026, 4:07:57 PM [32m    LOG[39m [38;5;3m[ExportWorker] [39m[32mProcessing export job job-123 for tenant tenant-123[39m
Run Tests	Run Export Module Tests	2026-02-09T16:07:57.5952920Z [32m[Nest] 2854  - [39m02/09/2026, 4:07:57 PM [32m    LOG[39m [38;5;3m[ExportWorker] [39m[32mProcessing export job job-123 for tenant tenant-123[39m
Run Tests	Run Export Module Tests	2026-02-09T16:07:57.6153129Z [32m[Nest] 2854  - [39m02/09/2026, 4:07:57 PM [32m    LOG[39m [38;5;3m[ExportWorker] [39m[32mProcessing export job job-123 for tenant tenant-456[39m
Run Tests	Run Export Module Tests	2026-02-09T16:07:57.6360991Z [32m[Nest] 2854  - [39m02/09/2026, 4:07:57 PM [32m    LOG[39m [38;5;3m[ExportWorker] [39m[32mDeleted export file: test-key[39m
Run Tests	Run Export Module Tests	2026-02-09T16:07:57.6396133Z [31m[Nest] 2854  - [39m02/09/2026, 4:07:57 PM [31m  ERROR[39m [38;5;3m[ExportWorker] [39m[31mFailed to delete test-key:[39m
Run Tests	Run Export Module Tests	2026-02-09T16:07:57.6407734Z [32m[Nest] 2854  - [39m02/09/2026, 4:07:57 PM [32m    LOG[39m [38;5;3m[ExportWorker] [39m[32mProcessing export job job-123 for tenant tenant-123[39m
Run Tests	Run Export Module Tests	2026-02-09T16:07:57.6413944Z [31m[Nest] 2854  - [39m02/09/2026, 4:07:57 PM [31m  ERROR[39m [38;5;3m[ExportWorker] [39m[31mError: Delete failed[39m
Run Tests	Run Export Module Tests	2026-02-09T16:07:57.6442520Z [32m[Nest] 2854  - [39m02/09/2026, 4:07:57 PM [32m    LOG[39m [38;5;3m[ExportWorker] [39m[32mExport worker started[39m
Run Tests	Run Export Module Tests	2026-02-09T16:07:57.6466484Z [32m[Nest] 2854  - [39m02/09/2026, 4:07:57 PM [32m    LOG[39m [38;5;3m[ExportWorker] [39m[32mExport worker started[39m
Run Tests	Run Export Module Tests	2026-02-09T16:07:57.6491600Z  [33m‚ùØ[39m src/export.worker.test.ts [2m ([22m[2m13 tests[22m [2m|[22m [31m6 failed[39m[2m)[22m[90m 102[2mms[22m[39m
Run Tests	Run Export Module Tests	2026-02-09T16:07:57.6498395Z [31m   [33m‚ùØ[31m src/export.worker.test.ts[2m > [22mExportWorker[2m > [22mprocessJob[2m > [22mshould process export job successfully[39m
Run Tests	Run Export Module Tests	2026-02-09T16:07:57.6506054Z [31m     ‚Üí [vitest] No "rm" export is defined on the "fs/promises" mock. Did you forget to return it from "vi.mock"?
Run Tests	Run Export Module Tests	2026-02-09T16:07:57.6510992Z If you need to partially mock a module, you can use "importOriginal" helper inside:
Run Tests	Run Export Module Tests	2026-02-09T16:07:57.6516827Z [39m
Run Tests	Run Export Module Tests	2026-02-09T16:07:57.6519822Z [31m   [33m‚ùØ[31m src/export.worker.test.ts[2m > [22mExportWorker[2m > [22mprocessJob[2m > [22mshould update job progress[39m
Run Tests	Run Export Module Tests	2026-02-09T16:07:57.6525338Z [31m     ‚Üí [vitest] No "rm" export is defined on the "fs/promises" mock. Did you forget to return it from "vi.mock"?
Run Tests	Run Export Module Tests	2026-02-09T16:07:57.6549461Z If you need to partially mock a module, you can use "importOriginal" helper inside:
Run Tests	Run Export Module Tests	2026-02-09T16:07:57.6550233Z [39m
Run Tests	Run Export Module Tests	2026-02-09T16:07:57.6551315Z [31m   [33m‚ùØ[31m src/export.worker.test.ts[2m > [22mExportWorker[2m > [22mprocessJob[2m > [22mshould upload to S3 with correct key[39m
Run Tests	Run Export Module Tests	2026-02-09T16:07:57.6552953Z [31m     ‚Üí [vitest] No "rm" export is defined on the "fs/promises" mock. Did you forget to return it from "vi.mock"?
Run Tests	Run Export Module Tests	2026-02-09T16:07:57.6554305Z If you need to partially mock a module, you can use "importOriginal" helper inside:
Run Tests	Run Export Module Tests	2026-02-09T16:07:57.6555073Z [39m
Run Tests	Run Export Module Tests	2026-02-09T16:07:57.6556171Z [31m   [33m‚ùØ[31m src/export.worker.test.ts[2m > [22mExportWorker[2m > [22mprocessJob[2m > [22mshould generate presigned URL with 24h expiry[39m
Run Tests	Run Export Module Tests	2026-02-09T16:07:57.6557850Z [31m     ‚Üí [vitest] No "rm" export is defined on the "fs/promises" mock. Did you forget to return it from "vi.mock"?
Run Tests	Run Export Module Tests	2026-02-09T16:07:57.6558894Z If you need to partially mock a module, you can use "importOriginal" helper inside:
Run Tests	Run Export Module Tests	2026-02-09T16:07:57.6559614Z [39m
Run Tests	Run Export Module Tests	2026-02-09T16:07:57.6560681Z [31m   [33m‚ùØ[31m src/export.worker.test.ts[2m > [22mExportWorker[2m > [22mprocessJob[2m > [22mshould enforce S2 isolation in S3 key[39m
Run Tests	Run Export Module Tests	2026-02-09T16:07:57.6562252Z [31m     ‚Üí [vitest] No "rm" export is defined on the "fs/promises" mock. Did you forget to return it from "vi.mock"?
Run Tests	Run Export Module Tests	2026-02-09T16:07:57.6563370Z If you need to partially mock a module, you can use "importOriginal" helper inside:
Run Tests	Run Export Module Tests	2026-02-09T16:07:57.6564316Z [39m
Run Tests	Run Export Module Tests	2026-02-09T16:07:57.6565455Z [31m   [33m‚ùØ[31m src/export.worker.test.ts[2m > [22mExportWorker[2m > [22mconfirmDownload[2m > [22mshould delete file after download confirmation[39m
Run Tests	Run Export Module Tests	2026-02-09T16:07:57.6567097Z [31m     ‚Üí [vitest] No "rm" export is defined on the "fs/promises" mock. Did you forget to return it from "vi.mock"?
Run Tests	Run Export Module Tests	2026-02-09T16:07:57.6568186Z If you need to partially mock a module, you can use "importOriginal" helper inside:
Run Tests	Run Export Module Tests	2026-02-09T16:07:57.6568953Z [39m
Run Tests	Run Export Module Tests	2026-02-09T16:07:57.6913737Z [32m[Nest] 2854  - [39m02/09/2026, 4:07:57 PM [32m    LOG[39m [38;5;3m[AnalyticsExportStrategy] [39m[32mStarting analytics export for tenant: tenant-123[39m
Run Tests	Run Export Module Tests	2026-02-09T16:07:57.6961430Z [32m[Nest] 2854  - [39m02/09/2026, 4:07:57 PM [32m    LOG[39m [38;5;3m[AnalyticsExportStrategy] [39m[32mAnalytics export completed: /tmp/export-tenant-123-1770653277690.tar.gz[39m
Run Tests	Run Export Module Tests	2026-02-09T16:07:57.7014323Z [32m[Nest] 2854  - [39m02/09/2026, 4:07:57 PM [32m    LOG[39m [38;5;3m[AnalyticsExportStrategy] [39m[32mStarting analytics export for tenant: tenant-123[39m
Run Tests	Run Export Module Tests	2026-02-09T16:07:57.7023986Z [32m[Nest] 2854  - [39m02/09/2026, 4:07:57 PM [32m    LOG[39m [38;5;3m[AnalyticsExportStrategy] [39m[32mAnalytics export completed: /tmp/export-tenant-123-1770653277700.tar.gz[39m
Run Tests	Run Export Module Tests	2026-02-09T16:07:57.7034865Z [32m[Nest] 2854  - [39m02/09/2026, 4:07:57 PM [32m    LOG[39m [38;5;3m[AnalyticsExportStrategy] [39m[32mStarting analytics export for tenant: tenant-456[39m
Run Tests	Run Export Module Tests	2026-02-09T16:07:57.7037107Z [32m[Nest] 2854  - [39m02/09/2026, 4:07:57 PM [32m    LOG[39m [38;5;3m[AnalyticsExportStrategy] [39m[32mAnalytics export completed: /tmp/export-tenant-456-1770653277701.tar.gz[39m
Run Tests	Run Export Module Tests	2026-02-09T16:07:57.7039275Z [32m[Nest] 2854  - [39m02/09/2026, 4:07:57 PM [32m    LOG[39m [38;5;3m[AnalyticsExportStrategy] [39m[32mStarting analytics export for tenant: tenant-123[39m
Run Tests	Run Export Module Tests	2026-02-09T16:07:57.7065226Z [32m[Nest] 2854  - [39m02/09/2026, 4:07:57 PM [32m    LOG[39m [38;5;3m[AnalyticsExportStrategy] [39m[32mAnalytics export completed: /tmp/export-tenant-123-1770653277702.tar.gz[39m
Run Tests	Run Export Module Tests	2026-02-09T16:07:57.7067789Z [32m[Nest] 2854  - [39m02/09/2026, 4:07:57 PM [32m    LOG[39m [38;5;3m[AnalyticsExportStrategy] [39m[32mStarting analytics export for tenant: tenant-123[39m
Run Tests	Run Export Module Tests	2026-02-09T16:07:57.7105461Z [32m[Nest] 2854  - [39m02/09/2026, 4:07:57 PM [32m    LOG[39m [38;5;3m[AnalyticsExportStrategy] [39m[32mAnalytics export completed: /tmp/export-tenant-123-1770653277703.tar.gz[39m
Run Tests	Run Export Module Tests	2026-02-09T16:07:57.7108389Z [32m[Nest] 2854  - [39m02/09/2026, 4:07:57 PM [32m    LOG[39m [38;5;3m[AnalyticsExportStrategy] [39m[32mStarting analytics export for tenant: tenant-123[39m
Run Tests	Run Export Module Tests	2026-02-09T16:07:57.7110914Z [32m[Nest] 2854  - [39m02/09/2026, 4:07:57 PM [32m    LOG[39m [38;5;3m[AnalyticsExportStrategy] [39m[32mAnalytics export completed: /tmp/export-tenant-123-1770653277704.tar.gz[39m
Run Tests	Run Export Module Tests	2026-02-09T16:07:57.7113649Z [32m[Nest] 2854  - [39m02/09/2026, 4:07:57 PM [32m    LOG[39m [38;5;3m[AnalyticsExportStrategy] [39m[32mStarting analytics export for tenant: tenant-123[39m
Run Tests	Run Export Module Tests	2026-02-09T16:07:57.7115863Z  [32m‚úì[39m src/strategies/analytics-export.strategy.test.ts [2m ([22m[2m12 tests[22m[2m)[22m[90m 35[2mms[22m[39m
Run Tests	Run Export Module Tests	2026-02-09T16:07:57.7118179Z [32m[Nest] 2854  - [39m02/09/2026, 4:07:57 PM [32m    LOG[39m [38;5;3m[AnalyticsExportStrategy] [39m[32mAnalytics export completed: /tmp/export-tenant-123-1770653277705.tar.gz[39m
Run Tests	Run Export Module Tests	2026-02-09T16:07:57.7120652Z [32m[Nest] 2854  - [39m02/09/2026, 4:07:57 PM [32m    LOG[39m [38;5;3m[AnalyticsExportStrategy] [39m[32mStarting analytics export for tenant: tenant-123[39m
Run Tests	Run Export Module Tests	2026-02-09T16:07:57.7122948Z [32m[Nest] 2854  - [39m02/09/2026, 4:07:57 PM [32m    LOG[39m [38;5;3m[AnalyticsExportStrategy] [39m[32mStarting analytics export for tenant: tenant-123[39m
Run Tests	Run Export Module Tests	2026-02-09T16:07:57.7125640Z [32m[Nest] 2854  - [39m02/09/2026, 4:07:57 PM [32m    LOG[39m [38;5;3m[AnalyticsExportStrategy] [39m[32mAnalytics export completed: /tmp/export-tenant-123-1770653277709.tar.gz[39m
Run Tests	Run Export Module Tests	2026-02-09T16:07:57.7735417Z [32m[Nest] 2854  - [39m02/09/2026, 4:07:57 PM [32m    LOG[39m [38;5;3m[LiteExportStrategy] [39m[32mStarting lite export for tenant: tenant-123[39m
Run Tests	Run Export Module Tests	2026-02-09T16:07:57.7793073Z [95m[Nest] 2854  - [39m02/09/2026, 4:07:57 PM [95m  DEBUG[39m [38;5;3m[LiteExportStrategy] [39m[95mExporting table: tenant_tenant-123.users[39m
Run Tests	Run Export Module Tests	2026-02-09T16:07:57.7795750Z [95m[Nest] 2854  - [39m02/09/2026, 4:07:57 PM [95m  DEBUG[39m [38;5;3m[LiteExportStrategy] [39m[95mExporting table: tenant_tenant-123.orders[39m
Run Tests	Run Export Module Tests	2026-02-09T16:07:57.7800801Z [32m[Nest] 2854  - [39m02/09/2026, 4:07:57 PM [32m    LOG[39m [38;5;3m[LiteExportStrategy] [39m[32mLite export completed: /tmp/export-tenant-123-1770653277773.tar.gz[39m
Run Tests	Run Export Module Tests	2026-02-09T16:07:57.7803721Z [32m[Nest] 2854  - [39m02/09/2026, 4:07:57 PM [32m    LOG[39m [38;5;3m[LiteExportStrategy] [39m[32mStarting lite export for tenant: tenant-123[39m
Run Tests	Run Export Module Tests	2026-02-09T16:07:57.7814889Z [95m[Nest] 2854  - [39m02/09/2026, 4:07:57 PM [95m  DEBUG[39m [38;5;3m[LiteExportStrategy] [39m[95mExporting table: tenant_tenant-123.users[39m
Run Tests	Run Export Module Tests	2026-02-09T16:07:57.7816940Z [32m[Nest] 2854  - [39m02/09/2026, 4:07:57 PM [32m    LOG[39m [38;5;3m[LiteExportStrategy] [39m[32mLite export completed: /tmp/export-tenant-123-1770653277777.tar.gz[39m
Run Tests	Run Export Module Tests	2026-02-09T16:07:57.7855333Z [32m[Nest] 2854  - [39m02/09/2026, 4:07:57 PM [32m    LOG[39m [38;5;3m[LiteExportStrategy] [39m[32mStarting lite export for tenant: tenant-123[39m
Run Tests	Run Export Module Tests	2026-02-09T16:07:57.7857746Z [95m[Nest] 2854  - [39m02/09/2026, 4:07:57 PM [95m  DEBUG[39m [38;5;3m[LiteExportStrategy] [39m[95mExporting table: tenant_tenant-123.huge_table[39m
Run Tests	Run Export Module Tests	2026-02-09T16:07:57.7859927Z [32m[Nest] 2854  - [39m02/09/2026, 4:07:57 PM [32m    LOG[39m [38;5;3m[LiteExportStrategy] [39m[32mStarting lite export for tenant: tenant-123[39m
Run Tests	Run Export Module Tests	2026-02-09T16:07:57.7862104Z [32m[Nest] 2854  - [39m02/09/2026, 4:07:57 PM [32m    LOG[39m [38;5;3m[LiteExportStrategy] [39m[32mStarting lite export for tenant: tenant-123[39m
Run Tests	Run Export Module Tests	2026-02-09T16:07:57.7864220Z [95m[Nest] 2854  - [39m02/09/2026, 4:07:57 PM [95m  DEBUG[39m [38;5;3m[LiteExportStrategy] [39m[95mExporting table: tenant_tenant-123.products[39m
Run Tests	Run Export Module Tests	2026-02-09T16:07:57.7866207Z [32m[Nest] 2854  - [39m02/09/2026, 4:07:57 PM [32m    LOG[39m [38;5;3m[LiteExportStrategy] [39m[32mLite export completed: /tmp/export-tenant-123-1770653277783.tar.gz[39m
Run Tests	Run Export Module Tests	2026-02-09T16:07:57.7868397Z [32m[Nest] 2854  - [39m02/09/2026, 4:07:57 PM [32m    LOG[39m [38;5;3m[LiteExportStrategy] [39m[32mStarting lite export for tenant: tenant-123[39m
Run Tests	Run Export Module Tests	2026-02-09T16:07:57.7870223Z [95m[Nest] 2854  - [39m02/09/2026, 4:07:57 PM [95m  DEBUG[39m [38;5;3m[LiteExportStrategy] [39m[95mExporting table: tenant_tenant-123.empty_table[39m
Run Tests	Run Export Module Tests	2026-02-09T16:07:57.7904782Z [32m[Nest] 2854  - [39m02/09/2026, 4:07:57 PM [32m    LOG[39m [38;5;3m[LiteExportStrategy] [39m[32mLite export completed: /tmp/export-tenant-123-1770653277785.tar.gz[39m
Run Tests	Run Export Module Tests	2026-02-09T16:07:57.7906967Z [32m[Nest] 2854  - [39m02/09/2026, 4:07:57 PM [32m    LOG[39m [38;5;3m[LiteExportStrategy] [39m[32mStarting lite export for tenant: tenant-123[39m
Run Tests	Run Export Module Tests	2026-02-09T16:07:57.7908945Z [32m[Nest] 2854  - [39m02/09/2026, 4:07:57 PM [32m    LOG[39m [38;5;3m[LiteExportStrategy] [39m[32mLite export completed: /tmp/export-tenant-123-1770653277786.tar.gz[39m
Run Tests	Run Export Module Tests	2026-02-09T16:07:57.7910948Z [32m[Nest] 2854  - [39m02/09/2026, 4:07:57 PM [32m    LOG[39m [38;5;3m[LiteExportStrategy] [39m[32mStarting lite export for tenant: tenant-123[39m
Run Tests	Run Export Module Tests	2026-02-09T16:07:57.7912848Z [32m[Nest] 2854  - [39m02/09/2026, 4:07:57 PM [32m    LOG[39m [38;5;3m[LiteExportStrategy] [39m[32mLite export completed: /tmp/export-tenant-123-1770653277788.tar.gz[39m
Run Tests	Run Export Module Tests	2026-02-09T16:07:57.7914879Z [32m[Nest] 2854  - [39m02/09/2026, 4:07:57 PM [32m    LOG[39m [38;5;3m[LiteExportStrategy] [39m[32mStarting lite export for tenant: tenant-123[39m
Run Tests	Run Export Module Tests	2026-02-09T16:07:57.7922276Z [32m[Nest] 2854  - [39m02/09/2026, 4:07:57 PM [32m    LOG[39m [38;5;3m[LiteExportStrategy] [39m[32mLite export completed: /tmp/export-tenant-123-1770653277789.tar.gz[39m
Run Tests	Run Export Module Tests	2026-02-09T16:07:57.7924434Z  [33m‚ùØ[39m src/strategies/lite-export.strategy.test.ts [2m ([22m[2m12 tests[22m [2m|[22m [31m3 failed[39m[2m)[22m[90m 58[2mms[22m[39m
Run Tests	Run Export Module Tests	2026-02-09T16:07:57.7926280Z [31m   [33m‚ùØ[31m src/strategies/lite-export.strategy.test.ts[2m > [22mLiteExportStrategy[2m > [22mvalidate[2m > [22mshould validate existing tenant[39m
Run Tests	Run Export Module Tests	2026-02-09T16:07:57.7927618Z [31m     ‚Üí Cannot read properties of undefined (reading 'exists')[39m
Run Tests	Run Export Module Tests	2026-02-09T16:07:57.7929040Z [31m   [33m‚ùØ[31m src/strategies/lite-export.strategy.test.ts[2m > [22mLiteExportStrategy[2m > [22mvalidate[2m > [22mshould reject non-existent tenant[39m
Run Tests	Run Export Module Tests	2026-02-09T16:07:57.7930508Z [31m     ‚Üí Cannot read properties of undefined (reading 'exists')[39m
Run Tests	Run Export Module Tests	2026-02-09T16:07:57.7932032Z [31m   [33m‚ùØ[31m src/strategies/lite-export.strategy.test.ts[2m > [22mLiteExportStrategy[2m > [22mvalidate[2m > [22mshould release connection on error[39m
Run Tests	Run Export Module Tests	2026-02-09T16:07:57.7934051Z [31m     ‚Üí expected [Function] to throw error including 'DB error' but got 'Cannot read properties of undefined (‚Ä¶'[39m
Run Tests	Run Export Module Tests	2026-02-09T16:07:58.2437679Z [32m[Nest] 2854  - [39m02/09/2026, 4:07:58 PM [32m    LOG[39m [38;5;3m[NativeExportStrategy] [39m[32mStarting native export for tenant: tenant-123[39m
Run Tests	Run Export Module Tests	2026-02-09T16:07:58.2490533Z [32m[Nest] 2854  - [39m02/09/2026, 4:07:58 PM [32m    LOG[39m [38;5;3m[NativeExportStrategy] [39m[32mNative export completed: /tmp/export-tenant-123-1770653278242.dump[39m
Run Tests	Run Export Module Tests	2026-02-09T16:07:58.2497822Z [32m[Nest] 2854  - [39m02/09/2026, 4:07:58 PM [32m    LOG[39m [38;5;3m[NativeExportStrategy] [39m[32mStarting native export for tenant: tenant-456[39m
Run Tests	Run Export Module Tests	2026-02-09T16:07:58.2777384Z [32m[Nest] 2854  - [39m02/09/2026, 4:07:58 PM [32m    LOG[39m [38;5;3m[NativeExportStrategy] [39m[32mNative export completed: /tmp/export-tenant-456-1770653278249.dump[39m
Run Tests	Run Export Module Tests	2026-02-09T16:07:58.2780375Z [32m[Nest] 2854  - [39m02/09/2026, 4:07:58 PM [32m    LOG[39m [38;5;3m[NativeExportStrategy] [39m[32mStarting native export for tenant: tenant-123[39m
Run Tests	Run Export Module Tests	2026-02-09T16:07:58.2782487Z [32m[Nest] 2854  - [39m02/09/2026, 4:07:58 PM [32m    LOG[39m [38;5;3m[NativeExportStrategy] [39m[32mStarting native export for tenant: tenant-123[39m
Run Tests	Run Export Module Tests	2026-02-09T16:07:58.2794674Z [32m[Nest] 2854  - [39m02/09/2026, 4:07:58 PM [32m    LOG[39m [38;5;3m[NativeExportStrategy] [39m[32mNative export completed: /tmp/export-tenant-123-1770653278276.dump[39m
Run Tests	Run Export Module Tests	2026-02-09T16:07:58.2796685Z [32m[Nest] 2854  - [39m02/09/2026, 4:07:58 PM [32m    LOG[39m [38;5;3m[NativeExportStrategy] [39m[32mStarting native export for tenant: tenant-123[39m
Run Tests	Run Export Module Tests	2026-02-09T16:07:58.2806379Z [32m[Nest] 2854  - [39m02/09/2026, 4:07:58 PM [32m    LOG[39m [38;5;3m[NativeExportStrategy] [39m[32mNative export completed: /tmp/export-tenant-123-1770653278278.dump[39m
Run Tests	Run Export Module Tests	2026-02-09T16:07:58.2812251Z [32m[Nest] 2854  - [39m02/09/2026, 4:07:58 PM [32m    LOG[39m [38;5;3m[NativeExportStrategy] [39m[32mStarting native export for tenant: tenant-123[39m
Run Tests	Run Export Module Tests	2026-02-09T16:07:58.2818658Z [32m[Nest] 2854  - [39m02/09/2026, 4:07:58 PM [32m    LOG[39m [38;5;3m[NativeExportStrategy] [39m[32mNative export completed: /tmp/export-tenant-123-1770653278279.dump[39m
Run Tests	Run Export Module Tests	2026-02-09T16:07:58.2825081Z  [32m‚úì[39m src/strategies/native-export.strategy.test.ts [2m ([22m[2m7 tests[22m[2m)[22m[90m 49[2mms[22m[39m
Run Tests	Run Export Module Tests	2026-02-09T16:07:58.3220499Z  [32m‚úì[39m src/export-strategy.factory.test.ts [2m ([22m[2m7 tests[22m[2m)[22m[90m 18[2mms[22m[39m
Run Tests	Run Export Module Tests	2026-02-09T16:07:58.3401437Z 
Run Tests	Run Export Module Tests	2026-02-09T16:07:58.3411744Z [31m‚éØ‚éØ‚éØ‚éØ‚éØ‚éØ[1m[7m Failed Tests 12 [27m[22m‚éØ‚éØ‚éØ‚éØ‚éØ‚éØ‚éØ[39m
Run Tests	Run Export Module Tests	2026-02-09T16:07:58.3418466Z 
Run Tests	Run Export Module Tests	2026-02-09T16:07:58.3419906Z [31m[1m[7m FAIL [27m[22m[39m src/export.service.test.ts[2m > [22mExportService Tests[2m > [22mExportService[2m > [22mS14.3: Export Validation[2m > [22mshould accept native profile for valid tenant
Run Tests	Run Export Module Tests	2026-02-09T16:07:58.3421664Z [31m[1mError[22m: Invalid export options for profile: native[39m
Run Tests	Run Export Module Tests	2026-02-09T16:07:58.3422700Z [36m [2m‚ùØ[22m ExportService.createExportJob src/export.service.ts:[2m58:13[22m[39m
Run Tests	Run Export Module Tests	2026-02-09T16:07:58.3649666Z     [90m 56| [39m    [35mconst[39m isValid [33m=[39m [35mawait[39m [35mthis[39m[33m.[39mstrategyFactory[33m.[39m[34mvalidateOptions[39m(options‚Ä¶
Run Tests	Run Export Module Tests	2026-02-09T16:07:58.3651139Z 
Run Tests	Run Export Module Tests	2026-02-09T16:07:58.3651698Z     [90m 57| [39m    [35mif[39m ([33m![39misValid) {
Run Tests	Run Export Module Tests	2026-02-09T16:07:58.3682796Z ##[error]Error: Invalid export options for profile: native
Run Tests	Run Export Module Tests	 ‚ùØ ExportService.createExportJob src/export.service.ts:58:13
Run Tests	Run Export Module Tests	 ‚ùØ src/export.service.test.ts:224:24
Run Tests	Run Export Module Tests	
Run Tests	Run Export Module Tests	
Run Tests	Run Export Module Tests	2026-02-09T16:07:58.3715686Z     [90m 58| [39m      [35mthrow[39m [35mnew[39m [33mError[39m([32m`Invalid export options for profile: [39m[36m${[39moptions[33m.[39mp‚Ä¶
Run Tests	Run Export Module Tests	2026-02-09T16:07:58.3717169Z     [90m   | [39m            [31m^[39m
Run Tests	Run Export Module Tests	2026-02-09T16:07:58.3717487Z 
Run Tests	Run Export Module Tests	2026-02-09T16:07:58.3717888Z     [90m 59| [39m    }
Run Tests	Run Export Module Tests	2026-02-09T16:07:58.3720019Z ##[error]AssertionError: expected { ‚Ä¶(9) } to be null
Run Tests	Run Export Module Tests	 ‚ùØ src/export.service.test.ts:261:24
Run Tests	Run Export Module Tests	
Run Tests	Run Export Module Tests	
Run Tests	Run Export Module Tests	2026-02-09T16:07:58.3721836Z     [90m 60| [39m
Run Tests	Run Export Module Tests	2026-02-09T16:07:58.3722515Z [90m [2m‚ùØ[22m src/export.service.test.ts:[2m224:24[22m[39m
Run Tests	Run Export Module Tests	2026-02-09T16:07:58.3723025Z 
Run Tests	Run Export Module Tests	2026-02-09T16:07:58.3723675Z [31m[2m‚éØ‚éØ‚éØ‚éØ‚éØ‚éØ‚éØ‚éØ‚éØ‚éØ‚éØ‚éØ‚éØ‚éØ‚éØ‚éØ‚éØ‚éØ‚éØ‚éØ‚éØ‚éØ‚éØ[1/12]‚éØ[22m[39m
Run Tests	Run Export Module Tests	2026-02-09T16:07:58.3724165Z 
Run Tests	Run Export Module Tests	2026-02-09T16:07:58.3725460Z [31m[1m[7m FAIL [27m[22m[39m src/export.service.test.ts[2m > [22mExportService Tests[2m > [22mExportService[2m > [22mS14.4: Job Management[2m > [22mshould allow cancelling pending jobs
Run Tests	Run Export Module Tests	2026-02-09T16:07:58.3727094Z [31m[1mAssertionError[22m: expected { ‚Ä¶(9) } to be null[39m
Run Tests	Run Export Module Tests	2026-02-09T16:07:58.3727970Z [36m [2m‚ùØ[22m src/export.service.test.ts:[2m261:24[22m[39m
Run Tests	Run Export Module Tests	2026-02-09T16:07:58.3758503Z     [90m259| [39m
Run Tests	Run Export Module Tests	2026-02-09T16:07:58.3759497Z     [90m260| [39m        [35mconst[39m status [33m=[39m [35mawait[39m service[33m.[39m[34mgetJobStatus[39m(job[33m.[39mid)[33m;[39m
Run Tests	Run Export Module Tests	2026-02-09T16:07:58.3760747Z     [90m261| [39m        [34mexpect[39m(status)[33m.[39m[34mtoBeNull[39m()[33m;[39m
Run Tests	Run Export Module Tests	2026-02-09T16:07:58.3761474Z     [90m   | [39m                       [31m^[39m
Run Tests	Run Export Module Tests	2026-02-09T16:07:58.3761966Z     [90m262| [39m      })[33m;[39m
Run Tests	Run Export Module Tests	2026-02-09T16:07:58.3762385Z     [90m263| [39m
Run Tests	Run Export Module Tests	2026-02-09T16:07:58.3762842Z 
Run Tests	Run Export Module Tests	2026-02-09T16:07:58.3765192Z 
Run Tests	Run Export Module Tests	2026-02-09T16:07:58.3768596Z ##[error]TypeError: Cannot read properties of undefined (reading 'count')
Run Tests	Run Export Module Tests	 ‚ùØ LiteExportStrategy.export src/strategies/lite-export.strategy.ts:64:55
Run Tests	Run Export Module Tests	 ‚ùØ src/export.service.test.ts:345:26
Run Tests	Run Export Module Tests	
Run Tests	Run Export Module Tests	
Run Tests	Run Export Module Tests	2026-02-09T16:07:58.3774832Z [31m[2m‚éØ‚éØ‚éØ‚éØ‚éØ‚éØ‚éØ‚éØ‚éØ‚éØ‚éØ‚éØ‚éØ‚éØ‚éØ‚éØ‚éØ‚éØ‚éØ‚éØ‚éØ‚éØ‚éØ[2/12]‚éØ[22m[39m
Run Tests	Run Export Module Tests	2026-02-09T16:07:58.3777123Z 
Run Tests	Run Export Module Tests	2026-02-09T16:07:58.3780382Z [31m[1m[7m FAIL [27m[22m[39m src/export.service.test.ts[2m > [22mExportService Tests[2m > [22mExportService[2m > [22mExport Strategies[2m > [22mLiteExportStrategy[2m > [22mshould generate valid checksum
Run Tests	Run Export Module Tests	2026-02-09T16:07:58.3784439Z [31m[1mTypeError[22m: Cannot read properties of undefined (reading 'count')[39m
Run Tests	Run Export Module Tests	2026-02-09T16:07:58.3787557Z [36m [2m‚ùØ[22m LiteExportStrategy.export src/strategies/lite-export.strategy.ts:[2m64:55[22m[39m
Run Tests	Run Export Module Tests	2026-02-09T16:07:58.3817691Z     [90m 62| [39m          [32m`SELECT COUNT(*) FROM [39m[36m${[39mschemaName[36m}[39m[32m.[39m[36m${[39mtable[36m}[39m[32m`[39m
Run Tests	Run Export Module Tests	2026-02-09T16:07:58.3819764Z 
Run Tests	Run Export Module Tests	2026-02-09T16:07:58.3827280Z ##[error]Error: [vitest] No "rm" export is defined on the "fs/promises" mock. Did you forget to return it from "vi.mock"?
Run Tests	Run Export Module Tests	If you need to partially mock a module, you can use "importOriginal" helper inside:
Run Tests	Run Export Module Tests	
Run Tests	Run Export Module Tests	vi.mock("fs/promises", async (importOriginal) => {
Run Tests	Run Export Module Tests	  const actual = await importOriginal()
Run Tests	Run Export Module Tests	  return {
Run Tests	Run Export Module Tests	    ...actual,
Run Tests	Run Export Module Tests	    // your mocked methods
Run Tests	Run Export Module Tests	  }
Run Tests	Run Export Module Tests	})
Run Tests	Run Export Module Tests	
Run Tests	Run Export Module Tests	 ‚ùØ ExportWorker.processJob src/export.worker.ts:227:15
Run Tests	Run Export Module Tests	 ‚ùØ src/export.worker.test.ts:114:22
Run Tests	Run Export Module Tests	
Run Tests	Run Export Module Tests	
Run Tests	Run Export Module Tests	2026-02-09T16:07:58.3854308Z     [90m 63| [39m        )[33m;[39m
Run Tests	Run Export Module Tests	2026-02-09T16:07:58.3854636Z 
Run Tests	Run Export Module Tests	2026-02-09T16:07:58.3856166Z     [90m 64| [39m        [35mconst[39m rowCount [33m=[39m [34mparseInt[39m(countResult[33m.[39mrows[[34m0[39m][33m.[39mcount)[33m;[39m
Run Tests	Run Export Module Tests	2026-02-09T16:07:58.3862913Z ##[error]Error: [vitest] No "rm" export is defined on the "fs/promises" mock. Did you forget to return it from "vi.mock"?
Run Tests	Run Export Module Tests	If you need to partially mock a module, you can use "importOriginal" helper inside:
Run Tests	Run Export Module Tests	
Run Tests	Run Export Module Tests	vi.mock("fs/promises", async (importOriginal) => {
Run Tests	Run Export Module Tests	  const actual = await importOriginal()
Run Tests	Run Export Module Tests	  return {
Run Tests	Run Export Module Tests	    ...actual,
Run Tests	Run Export Module Tests	    // your mocked methods
Run Tests	Run Export Module Tests	  }
Run Tests	Run Export Module Tests	})
Run Tests	Run Export Module Tests	
Run Tests	Run Export Module Tests	 ‚ùØ ExportWorker.processJob src/export.worker.ts:227:15
Run Tests	Run Export Module Tests	 ‚ùØ src/export.worker.test.ts:144:7
Run Tests	Run Export Module Tests	
Run Tests	Run Export Module Tests	
Run Tests	Run Export Module Tests	2026-02-09T16:07:58.3867128Z     [90m   | [39m                                                      [31m^[39m
Run Tests	Run Export Module Tests	2026-02-09T16:07:58.3867794Z     [90m 65| [39m
Run Tests	Run Export Module Tests	2026-02-09T16:07:58.3868710Z     [90m 66| [39m        [35mif[39m (rowCount [33m>[39m [35mthis[39m[33m.[39m[33mMAX_ROWS_PER_TABLE[39m) {
Run Tests	Run Export Module Tests	2026-02-09T16:07:58.3869898Z [90m [2m‚ùØ[22m src/export.service.test.ts:[2m345:26[22m[39m
Run Tests	Run Export Module Tests	2026-02-09T16:07:58.3870474Z 
Run Tests	Run Export Module Tests	2026-02-09T16:07:58.3870927Z [31m[2m‚éØ‚éØ‚éØ‚éØ‚éØ‚éØ‚éØ‚éØ‚éØ‚éØ‚éØ‚éØ‚éØ‚éØ‚éØ‚éØ‚éØ‚éØ‚éØ‚éØ‚éØ‚éØ‚éØ[3/12]‚éØ[22m[39m
Run Tests	Run Export Module Tests	2026-02-09T16:07:58.3871460Z 
Run Tests	Run Export Module Tests	2026-02-09T16:07:58.3872552Z [31m[1m[7m FAIL [27m[22m[39m src/export.worker.test.ts[2m > [22mExportWorker[2m > [22mprocessJob[2m > [22mshould process export job successfully
Run Tests	Run Export Module Tests	2026-02-09T16:07:58.3874653Z [31m[1mError[22m: [vitest] No "rm" export is defined on the "fs/promises" mock. Did you forget to return it from "vi.mock"?
Run Tests	Run Export Module Tests	2026-02-09T16:07:58.3875968Z If you need to partially mock a module, you can use "importOriginal" helper inside:
Run Tests	Run Export Module Tests	2026-02-09T16:07:58.3876854Z [39m
Run Tests	Run Export Module Tests	2026-02-09T16:07:58.3877371Z vi.mock("fs/promises", async (importOriginal) => {
Run Tests	Run Export Module Tests	2026-02-09T16:07:58.3878048Z   const actual = await importOriginal()
Run Tests	Run Export Module Tests	2026-02-09T16:07:58.3878605Z   return {
Run Tests	Run Export Module Tests	2026-02-09T16:07:58.3879482Z     ...actual,
Run Tests	Run Export Module Tests	2026-02-09T16:07:58.3879935Z     // your mocked methods
Run Tests	Run Export Module Tests	2026-02-09T16:07:58.3880412Z   }
Run Tests	Run Export Module Tests	2026-02-09T16:07:58.3880800Z })
Run Tests	Run Export Module Tests	2026-02-09T16:07:58.3881092Z 
Run Tests	Run Export Module Tests	2026-02-09T16:07:58.3881740Z [36m [2m‚ùØ[22m ExportWorker.processJob src/export.worker.ts:[2m227:15[22m[39m
Run Tests	Run Export Module Tests	2026-02-09T16:07:58.3909773Z     [90m225| [39m      [90m// Cleanup on failure (S14.8: Native Node.js cleanup)[39m
Run Tests	Run Export Module Tests	2026-02-09T16:07:58.3933666Z 
Run Tests	Run Export Module Tests	2026-02-09T16:07:58.3939954Z ##[error]Error: [vitest] No "rm" export is defined on the "fs/promises" mock. Did you forget to return it from "vi.mock"?
Run Tests	Run Export Module Tests	If you need to partially mock a module, you can use "importOriginal" helper inside:
Run Tests	Run Export Module Tests	
Run Tests	Run Export Module Tests	vi.mock("fs/promises", async (importOriginal) => {
Run Tests	Run Export Module Tests	  const actual = await importOriginal()
Run Tests	Run Export Module Tests	  return {
Run Tests	Run Export Module Tests	    ...actual,
Run Tests	Run Export Module Tests	    // your mocked methods
Run Tests	Run Export Module Tests	  }
Run Tests	Run Export Module Tests	})
Run Tests	Run Export Module Tests	
Run Tests	Run Export Module Tests	 ‚ùØ ExportWorker.processJob src/export.worker.ts:227:15
Run Tests	Run Export Module Tests	 ‚ùØ src/export.worker.test.ts:165:7
Run Tests	Run Export Module Tests	
Run Tests	Run Export Module Tests	
Run Tests	Run Export Module Tests	2026-02-09T16:07:58.3944535Z     [90m226| [39m      [35mif[39m (localFilePath) {
Run Tests	Run Export Module Tests	2026-02-09T16:07:58.3946090Z     [90m227| [39m        [35mawait[39m [34mrm[39m(localFilePath[33m,[39m { force[33m:[39m [35mtrue[39m })[33m.[39m[35mcatch[39m(() [33m=>[39m {})[33m;[39m
Run Tests	Run Export Module Tests	2026-02-09T16:07:58.3946980Z 
Run Tests	Run Export Module Tests	2026-02-09T16:07:58.3947390Z     [90m   | [39m              [31m^[39m
Run Tests	Run Export Module Tests	2026-02-09T16:07:58.3953597Z ##[error]Error: [vitest] No "rm" export is defined on the "fs/promises" mock. Did you forget to return it from "vi.mock"?
Run Tests	Run Export Module Tests	If you need to partially mock a module, you can use "importOriginal" helper inside:
Run Tests	Run Export Module Tests	
Run Tests	Run Export Module Tests	vi.mock("fs/promises", async (importOriginal) => {
Run Tests	Run Export Module Tests	  const actual = await importOriginal()
Run Tests	Run Export Module Tests	  return {
Run Tests	Run Export Module Tests	    ...actual,
Run Tests	Run Export Module Tests	    // your mocked methods
Run Tests	Run Export Module Tests	  }
Run Tests	Run Export Module Tests	})
Run Tests	Run Export Module Tests	
Run Tests	Run Export Module Tests	 ‚ùØ ExportWorker.processJob src/export.worker.ts:227:15
Run Tests	Run Export Module Tests	 ‚ùØ src/export.worker.test.ts:188:7
Run Tests	Run Export Module Tests	
Run Tests	Run Export Module Tests	
Run Tests	Run Export Module Tests	2026-02-09T16:07:58.3958163Z     [90m228| [39m        [35mthis[39m[33m.[39mlogger[33m.[39m[34mlog[39m([32m`Cleaned up failed export file: [39m[36m${[39mlocalFilePat‚Ä¶
Run Tests	Run Export Module Tests	2026-02-09T16:07:58.3959315Z     [90m229| [39m      }
Run Tests	Run Export Module Tests	2026-02-09T16:07:58.3960169Z [90m [2m‚ùØ[22m src/export.worker.test.ts:[2m114:22[22m[39m
Run Tests	Run Export Module Tests	2026-02-09T16:07:58.3960728Z 
Run Tests	Run Export Module Tests	2026-02-09T16:07:58.3961169Z [31m[2m‚éØ‚éØ‚éØ‚éØ‚éØ‚éØ‚éØ‚éØ‚éØ‚éØ‚éØ‚éØ‚éØ‚éØ‚éØ‚éØ‚éØ‚éØ‚éØ‚éØ‚éØ‚éØ‚éØ[4/12]‚éØ[22m[39m
Run Tests	Run Export Module Tests	2026-02-09T16:07:58.3961637Z 
Run Tests	Run Export Module Tests	2026-02-09T16:07:58.3962578Z [31m[1m[7m FAIL [27m[22m[39m src/export.worker.test.ts[2m > [22mExportWorker[2m > [22mprocessJob[2m > [22mshould update job progress
Run Tests	Run Export Module Tests	2026-02-09T16:07:58.3964414Z [31m[1mError[22m: [vitest] No "rm" export is defined on the "fs/promises" mock. Did you forget to return it from "vi.mock"?
Run Tests	Run Export Module Tests	2026-02-09T16:07:58.3965621Z If you need to partially mock a module, you can use "importOriginal" helper inside:
Run Tests	Run Export Module Tests	2026-02-09T16:07:58.3966449Z [39m
Run Tests	Run Export Module Tests	2026-02-09T16:07:58.3966934Z vi.mock("fs/promises", async (importOriginal) => {
Run Tests	Run Export Module Tests	2026-02-09T16:07:58.3968656Z 
Run Tests	Run Export Module Tests	2026-02-09T16:07:58.3974523Z ##[error]Error: [vitest] No "rm" export is defined on the "fs/promises" mock. Did you forget to return it from "vi.mock"?
Run Tests	Run Export Module Tests	If you need to partially mock a module, you can use "importOriginal" helper inside:
Run Tests	Run Export Module Tests	
Run Tests	Run Export Module Tests	vi.mock("fs/promises", async (importOriginal) => {
Run Tests	Run Export Module Tests	  const actual = await importOriginal()
Run Tests	Run Export Module Tests	  return {
Run Tests	Run Export Module Tests	    ...actual,
Run Tests	Run Export Module Tests	    // your mocked methods
Run Tests	Run Export Module Tests	  }
Run Tests	Run Export Module Tests	})
Run Tests	Run Export Module Tests	
Run Tests	Run Export Module Tests	 ‚ùØ ExportWorker.processJob src/export.worker.ts:227:15
Run Tests	Run Export Module Tests	 ‚ùØ src/export.worker.test.ts:240:7
Run Tests	Run Export Module Tests	
Run Tests	Run Export Module Tests	
Run Tests	Run Export Module Tests	2026-02-09T16:07:58.3978493Z   const actual = await importOriginal()
Run Tests	Run Export Module Tests	2026-02-09T16:07:58.3978904Z   return {
Run Tests	Run Export Module Tests	2026-02-09T16:07:58.3979157Z     ...actual,
Run Tests	Run Export Module Tests	2026-02-09T16:07:58.3979414Z     // your mocked methods
Run Tests	Run Export Module Tests	2026-02-09T16:07:58.3979610Z   }
Run Tests	Run Export Module Tests	2026-02-09T16:07:58.3979752Z })
Run Tests	Run Export Module Tests	2026-02-09T16:07:58.3979853Z 
Run Tests	Run Export Module Tests	2026-02-09T16:07:58.3980184Z [36m [2m‚ùØ[22m ExportWorker.processJob src/export.worker.ts:[2m227:15[22m[39m
Run Tests	Run Export Module Tests	2026-02-09T16:07:58.3980738Z     [90m225| [39m      [90m// Cleanup on failure (S14.8: Native Node.js cleanup)[39m
Run Tests	Run Export Module Tests	2026-02-09T16:07:58.3981177Z     [90m226| [39m      [35mif[39m (localFilePath) {
Run Tests	Run Export Module Tests	2026-02-09T16:07:58.3981868Z     [90m227| [39m        [35mawait[39m [34mrm[39m(localFilePath[33m,[39m { force[33m:[39m [35mtrue[39m })[33m.[39m[35mcatch[39m(() [33m=>[39m {})[33m;[39m
Run Tests	Run Export Module Tests	2026-02-09T16:07:58.3982706Z     [90m   | [39m              [31m^[39m
Run Tests	Run Export Module Tests	2026-02-09T16:07:58.3983318Z     [90m228| [39m        [35mthis[39m[33m.[39mlogger[33m.[39m[34mlog[39m([32m`Cleaned up failed export file: [39m[36m${[39mlocalFilePat‚Ä¶
Run Tests	Run Export Module Tests	2026-02-09T16:07:58.3984013Z     [90m229| [39m      }
Run Tests	Run Export Module Tests	2026-02-09T16:07:58.3984330Z [90m [2m‚ùØ[22m src/export.worker.test.ts:[2m144:7[22m[39m
Run Tests	Run Export Module Tests	2026-02-09T16:07:58.3984546Z 
Run Tests	Run Export Module Tests	2026-02-09T16:07:58.3984707Z [31m[2m‚éØ‚éØ‚éØ‚éØ‚éØ‚éØ‚éØ‚éØ‚éØ‚éØ‚éØ‚éØ‚éØ‚éØ‚éØ‚éØ‚éØ‚éØ‚éØ‚éØ‚éØ‚éØ‚éØ[5/12]‚éØ[22m[39m
Run Tests	Run Export Module Tests	2026-02-09T16:07:58.3985022Z 
Run Tests	Run Export Module Tests	2026-02-09T16:07:58.3985511Z [31m[1m[7m FAIL [27m[22m[39m src/export.worker.test.ts[2m > [22mExportWorker[2m > [22mprocessJob[2m > [22mshould upload to S3 with correct key
Run Tests	Run Export Module Tests	2026-02-09T16:07:58.3986391Z [31m[1mError[22m: [vitest] No "rm" export is defined on the "fs/promises" mock. Did you forget to return it from "vi.mock"?
Run Tests	Run Export Module Tests	2026-02-09T16:07:58.3986998Z If you need to partially mock a module, you can use "importOriginal" helper inside:
Run Tests	Run Export Module Tests	2026-02-09T16:07:58.3987385Z [39m
Run Tests	Run Export Module Tests	2026-02-09T16:07:58.3987595Z vi.mock("fs/promises", async (importOriginal) => {
Run Tests	Run Export Module Tests	2026-02-09T16:07:58.3987883Z   const actual = await importOriginal()
Run Tests	Run Export Module Tests	2026-02-09T16:07:58.3988117Z   return {
Run Tests	Run Export Module Tests	2026-02-09T16:07:58.3988267Z     ...actual,
Run Tests	Run Export Module Tests	2026-02-09T16:07:58.3988443Z     // your mocked methods
Run Tests	Run Export Module Tests	2026-02-09T16:07:58.3988630Z   }
Run Tests	Run Export Module Tests	2026-02-09T16:07:58.3988777Z })
Run Tests	Run Export Module Tests	2026-02-09T16:07:58.3988858Z 
Run Tests	Run Export Module Tests	2026-02-09T16:07:58.3989120Z [36m [2m‚ùØ[22m ExportWorker.processJob src/export.worker.ts:[2m227:15[22m[39m
Run Tests	Run Export Module Tests	2026-02-09T16:07:58.4059040Z 
Run Tests	Run Export Module Tests	2026-02-09T16:07:58.4066445Z ##[error]Error: [vitest] No "rm" export is defined on the "fs/promises" mock. Did you forget to return it from "vi.mock"?
Run Tests	Run Export Module Tests	If you need to partially mock a module, you can use "importOriginal" helper inside:
Run Tests	Run Export Module Tests	
Run Tests	Run Export Module Tests	vi.mock("fs/promises", async (importOriginal) => {
Run Tests	Run Export Module Tests	  const actual = await importOriginal()
Run Tests	Run Export Module Tests	  return {
Run Tests	Run Export Module Tests	    ...actual,
Run Tests	Run Export Module Tests	    // your mocked methods
Run Tests	Run Export Module Tests	  }
Run Tests	Run Export Module Tests	})
Run Tests	Run Export Module Tests	
Run Tests	Run Export Module Tests	 ‚ùØ ExportWorker.processJob src/export.worker.ts:227:15
Run Tests	Run Export Module Tests	 ‚ùØ src/export.worker.test.ts:317:7
Run Tests	Run Export Module Tests	
Run Tests	Run Export Module Tests	
Run Tests	Run Export Module Tests	2026-02-09T16:07:58.4074376Z     [90m225| [39m      [90m// Cleanup on failure (S14.8: Native Node.js cleanup)[39m
Run Tests	Run Export Module Tests	2026-02-09T16:07:58.4075284Z     [90m226| [39m      [35mif[39m (localFilePath) {
Run Tests	Run Export Module Tests	2026-02-09T16:07:58.4077136Z     [90m227| [39m        [35mawait[39m [34mrm[39m(localFilePath[33m,[39m { force[33m:[39m [35mtrue[39m })[33m.[39m[35mcatch[39m(() [33m=>[39m {})[33m;[39m
Run Tests	Run Export Module Tests	2026-02-09T16:07:58.4078578Z     [90m   | [39m              [31m^[39m
Run Tests	Run Export Module Tests	2026-02-09T16:07:58.4080683Z     [90m228| [39m        [35mthis[39m[33m.[39mlogger[33m.[39m[34mlog[39m([32m`Cleaned up failed export file: [39m[36m${[39mlocalFilePat‚Ä¶
Run Tests	Run Export Module Tests	2026-02-09T16:07:58.4081722Z     [90m229| [39m      }
Run Tests	Run Export Module Tests	2026-02-09T16:07:58.4082305Z [90m [2m‚ùØ[22m src/export.worker.test.ts:[2m165:7[22m[39m
Run Tests	Run Export Module Tests	2026-02-09T16:07:58.4082725Z 
Run Tests	Run Export Module Tests	2026-02-09T16:07:58.4083004Z [31m[2m‚éØ‚éØ‚éØ‚éØ‚éØ‚éØ‚éØ‚éØ‚éØ‚éØ‚éØ‚éØ‚éØ‚éØ‚éØ‚éØ‚éØ‚éØ‚éØ‚éØ‚éØ‚éØ‚éØ[6/12]‚éØ[22m[39m
Run Tests	Run Export Module Tests	2026-02-09T16:07:58.4083326Z 
Run Tests	Run Export Module Tests	2026-02-09T16:07:58.4084518Z [31m[1m[7m FAIL [27m[22m[39m src/export.worker.test.ts[2m > [22mExportWorker[2m > [22mprocessJob[2m > [22mshould generate presigned URL with 24h expiry
Run Tests	Run Export Module Tests	2026-02-09T16:07:58.4086553Z [31m[1mError[22m: [vitest] No "rm" export is defined on the "fs/promises" mock. Did you forget to return it from "vi.mock"?
Run Tests	Run Export Module Tests	2026-02-09T16:07:58.4087664Z If you need to partially mock a module, you can use "importOriginal" helper inside:
Run Tests	Run Export Module Tests	2026-02-09T16:07:58.4088361Z [39m
Run Tests	Run Export Module Tests	2026-02-09T16:07:58.4088723Z vi.mock("fs/promises", async (importOriginal) => {
Run Tests	Run Export Module Tests	2026-02-09T16:07:58.4102140Z   const actual = await importOriginal()
Run Tests	Run Export Module Tests	2026-02-09T16:07:58.4102558Z   return {
Run Tests	Run Export Module Tests	2026-02-09T16:07:58.4102826Z     ...actual,
Run Tests	Run Export Module Tests	2026-02-09T16:07:58.4103110Z     // your mocked methods
Run Tests	Run Export Module Tests	2026-02-09T16:07:58.4103595Z   }
Run Tests	Run Export Module Tests	2026-02-09T16:07:58.4103837Z })
Run Tests	Run Export Module Tests	2026-02-09T16:07:58.4103984Z 
Run Tests	Run Export Module Tests	2026-02-09T16:07:58.4104529Z [36m [2m‚ùØ[22m ExportWorker.processJob src/export.worker.ts:[2m227:15[22m[39m
Run Tests	Run Export Module Tests	2026-02-09T16:07:58.4105534Z     [90m225| [39m      [90m// Cleanup on failure (S14.8: Native Node.js cleanup)[39m
Run Tests	Run Export Module Tests	2026-02-09T16:07:58.4106336Z     [90m226| [39m      [35mif[39m (localFilePath) {
Run Tests	Run Export Module Tests	2026-02-09T16:07:58.4107603Z     [90m227| [39m        [35mawait[39m [34mrm[39m(localFilePath[33m,[39m { force[33m:[39m [35mtrue[39m })[33m.[39m[35mcatch[39m(() [33m=>[39m {})[33m;[39m
Run Tests	Run Export Module Tests	2026-02-09T16:07:58.4108696Z     [90m   | [39m              [31m^[39m
Run Tests	Run Export Module Tests	2026-02-09T16:07:58.4109842Z     [90m228| [39m        [35mthis[39m[33m.[39mlogger[33m.[39m[34mlog[39m([32m`Cleaned up failed export file: [39m[36m${[39mlocalFilePat‚Ä¶
Run Tests	Run Export Module Tests	2026-02-09T16:07:58.4110828Z     [90m229| [39m      }
Run Tests	Run Export Module Tests	2026-02-09T16:07:58.4111362Z [90m [2m‚ùØ[22m src/export.worker.test.ts:[2m188:7[22m[39m
Run Tests	Run Export Module Tests	2026-02-09T16:07:58.4111747Z 
Run Tests	Run Export Module Tests	2026-02-09T16:07:58.4128268Z [31m[2m‚éØ‚éØ‚éØ‚éØ‚éØ‚éØ‚éØ‚éØ‚éØ‚éØ‚éØ‚éØ‚éØ‚éØ‚éØ‚éØ‚éØ‚éØ‚éØ‚éØ‚éØ‚éØ‚éØ[7/12]‚éØ[22m[39m
Run Tests	Run Export Module Tests	2026-02-09T16:07:58.4128635Z 
Run Tests	Run Export Module Tests	2026-02-09T16:07:58.4131939Z ##[error]TypeError: Cannot read properties of undefined (reading 'exists')
Run Tests	Run Export Module Tests	 ‚ùØ LiteExportStrategy.validate src/strategies/lite-export.strategy.ts:24:32
Run Tests	Run Export Module Tests	 ‚ùØ src/strategies/lite-export.strategy.test.ts:58:37
Run Tests	Run Export Module Tests	
Run Tests	Run Export Module Tests	
Run Tests	Run Export Module Tests	2026-02-09T16:07:58.4134671Z 
Run Tests	Run Export Module Tests	2026-02-09T16:07:58.4135046Z 
Run Tests	Run Export Module Tests	2026-02-09T16:07:58.4136278Z [31m[1m[7m FAIL [27m[22m[39m src/export.worker.test.ts[2m > [22mExportWorker[2m > [22mprocessJob[2m > [22mshould enforce S2 isolation in S3 key
Run Tests	Run Export Module Tests	2026-02-09T16:07:58.4138216Z [31m[1mError[22m: [vitest] No "rm" export is defined on the "fs/promises" mock. Did you forget to return it from "vi.mock"?
Run Tests	Run Export Module Tests	2026-02-09T16:07:58.4139613Z If you need to partially mock a module, you can use "importOriginal" helper inside:
Run Tests	Run Export Module Tests	2026-02-09T16:07:58.4140578Z [39m
Run Tests	Run Export Module Tests	2026-02-09T16:07:58.4141132Z vi.mock("fs/promises", async (importOriginal) => {
Run Tests	Run Export Module Tests	2026-02-09T16:07:58.4141919Z   const actual = await importOriginal()
Run Tests	Run Export Module Tests	2026-02-09T16:07:58.4142520Z   return {
Run Tests	Run Export Module Tests	2026-02-09T16:07:58.4143004Z     ...actual,
Run Tests	Run Export Module Tests	2026-02-09T16:07:58.4143701Z     // your mocked methods
Run Tests	Run Export Module Tests	2026-02-09T16:07:58.4144277Z   }
Run Tests	Run Export Module Tests	2026-02-09T16:07:58.4144771Z })
Run Tests	Run Export Module Tests	2026-02-09T16:07:58.4145128Z 
Run Tests	Run Export Module Tests	2026-02-09T16:07:58.4145937Z [36m [2m‚ùØ[22m ExportWorker.processJob src/export.worker.ts:[2m227:15[22m[39m
Run Tests	Run Export Module Tests	2026-02-09T16:07:58.4147321Z     [90m225| [39m      [90m// Cleanup on failure (S14.8: Native Node.js cleanup)[39m
Run Tests	Run Export Module Tests	2026-02-09T16:07:58.4148369Z     [90m226| [39m      [35mif[39m (localFilePath) {
Run Tests	Run Export Module Tests	2026-02-09T16:07:58.4149861Z     [90m227| [39m        [35mawait[39m [34mrm[39m(localFilePath[33m,[39m { force[33m:[39m [35mtrue[39m })[33m.[39m[35mcatch[39m(() [33m=>[39m {})[33m;[39m
Run Tests	Run Export Module Tests	2026-02-09T16:07:58.4151259Z     [90m   | [39m              [31m^[39m
Run Tests	Run Export Module Tests	2026-02-09T16:07:58.4152680Z     [90m228| [39m        [35mthis[39m[33m.[39mlogger[33m.[39m[34mlog[39m([32m`Cleaned up failed export file: [39m[36m${[39mlocalFilePat‚Ä¶
Run Tests	Run Export Module Tests	2026-02-09T16:07:58.4154478Z     [90m229| [39m      }
Run Tests	Run Export Module Tests	2026-02-09T16:07:58.4155226Z [90m [2m‚ùØ[22m src/export.worker.test.ts:[2m240:7[22m[39m
Run Tests	Run Export Module Tests	2026-02-09T16:07:58.4155873Z 
Run Tests	Run Export Module Tests	2026-02-09T16:07:58.4156402Z [31m[2m‚éØ‚éØ‚éØ‚éØ‚éØ‚éØ‚éØ‚éØ‚éØ‚éØ‚éØ‚éØ‚éØ‚éØ‚éØ‚éØ‚éØ‚éØ‚éØ‚éØ‚éØ‚éØ‚éØ[8/12]‚éØ[22m[39m
Run Tests	Run Export Module Tests	2026-02-09T16:07:58.4157426Z 
Run Tests	Run Export Module Tests	2026-02-09T16:07:58.4158667Z [31m[1m[7m FAIL [27m[22m[39m src/export.worker.test.ts[2m > [22mExportWorker[2m > [22mconfirmDownload[2m > [22mshould delete file after download confirmation
Run Tests	Run Export Module Tests	2026-02-09T16:07:58.4160786Z [31m[1mError[22m: [vitest] No "rm" export is defined on the "fs/promises" mock. Did you forget to return it from "vi.mock"?
Run Tests	Run Export Module Tests	2026-02-09T16:07:58.4162142Z If you need to partially mock a module, you can use "importOriginal" helper inside:
Run Tests	Run Export Module Tests	2026-02-09T16:07:58.4163100Z [39m
Run Tests	Run Export Module Tests	2026-02-09T16:07:58.4164170Z vi.mock("fs/promises", async (importOriginal) => {
Run Tests	Run Export Module Tests	2026-02-09T16:07:58.4167810Z ##[error]TypeError: Cannot read properties of undefined (reading 'exists')
Run Tests	Run Export Module Tests	 ‚ùØ LiteExportStrategy.validate src/strategies/lite-export.strategy.ts:24:32
Run Tests	Run Export Module Tests	 ‚ùØ src/strategies/lite-export.strategy.test.ts:77:37
Run Tests	Run Export Module Tests	
Run Tests	Run Export Module Tests	
Run Tests	Run Export Module Tests	2026-02-09T16:07:58.4170194Z   const actual = await importOriginal()
Run Tests	Run Export Module Tests	2026-02-09T16:07:58.4170600Z   return {
Run Tests	Run Export Module Tests	2026-02-09T16:07:58.4170857Z     ...actual,
Run Tests	Run Export Module Tests	2026-02-09T16:07:58.4171164Z     // your mocked methods
Run Tests	Run Export Module Tests	2026-02-09T16:07:58.4171480Z   }
Run Tests	Run Export Module Tests	2026-02-09T16:07:58.4171730Z })
Run Tests	Run Export Module Tests	2026-02-09T16:07:58.4171868Z 
Run Tests	Run Export Module Tests	2026-02-09T16:07:58.4173796Z [36m [2m‚ùØ[22m ExportWorker.processJob src/export.worker.ts:[2m227:15[22m[39m
Run Tests	Run Export Module Tests	2026-02-09T16:07:58.4174930Z     [90m225| [39m      [90m// Cleanup on failure (S14.8: Native Node.js cleanup)[39m
Run Tests	Run Export Module Tests	2026-02-09T16:07:58.4175476Z     [90m226| [39m      [35mif[39m (localFilePath) {
Run Tests	Run Export Module Tests	2026-02-09T16:07:58.4176172Z     [90m227| [39m        [35mawait[39m [34mrm[39m(localFilePath[33m,[39m { force[33m:[39m [35mtrue[39m })[33m.[39m[35mcatch[39m(() [33m=>[39m {})[33m;[39m
Run Tests	Run Export Module Tests	2026-02-09T16:07:58.4176803Z     [90m   | [39m              [31m^[39m
Run Tests	Run Export Module Tests	2026-02-09T16:07:58.4177416Z     [90m228| [39m        [35mthis[39m[33m.[39mlogger[33m.[39m[34mlog[39m([32m`Cleaned up failed export file: [39m[36m${[39mlocalFilePat‚Ä¶
Run Tests	Run Export Module Tests	2026-02-09T16:07:58.4177947Z     [90m229| [39m      }
Run Tests	Run Export Module Tests	2026-02-09T16:07:58.4178261Z [90m [2m‚ùØ[22m src/export.worker.test.ts:[2m317:7[22m[39m
Run Tests	Run Export Module Tests	2026-02-09T16:07:58.4178488Z 
Run Tests	Run Export Module Tests	2026-02-09T16:07:58.4178643Z [31m[2m‚éØ‚éØ‚éØ‚éØ‚éØ‚éØ‚éØ‚éØ‚éØ‚éØ‚éØ‚éØ‚éØ‚éØ‚éØ‚éØ‚éØ‚éØ‚éØ‚éØ‚éØ‚éØ‚éØ[9/12]‚éØ[22m[39m
Run Tests	Run Export Module Tests	2026-02-09T16:07:58.4178828Z 
Run Tests	Run Export Module Tests	2026-02-09T16:07:58.4179400Z [31m[1m[7m FAIL [27m[22m[39m src/strategies/lite-export.strategy.test.ts[2m > [22mLiteExportStrategy[2m > [22mvalidate[2m > [22mshould validate existing tenant
Run Tests	Run Export Module Tests	2026-02-09T16:07:58.4180602Z [31m[1mTypeError[22m: Cannot read properties of undefined (reading 'exists')[39m
Run Tests	Run Export Module Tests	2026-02-09T16:07:58.4213781Z [36m [2m‚ùØ[22m LiteExportStrategy.validate src/strategies/lite-export.strategy.ts:[2m24:32[22m[39m
Run Tests	Run Export Module Tests	2026-02-09T16:07:58.4214765Z     [90m 22| [39m
Run Tests	Run Export Module Tests	2026-02-09T16:07:58.4215830Z     [90m 23| [39m  [35masync[39m [34mvalidate[39m(options[33m:[39m [33mExportOptions[39m)[33m:[39m [33mPromise[39m[33m<[39mboolean[33m>[39m {
Run Tests	Run Export Module Tests	2026-02-09T16:07:58.4217446Z     [90m 24| [39m    [35mreturn[39m [35mthis[39m[33m.[39mtenantRegistry[33m.[39m[34mexists[39m(options[33m.[39mtenantId)[33m;[39m
Run Tests	Run Export Module Tests	2026-02-09T16:07:58.4218486Z     [90m   | [39m                               [31m^[39m
Run Tests	Run Export Module Tests	2026-02-09T16:07:58.4218964Z     [90m 25| [39m  }
Run Tests	Run Export Module Tests	2026-02-09T16:07:58.4219307Z     [90m 26| [39m
Run Tests	Run Export Module Tests	2026-02-09T16:07:58.4223779Z [2m Test Files [22m [1m[31m3 failed[39m[22m[2m | [22m[1m[32m4 passed[39m[22m[2m | [22m[33m1 skipped[39m[90m (8)[39m
Run Tests	Run Export Module Tests	2026-02-09T16:07:58.4225555Z [2m      Tests [22m [1m[31m12 failed[39m[22m[2m | [22m[1m[32m65 passed[39m[22m[2m | [22m[33m9 skipped[39m[90m (86)[39m
Run Tests	Run Export Module Tests	2026-02-09T16:07:58.4226665Z [2m   Start at [22m 16:07:56
Run Tests	Run Export Module Tests	2026-02-09T16:07:58.4227771Z [2m   Duration [22m 2.31s[2m (transform 492ms, setup 173ms, collect 2.51s, tests 338ms, environment 2ms, prepare 1.49s)[22m
Run Tests	Run Export Module Tests	2026-02-09T16:07:58.4228660Z 
Run Tests	Run Export Module Tests	2026-02-09T16:07:58.4231778Z [90m [2m‚ùØ[22m src/strategies/lite-export.strategy.test.ts:[2m58:37[22m[39m
Run Tests	Run Export Module Tests	2026-02-09T16:07:58.4233141Z 
Run Tests	Run Export Module Tests	2026-02-09T16:07:58.4233820Z [31m[2m‚éØ‚éØ‚éØ‚éØ‚éØ‚éØ‚éØ‚éØ‚éØ‚éØ‚éØ‚éØ‚éØ‚éØ‚éØ‚éØ‚éØ‚éØ‚éØ‚éØ‚éØ‚éØ[10/12]‚éØ[22m[39m
Run Tests	Run Export Module Tests	2026-02-09T16:07:58.4234170Z 
Run Tests	Run Export Module Tests	2026-02-09T16:07:58.4235365Z [31m[1m[7m FAIL [27m[22m[39m src/strategies/lite-export.strategy.test.ts[2m > [22mLiteExportStrategy[2m > [22mvalidate[2m > [22mshould reject non-existent tenant
Run Tests	Run Export Module Tests	2026-02-09T16:07:58.4236876Z [31m[1mTypeError[22m: Cannot read properties of undefined (reading 'exists')[39m
Run Tests	Run Export Module Tests	2026-02-09T16:07:58.4238152Z [36m [2m‚ùØ[22m LiteExportStrategy.validate src/strategies/lite-export.strategy.ts:[2m24:32[22m[39m
Run Tests	Run Export Module Tests	2026-02-09T16:07:58.4239017Z     [90m 22| [39m
Run Tests	Run Export Module Tests	2026-02-09T16:07:58.4240047Z     [90m 23| [39m  [35masync[39m [34mvalidate[39m(options[33m:[39m [33mExportOptions[39m)[33m:[39m [33mPromise[39m[33m<[39mboolean[33m>[39m {
Run Tests	Run Export Module Tests	2026-02-09T16:07:58.4241927Z     [90m 24| [39m    [35mreturn[39m [35mthis[39m[33m.[39mtenantRegistry[33m.[39m[34mexists[39m(options[33m.[39mtenantId)[33m;[39m
Run Tests	Run Export Module Tests	2026-02-09T16:07:58.4242976Z     [90m   | [39m                               [31m^[39m
Run Tests	Run Export Module Tests	2026-02-09T16:07:58.4243652Z     [90m 25| [39m  }
Run Tests	Run Export Module Tests	2026-02-09T16:07:58.4244034Z     [90m 26| [39m
Run Tests	Run Export Module Tests	2026-02-09T16:07:58.4244664Z [90m [2m‚ùØ[22m src/strategies/lite-export.strategy.test.ts:[2m77:37[22m[39m
Run Tests	Run Export Module Tests	2026-02-09T16:07:58.4245170Z 
Run Tests	Run Export Module Tests	2026-02-09T16:07:58.4245455Z [31m[2m‚éØ‚éØ‚éØ‚éØ‚éØ‚éØ‚éØ‚éØ‚éØ‚éØ‚éØ‚éØ‚éØ‚éØ‚éØ‚éØ‚éØ‚éØ‚éØ‚éØ‚éØ‚éØ[11/12]‚éØ[22m[39m
Run Tests	Run Export Module Tests	2026-02-09T16:07:58.4246002Z 
Run Tests	Run Export Module Tests	2026-02-09T16:07:58.4282832Z [31m[1m[7m FAIL [27m[22m[39m src/strategies/lite-export.strategy.test.ts[2m > [22mLiteExportStrategy[2m > [22mvalidate[2m > [22mshould release connection on error
Run Tests	Run Export Module Tests	2026-02-09T16:07:58.4284860Z [31m[1mAssertionError[22m: expected [Function] to throw error including 'DB error' but got 'Cannot read properties of undefined (‚Ä¶'[39m
Run Tests	Run Export Module Tests	2026-02-09T16:07:58.4285677Z 
Run Tests	Run Export Module Tests	2026-02-09T16:07:58.4285789Z - Expected
Run Tests	Run Export Module Tests	2026-02-09T16:07:58.4286039Z + Received
Run Tests	Run Export Module Tests	2026-02-09T16:07:58.4286201Z 
Run Tests	Run Export Module Tests	2026-02-09T16:07:58.4286305Z - DB error
Run Tests	Run Export Module Tests	2026-02-09T16:07:58.4286643Z + Cannot read properties of undefined (reading 'exists')
Run Tests	Run Export Module Tests	2026-02-09T16:07:58.4287007Z 
Run Tests	Run Export Module Tests	2026-02-09T16:07:58.4287277Z [31m[2m‚éØ‚éØ‚éØ‚éØ‚éØ‚éØ‚éØ‚éØ‚éØ‚éØ‚éØ‚éØ‚éØ‚éØ‚éØ‚éØ‚éØ‚éØ‚éØ‚éØ‚éØ‚éØ[12/12]‚éØ[22m[39m
Run Tests	Run Export Module Tests	2026-02-09T16:07:58.4287600Z 
Run Tests	Run Export Module Tests	2026-02-09T16:07:58.4649494Z ##[error]Process completed with exit code 1.
Run Tests	Post Checkout code	Ôªø2026-02-09T16:07:58.4731484Z Post job cleanup.
Run Tests	Post Checkout code	2026-02-09T16:07:58.5688162Z [command]/usr/bin/git version
Run Tests	Post Checkout code	2026-02-09T16:07:58.5724207Z git version 2.52.0
Run Tests	Post Checkout code	2026-02-09T16:07:58.5767478Z Temporarily overriding HOME='/home/runner/work/_temp/6d91fa0f-fb19-4be5-bdb7-a8d1e641095f' before making global git config changes
Run Tests	Post Checkout code	2026-02-09T16:07:58.5768490Z Adding repository directory to the temporary git global config as a safe directory
Run Tests	Post Checkout code	2026-02-09T16:07:58.5772896Z [command]/usr/bin/git config --global --add safe.directory /home/runner/work/KIMI/KIMI
Run Tests	Post Checkout code	2026-02-09T16:07:58.5811684Z [command]/usr/bin/git config --local --name-only --get-regexp core\.sshCommand
Run Tests	Post Checkout code	2026-02-09T16:07:58.5846151Z [command]/usr/bin/git submodule foreach --recursive sh -c "git config --local --name-only --get-regexp 'core\.sshCommand' && git config --local --unset-all 'core.sshCommand' || :"
Run Tests	Post Checkout code	2026-02-09T16:07:58.6076936Z [command]/usr/bin/git config --local --name-only --get-regexp http\.https\:\/\/github\.com\/\.extraheader
Run Tests	Post Checkout code	2026-02-09T16:07:58.6098337Z http.https://github.com/.extraheader
Run Tests	Post Checkout code	2026-02-09T16:07:58.6110740Z [command]/usr/bin/git config --local --unset-all http.https://github.com/.extraheader
Run Tests	Post Checkout code	2026-02-09T16:07:58.6140944Z [command]/usr/bin/git submodule foreach --recursive sh -c "git config --local --name-only --get-regexp 'http\.https\:\/\/github\.com\/\.extraheader' && git config --local --unset-all 'http.https://github.com/.extraheader' || :"
Run Tests	Post Checkout code	2026-02-09T16:07:58.6363220Z [command]/usr/bin/git config --local --name-only --get-regexp ^includeIf\.gitdir:
Run Tests	Post Checkout code	2026-02-09T16:07:58.6395733Z [command]/usr/bin/git submodule foreach --recursive git config --local --show-origin --name-only --get-regexp remote.origin.url
Run Tests	Stop containers	Ôªø2026-02-09T16:07:58.6708472Z Print service container logs: 3811a4adfb594e6db486e4bf51b1b8d4_postgres16alpine_73294f
Run Tests	Stop containers	2026-02-09T16:07:58.6713187Z ##[command]/usr/bin/docker logs --details 941b895789b7ef7e1c3f5bc3d979a158e2d9ab153ac6d2e7ade1081f2e38bd54
Run Tests	Stop containers	2026-02-09T16:07:58.6836242Z  The files belonging to this database system will be owned by user "postgres".
Run Tests	Stop containers	2026-02-09T16:07:58.6839461Z  sh: locale: not found
Run Tests	Stop containers	2026-02-09T16:07:58.6839995Z  2026-02-09 16:07:31.702 UTC [35] WARNING:  no usable system locales were found
Run Tests	Stop containers	2026-02-09T16:07:58.6840757Z  initdb: warning: enabling "trust" authentication for local connections
Run Tests	Stop containers	2026-02-09T16:07:58.6841928Z  initdb: hint: You can change this by editing pg_hba.conf or using the option -A, or --auth-local and --auth-host, the next time you run initdb.
Run Tests	Stop containers	2026-02-09T16:07:58.6843597Z  2026-02-09 16:07:32.494 UTC [1] LOG:  starting PostgreSQL 16.11 on x86_64-pc-linux-musl, compiled by gcc (Alpine 15.2.0) 15.2.0, 64-bit
Run Tests	Stop containers	2026-02-09T16:07:58.6844701Z  2026-02-09 16:07:32.494 UTC [1] LOG:  listening on IPv4 address "0.0.0.0", port 5432
Run Tests	Stop containers	2026-02-09T16:07:58.6845574Z  2026-02-09 16:07:32.494 UTC [1] LOG:  listening on IPv6 address "::", port 5432
Run Tests	Stop containers	2026-02-09T16:07:58.6846390Z  2026-02-09 16:07:32.495 UTC [1] LOG:  listening on Unix socket "/var/run/postgresql/.s.PGSQL.5432"
Run Tests	Stop containers	2026-02-09T16:07:58.6847336Z  2026-02-09 16:07:32.499 UTC [57] LOG:  database system was shut down at 2026-02-09 16:07:32 UTC
Run Tests	Stop containers	2026-02-09T16:07:58.6848147Z  2026-02-09 16:07:32.505 UTC [1] LOG:  database system is ready to accept connections
Run Tests	Stop containers	2026-02-09T16:07:58.6848852Z  2026-02-09 16:07:41.293 UTC [67] FATAL:  role "root" does not exist
Run Tests	Stop containers	2026-02-09T16:07:58.6849463Z  2026-02-09 16:07:51.370 UTC [73] FATAL:  role "root" does not exist
Run Tests	Stop containers	2026-02-09T16:07:58.6850016Z  This user must also own the server process.
Run Tests	Stop containers	2026-02-09T16:07:58.6850437Z  
Run Tests	Stop containers	2026-02-09T16:07:58.6850848Z  The database cluster will be initialized with locale "en_US.utf8".
Run Tests	Stop containers	2026-02-09T16:07:58.6851557Z  The default database encoding has accordingly been set to "UTF8".
Run Tests	Stop containers	2026-02-09T16:07:58.6852255Z  The default text search configuration will be set to "english".
Run Tests	Stop containers	2026-02-09T16:07:58.6852767Z  
Run Tests	Stop containers	2026-02-09T16:07:58.6853034Z  Data page checksums are disabled.
Run Tests	Stop containers	2026-02-09T16:07:58.6853552Z  
Run Tests	Stop containers	2026-02-09T16:07:58.6854183Z  fixing permissions on existing directory /var/lib/postgresql/data ... ok
Run Tests	Stop containers	2026-02-09T16:07:58.6854813Z  creating subdirectories ... ok
Run Tests	Stop containers	2026-02-09T16:07:58.6855284Z  selecting dynamic shared memory implementation ... posix
Run Tests	Stop containers	2026-02-09T16:07:58.6855831Z  selecting default max_connections ... 100
Run Tests	Stop containers	2026-02-09T16:07:58.6856206Z  selecting default shared_buffers ... 128MB
Run Tests	Stop containers	2026-02-09T16:07:58.6856479Z  selecting default time zone ... UTC
Run Tests	Stop containers	2026-02-09T16:07:58.6856735Z  creating configuration files ... ok
Run Tests	Stop containers	2026-02-09T16:07:58.6856973Z  running bootstrap script ... ok
Run Tests	Stop containers	2026-02-09T16:07:58.6857252Z  performing post-bootstrap initialization ... ok
Run Tests	Stop containers	2026-02-09T16:07:58.6857535Z  syncing data to disk ... ok
Run Tests	Stop containers	2026-02-09T16:07:58.6857732Z  
Run Tests	Stop containers	2026-02-09T16:07:58.6857882Z  
Run Tests	Stop containers	2026-02-09T16:07:58.6858075Z  Success. You can now start the database server using:
Run Tests	Stop containers	2026-02-09T16:07:58.6858351Z  
Run Tests	Stop containers	2026-02-09T16:07:58.6858561Z      pg_ctl -D /var/lib/postgresql/data -l logfile start
Run Tests	Stop containers	2026-02-09T16:07:58.6858820Z  
Run Tests	Stop containers	2026-02-09T16:07:58.6859340Z  waiting for server to start....2026-02-09 16:07:32.219 UTC [41] LOG:  starting PostgreSQL 16.11 on x86_64-pc-linux-musl, compiled by gcc (Alpine 15.2.0) 15.2.0, 64-bit
Run Tests	Stop containers	2026-02-09T16:07:58.6860088Z  2026-02-09 16:07:32.220 UTC [41] LOG:  listening on Unix socket "/var/run/postgresql/.s.PGSQL.5432"
Run Tests	Stop containers	2026-02-09T16:07:58.6860609Z  2026-02-09 16:07:32.223 UTC [44] LOG:  database system was shut down at 2026-02-09 16:07:32 UTC
Run Tests	Stop containers	2026-02-09T16:07:58.6861078Z  2026-02-09 16:07:32.228 UTC [41] LOG:  database system is ready to accept connections
Run Tests	Stop containers	2026-02-09T16:07:58.6861411Z   done
Run Tests	Stop containers	2026-02-09T16:07:58.6861563Z  server started
Run Tests	Stop containers	2026-02-09T16:07:58.6861735Z  CREATE DATABASE
Run Tests	Stop containers	2026-02-09T16:07:58.6861889Z  
Run Tests	Stop containers	2026-02-09T16:07:58.6862026Z  
Run Tests	Stop containers	2026-02-09T16:07:58.6862307Z  /usr/local/bin/docker-entrypoint.sh: ignoring /docker-entrypoint-initdb.d/*
Run Tests	Stop containers	2026-02-09T16:07:58.6862957Z  
Run Tests	Stop containers	2026-02-09T16:07:58.6863274Z  waiting for server to shut down...2026-02-09 16:07:32.370 UTC [41] LOG:  received fast shutdown request
Run Tests	Stop containers	2026-02-09T16:07:58.6864137Z  .2026-02-09 16:07:32.371 UTC [41] LOG:  aborting any active transactions
Run Tests	Stop containers	2026-02-09T16:07:58.6864683Z  2026-02-09 16:07:32.374 UTC [41] LOG:  background worker "logical replication launcher" (PID 47) exited with exit code 1
Run Tests	Stop containers	2026-02-09T16:07:58.6865178Z  2026-02-09 16:07:32.374 UTC [42] LOG:  shutting down
Run Tests	Stop containers	2026-02-09T16:07:58.6865519Z  2026-02-09 16:07:32.375 UTC [42] LOG:  checkpoint starting: shutdown immediate
Run Tests	Stop containers	2026-02-09T16:07:58.6866548Z  2026-02-09 16:07:32.394 UTC [42] LOG:  checkpoint complete: wrote 926 buffers (5.7%); 0 WAL file(s) added, 0 removed, 0 recycled; write=0.015 s, sync=0.003 s, total=0.020 s; sync files=301, longest=0.001 s, average=0.001 s; distance=4272 kB, estimate=4272 kB; lsn=0/191E920, redo lsn=0/191E920
Run Tests	Stop containers	2026-02-09T16:07:58.6867586Z  2026-02-09 16:07:32.402 UTC [41] LOG:  database system is shut down
Run Tests	Stop containers	2026-02-09T16:07:58.6867874Z   done
Run Tests	Stop containers	2026-02-09T16:07:58.6868030Z  server stopped
Run Tests	Stop containers	2026-02-09T16:07:58.6868193Z  
Run Tests	Stop containers	2026-02-09T16:07:58.6868388Z  PostgreSQL init process complete; ready for start up.
Run Tests	Stop containers	2026-02-09T16:07:58.6868679Z  
Run Tests	Stop containers	2026-02-09T16:07:58.6875098Z Stop and remove container: 3811a4adfb594e6db486e4bf51b1b8d4_postgres16alpine_73294f
Run Tests	Stop containers	2026-02-09T16:07:58.6879983Z ##[command]/usr/bin/docker rm --force 941b895789b7ef7e1c3f5bc3d979a158e2d9ab153ac6d2e7ade1081f2e38bd54
Run Tests	Stop containers	2026-02-09T16:08:01.0302927Z 941b895789b7ef7e1c3f5bc3d979a158e2d9ab153ac6d2e7ade1081f2e38bd54
Run Tests	Stop containers	2026-02-09T16:08:01.0323348Z Print service container logs: ef1caac185c14f6bba69a88c65f727d4_redis7alpine_edf17e
Run Tests	Stop containers	2026-02-09T16:08:01.0325080Z ##[command]/usr/bin/docker logs --details 7eccb04611f33febbb1e30b5ce6842fa6d83083fa2a15dd293e245b1384e2095
Run Tests	Stop containers	2026-02-09T16:08:01.0443881Z  1:C 09 Feb 2026 16:07:33.208 # WARNING Memory overcommit must be enabled! Without it, a background save or replication may fail under low memory condition. Being disabled, it can also cause failures without low memory condition, see https://github.com/jemalloc/jemalloc/issues/1328. To fix this issue add 'vm.overcommit_memory = 1' to /etc/sysctl.conf and then reboot or run the command 'sysctl vm.overcommit_memory=1' for this to take effect.
Run Tests	Stop containers	2026-02-09T16:08:01.0446871Z  1:C 09 Feb 2026 16:07:33.209 * oO0OoO0OoO0Oo Redis is starting oO0OoO0OoO0Oo
Run Tests	Stop containers	2026-02-09T16:08:01.0447746Z  1:C 09 Feb 2026 16:07:33.209 * Redis version=7.4.7, bits=64, commit=00000000, modified=0, pid=1, just started
Run Tests	Stop containers	2026-02-09T16:08:01.0449106Z  1:C 09 Feb 2026 16:07:33.209 # Warning: no config file specified, using the default config. In order to specify a config file use redis-server /path/to/redis.conf
Run Tests	Stop containers	2026-02-09T16:08:01.0450278Z  1:M 09 Feb 2026 16:07:33.209 * monotonic clock: POSIX clock_gettime
Run Tests	Stop containers	2026-02-09T16:08:01.0450906Z  1:M 09 Feb 2026 16:07:33.209 * Running mode=standalone, port=6379.
Run Tests	Stop containers	2026-02-09T16:08:01.0451455Z  1:M 09 Feb 2026 16:07:33.210 * Server initialized
Run Tests	Stop containers	2026-02-09T16:08:01.0452002Z  1:M 09 Feb 2026 16:07:33.210 * Ready to accept connections tcp
Run Tests	Stop containers	2026-02-09T16:08:01.0457355Z Stop and remove container: ef1caac185c14f6bba69a88c65f727d4_redis7alpine_edf17e
Run Tests	Stop containers	2026-02-09T16:08:01.0458102Z ##[command]/usr/bin/docker rm --force 7eccb04611f33febbb1e30b5ce6842fa6d83083fa2a15dd293e245b1384e2095
Run Tests	Stop containers	2026-02-09T16:08:01.1771165Z 7eccb04611f33febbb1e30b5ce6842fa6d83083fa2a15dd293e245b1384e2095
Run Tests	Stop containers	2026-02-09T16:08:01.1794299Z Remove container network: github_network_3715c13e702b4da48cc9d4bb111d4669
Run Tests	Stop containers	2026-02-09T16:08:01.1798611Z ##[command]/usr/bin/docker network rm github_network_3715c13e702b4da48cc9d4bb111d4669
Run Tests	Stop containers	2026-02-09T16:08:01.2930134Z github_network_3715c13e702b4da48cc9d4bb111d4669
Run Tests	Complete job	Ôªø2026-02-09T16:08:01.2988052Z Cleaning up orphan processes
Pre-Commit Summary	Set up job	Ôªø2026-02-09T16:08:07.1556353Z Current runner version: '2.331.0'
Pre-Commit Summary	Set up job	2026-02-09T16:08:07.1579982Z ##[group]Runner Image Provisioner
Pre-Commit Summary	Set up job	2026-02-09T16:08:07.1581101Z Hosted Compute Agent
Pre-Commit Summary	Set up job	2026-02-09T16:08:07.1581671Z Version: 20260123.484
Pre-Commit Summary	Set up job	2026-02-09T16:08:07.1582268Z Commit: 6bd6555ca37d84114959e1c76d2c01448ff61c5d
Pre-Commit Summary	Set up job	2026-02-09T16:08:07.1582960Z Build Date: 2026-01-23T19:41:17Z
Pre-Commit Summary	Set up job	2026-02-09T16:08:07.1583629Z Worker ID: {5e627802-2f8d-446d-b220-df7d4cb6440a}
Pre-Commit Summary	Set up job	2026-02-09T16:08:07.1584365Z Azure Region: northcentralus
Pre-Commit Summary	Set up job	2026-02-09T16:08:07.1584951Z ##[endgroup]
Pre-Commit Summary	Set up job	2026-02-09T16:08:07.1586458Z ##[group]Operating System
Pre-Commit Summary	Set up job	2026-02-09T16:08:07.1587033Z Ubuntu
Pre-Commit Summary	Set up job	2026-02-09T16:08:07.1587563Z 24.04.3
Pre-Commit Summary	Set up job	2026-02-09T16:08:07.1588015Z LTS
Pre-Commit Summary	Set up job	2026-02-09T16:08:07.1588507Z ##[endgroup]
Pre-Commit Summary	Set up job	2026-02-09T16:08:07.1588960Z ##[group]Runner Image
Pre-Commit Summary	Set up job	2026-02-09T16:08:07.1589577Z Image: ubuntu-24.04
Pre-Commit Summary	Set up job	2026-02-09T16:08:07.1590088Z Version: 20260201.15.1
Pre-Commit Summary	Set up job	2026-02-09T16:08:07.1591257Z Included Software: https://github.com/actions/runner-images/blob/ubuntu24/20260201.15/images/ubuntu/Ubuntu2404-Readme.md
Pre-Commit Summary	Set up job	2026-02-09T16:08:07.1592972Z Image Release: https://github.com/actions/runner-images/releases/tag/ubuntu24%2F20260201.15
Pre-Commit Summary	Set up job	2026-02-09T16:08:07.1593897Z ##[endgroup]
Pre-Commit Summary	Set up job	2026-02-09T16:08:07.1594954Z ##[group]GITHUB_TOKEN Permissions
Pre-Commit Summary	Set up job	2026-02-09T16:08:07.1596670Z Contents: read
Pre-Commit Summary	Set up job	2026-02-09T16:08:07.1597307Z Metadata: read
Pre-Commit Summary	Set up job	2026-02-09T16:08:07.1597855Z Packages: read
Pre-Commit Summary	Set up job	2026-02-09T16:08:07.1598320Z ##[endgroup]
Pre-Commit Summary	Set up job	2026-02-09T16:08:07.1600302Z Secret source: Actions
Pre-Commit Summary	Set up job	2026-02-09T16:08:07.1601408Z Prepare workflow directory
Pre-Commit Summary	Set up job	2026-02-09T16:08:07.2028074Z Prepare all required actions
Pre-Commit Summary	Set up job	2026-02-09T16:08:07.2160849Z Complete job name: Pre-Commit Summary
Pre-Commit Summary	Generate Summary	Ôªø2026-02-09T16:08:07.3213563Z ##[group]Run echo "‚ïê‚ïê‚ïê‚ïê‚ïê‚ïê‚ïê‚ïê‚ïê‚ïê‚ïê‚ïê‚ïê‚ïê‚ïê‚ïê‚ïê‚ïê‚ïê‚ïê‚ïê‚ïê‚ïê‚ïê‚ïê‚ïê‚ïê‚ïê‚ïê‚ïê‚ïê‚ïê‚ïê‚ïê‚ïê‚ïê‚ïê‚ïê‚ïê‚ïê‚ïê‚ïê‚ïê‚ïê‚ïê‚ïê‚ïê‚ïê‚ïê‚ïê‚ïê‚ïê‚ïê‚ïê‚ïê‚ïê‚ïê‚ïê‚ïê‚ïê‚ïê‚ïê‚ïê"
Pre-Commit Summary	Generate Summary	2026-02-09T16:08:07.3215323Z [36;1mecho "‚ïê‚ïê‚ïê‚ïê‚ïê‚ïê‚ïê‚ïê‚ïê‚ïê‚ïê‚ïê‚ïê‚ïê‚ïê‚ïê‚ïê‚ïê‚ïê‚ïê‚ïê‚ïê‚ïê‚ïê‚ïê‚ïê‚ïê‚ïê‚ïê‚ïê‚ïê‚ïê‚ïê‚ïê‚ïê‚ïê‚ïê‚ïê‚ïê‚ïê‚ïê‚ïê‚ïê‚ïê‚ïê‚ïê‚ïê‚ïê‚ïê‚ïê‚ïê‚ïê‚ïê‚ïê‚ïê‚ïê‚ïê‚ïê‚ïê‚ïê‚ïê‚ïê‚ïê"[0m
Pre-Commit Summary	Generate Summary	2026-02-09T16:08:07.3216683Z [36;1mecho "           PRE-COMMIT CHECKS SUMMARY"[0m
Pre-Commit Summary	Generate Summary	2026-02-09T16:08:07.3217967Z [36;1mecho "‚ïê‚ïê‚ïê‚ïê‚ïê‚ïê‚ïê‚ïê‚ïê‚ïê‚ïê‚ïê‚ïê‚ïê‚ïê‚ïê‚ïê‚ïê‚ïê‚ïê‚ïê‚ïê‚ïê‚ïê‚ïê‚ïê‚ïê‚ïê‚ïê‚ïê‚ïê‚ïê‚ïê‚ïê‚ïê‚ïê‚ïê‚ïê‚ïê‚ïê‚ïê‚ïê‚ïê‚ïê‚ïê‚ïê‚ïê‚ïê‚ïê‚ïê‚ïê‚ïê‚ïê‚ïê‚ïê‚ïê‚ïê‚ïê‚ïê‚ïê‚ïê‚ïê‚ïê"[0m
Pre-Commit Summary	Generate Summary	2026-02-09T16:08:07.3219513Z [36;1mecho ""[0m
Pre-Commit Summary	Generate Summary	2026-02-09T16:08:07.3220420Z [36;1mecho "Code Quality:      failure"[0m
Pre-Commit Summary	Generate Summary	2026-02-09T16:08:07.3221695Z [36;1mecho "Security Scan:     success"[0m
Pre-Commit Summary	Generate Summary	2026-02-09T16:08:07.3222816Z [36;1mecho "Tests:             failure"[0m
Pre-Commit Summary	Generate Summary	2026-02-09T16:08:07.3223923Z [36;1mecho "Documentation:     success"[0m
Pre-Commit Summary	Generate Summary	2026-02-09T16:08:07.3225036Z [36;1mecho ""[0m
Pre-Commit Summary	Generate Summary	2026-02-09T16:08:07.3225789Z [36;1m[0m
Pre-Commit Summary	Generate Summary	2026-02-09T16:08:07.3226625Z [36;1mif [ "failure" == "failure" ] || \[0m
Pre-Commit Summary	Generate Summary	2026-02-09T16:08:07.3227666Z [36;1m   [ "success" == "failure" ] || \[0m
Pre-Commit Summary	Generate Summary	2026-02-09T16:08:07.3228859Z [36;1m   [ "failure" == "failure" ]; then[0m
Pre-Commit Summary	Generate Summary	2026-02-09T16:08:07.3230027Z [36;1m  echo "‚ùå PRE-COMMIT CHECKS FAILED"[0m
Pre-Commit Summary	Generate Summary	2026-02-09T16:08:07.3231364Z [36;1m  exit 1[0m
Pre-Commit Summary	Generate Summary	2026-02-09T16:08:07.3232126Z [36;1mfi[0m
Pre-Commit Summary	Generate Summary	2026-02-09T16:08:07.3232887Z [36;1m[0m
Pre-Commit Summary	Generate Summary	2026-02-09T16:08:07.3233765Z [36;1mecho "‚úÖ ALL PRE-COMMIT CHECKS PASSED"[0m
Pre-Commit Summary	Generate Summary	2026-02-09T16:08:07.3235074Z [36;1mecho "‚ïê‚ïê‚ïê‚ïê‚ïê‚ïê‚ïê‚ïê‚ïê‚ïê‚ïê‚ïê‚ïê‚ïê‚ïê‚ïê‚ïê‚ïê‚ïê‚ïê‚ïê‚ïê‚ïê‚ïê‚ïê‚ïê‚ïê‚ïê‚ïê‚ïê‚ïê‚ïê‚ïê‚ïê‚ïê‚ïê‚ïê‚ïê‚ïê‚ïê‚ïê‚ïê‚ïê‚ïê‚ïê‚ïê‚ïê‚ïê‚ïê‚ïê‚ïê‚ïê‚ïê‚ïê‚ïê‚ïê‚ïê‚ïê‚ïê‚ïê‚ïê‚ïê‚ïê"[0m
Pre-Commit Summary	Generate Summary	2026-02-09T16:08:07.3717867Z shell: /usr/bin/bash -e {0}
Pre-Commit Summary	Generate Summary	2026-02-09T16:08:07.3719897Z ##[endgroup]
Pre-Commit Summary	Generate Summary	2026-02-09T16:08:07.4037225Z ‚ïê‚ïê‚ïê‚ïê‚ïê‚ïê‚ïê‚ïê‚ïê‚ïê‚ïê‚ïê‚ïê‚ïê‚ïê‚ïê‚ïê‚ïê‚ïê‚ïê‚ïê‚ïê‚ïê‚ïê‚ïê‚ïê‚ïê‚ïê‚ïê‚ïê‚ïê‚ïê‚ïê‚ïê‚ïê‚ïê‚ïê‚ïê‚ïê‚ïê‚ïê‚ïê‚ïê‚ïê‚ïê‚ïê‚ïê‚ïê‚ïê‚ïê‚ïê‚ïê‚ïê‚ïê‚ïê‚ïê‚ïê‚ïê‚ïê‚ïê‚ïê‚ïê‚ïê
Pre-Commit Summary	Generate Summary	2026-02-09T16:08:07.4038021Z            PRE-COMMIT CHECKS SUMMARY
Pre-Commit Summary	Generate Summary	2026-02-09T16:08:07.4038842Z ‚ïê‚ïê‚ïê‚ïê‚ïê‚ïê‚ïê‚ïê‚ïê‚ïê‚ïê‚ïê‚ïê‚ïê‚ïê‚ïê‚ïê‚ïê‚ïê‚ïê‚ïê‚ïê‚ïê‚ïê‚ïê‚ïê‚ïê‚ïê‚ïê‚ïê‚ïê‚ïê‚ïê‚ïê‚ïê‚ïê‚ïê‚ïê‚ïê‚ïê‚ïê‚ïê‚ïê‚ïê‚ïê‚ïê‚ïê‚ïê‚ïê‚ïê‚ïê‚ïê‚ïê‚ïê‚ïê‚ïê‚ïê‚ïê‚ïê‚ïê‚ïê‚ïê‚ïê
Pre-Commit Summary	Generate Summary	2026-02-09T16:08:07.4039318Z 
Pre-Commit Summary	Generate Summary	2026-02-09T16:08:07.4039534Z Code Quality:      failure
Pre-Commit Summary	Generate Summary	2026-02-09T16:08:07.4040047Z Security Scan:     success
Pre-Commit Summary	Generate Summary	2026-02-09T16:08:07.4040784Z Tests:             failure
Pre-Commit Summary	Generate Summary	2026-02-09T16:08:07.4041377Z Documentation:     success
Pre-Commit Summary	Generate Summary	2026-02-09T16:08:07.4041715Z 
Pre-Commit Summary	Generate Summary	2026-02-09T16:08:07.4041970Z ‚ùå PRE-COMMIT CHECKS FAILED
Pre-Commit Summary	Generate Summary	2026-02-09T16:08:07.4059190Z ##[error]Process completed with exit code 1.
Pre-Commit Summary	Complete job	Ôªø2026-02-09T16:08:07.4206638Z Cleaning up orphan processes
